Archive member included to satisfy reference by file (symbol)

C:\Users\holyc\Documents\EE Semester 9\ECSE 444\B-L475E_Flash_Sample_Ctrl\Core\Lib\libarm_cortexM4lf_math.a(arm_sin_f32.o)
                              Core/Src/main.o (arm_sin_f32)
C:\Users\holyc\Documents\EE Semester 9\ECSE 444\B-L475E_Flash_Sample_Ctrl\Core\Lib\libarm_cortexM4lf_math.a(arm_common_tables.o)
                              C:\Users\holyc\Documents\EE Semester 9\ECSE 444\B-L475E_Flash_Sample_Ctrl\Core\Lib\libarm_cortexM4lf_math.a(arm_sin_f32.o) (sinTable_f32)
c:/st/stm32cubeide_1.4.0/stm32cubeide/plugins/com.st.stm32cube.ide.mcu.externaltools.gnu-tools-for-stm32.7-2018-q2-update.win32_1.4.0.202007081208/tools/bin/../lib/gcc/arm-none-eabi/7.3.1/../../../../arm-none-eabi/lib/thumb/v7e-m/fpv4-sp/hard\libc_nano.a(lib_a-errno.o)
                              Core/Src/syscalls.o (__errno)
c:/st/stm32cubeide_1.4.0/stm32cubeide/plugins/com.st.stm32cube.ide.mcu.externaltools.gnu-tools-for-stm32.7-2018-q2-update.win32_1.4.0.202007081208/tools/bin/../lib/gcc/arm-none-eabi/7.3.1/../../../../arm-none-eabi/lib/thumb/v7e-m/fpv4-sp/hard\libc_nano.a(lib_a-exit.o)
                              c:/st/stm32cubeide_1.4.0/stm32cubeide/plugins/com.st.stm32cube.ide.mcu.externaltools.gnu-tools-for-stm32.7-2018-q2-update.win32_1.4.0.202007081208/tools/bin/../lib/gcc/arm-none-eabi/7.3.1/../../../../arm-none-eabi/lib/thumb/v7e-m/fpv4-sp/hard/crt0.o (exit)
c:/st/stm32cubeide_1.4.0/stm32cubeide/plugins/com.st.stm32cube.ide.mcu.externaltools.gnu-tools-for-stm32.7-2018-q2-update.win32_1.4.0.202007081208/tools/bin/../lib/gcc/arm-none-eabi/7.3.1/../../../../arm-none-eabi/lib/thumb/v7e-m/fpv4-sp/hard\libc_nano.a(lib_a-impure.o)
                              c:/st/stm32cubeide_1.4.0/stm32cubeide/plugins/com.st.stm32cube.ide.mcu.externaltools.gnu-tools-for-stm32.7-2018-q2-update.win32_1.4.0.202007081208/tools/bin/../lib/gcc/arm-none-eabi/7.3.1/../../../../arm-none-eabi/lib/thumb/v7e-m/fpv4-sp/hard\libc_nano.a(lib_a-exit.o) (_global_impure_ptr)
c:/st/stm32cubeide_1.4.0/stm32cubeide/plugins/com.st.stm32cube.ide.mcu.externaltools.gnu-tools-for-stm32.7-2018-q2-update.win32_1.4.0.202007081208/tools/bin/../lib/gcc/arm-none-eabi/7.3.1/../../../../arm-none-eabi/lib/thumb/v7e-m/fpv4-sp/hard\libc_nano.a(lib_a-init.o)
                              c:/st/stm32cubeide_1.4.0/stm32cubeide/plugins/com.st.stm32cube.ide.mcu.externaltools.gnu-tools-for-stm32.7-2018-q2-update.win32_1.4.0.202007081208/tools/bin/../lib/gcc/arm-none-eabi/7.3.1/../../../../arm-none-eabi/lib/thumb/v7e-m/fpv4-sp/hard/crt0.o (__libc_init_array)
c:/st/stm32cubeide_1.4.0/stm32cubeide/plugins/com.st.stm32cube.ide.mcu.externaltools.gnu-tools-for-stm32.7-2018-q2-update.win32_1.4.0.202007081208/tools/bin/../lib/gcc/arm-none-eabi/7.3.1/../../../../arm-none-eabi/lib/thumb/v7e-m/fpv4-sp/hard\libc_nano.a(lib_a-memset.o)
                              c:/st/stm32cubeide_1.4.0/stm32cubeide/plugins/com.st.stm32cube.ide.mcu.externaltools.gnu-tools-for-stm32.7-2018-q2-update.win32_1.4.0.202007081208/tools/bin/../lib/gcc/arm-none-eabi/7.3.1/../../../../arm-none-eabi/lib/thumb/v7e-m/fpv4-sp/hard/crt0.o (memset)
c:/st/stm32cubeide_1.4.0/stm32cubeide/plugins/com.st.stm32cube.ide.mcu.externaltools.gnu-tools-for-stm32.7-2018-q2-update.win32_1.4.0.202007081208/tools/bin/../lib/gcc/arm-none-eabi/7.3.1/thumb/v7e-m/fpv4-sp/hard\libgcc.a(_aeabi_uldivmod.o)
                              Drivers/STM32L4xx_HAL_Driver/Src/stm32l4xx_hal_uart.o (__aeabi_uldivmod)
c:/st/stm32cubeide_1.4.0/stm32cubeide/plugins/com.st.stm32cube.ide.mcu.externaltools.gnu-tools-for-stm32.7-2018-q2-update.win32_1.4.0.202007081208/tools/bin/../lib/gcc/arm-none-eabi/7.3.1/thumb/v7e-m/fpv4-sp/hard\libgcc.a(_udivmoddi4.o)
                              c:/st/stm32cubeide_1.4.0/stm32cubeide/plugins/com.st.stm32cube.ide.mcu.externaltools.gnu-tools-for-stm32.7-2018-q2-update.win32_1.4.0.202007081208/tools/bin/../lib/gcc/arm-none-eabi/7.3.1/thumb/v7e-m/fpv4-sp/hard\libgcc.a(_aeabi_uldivmod.o) (__udivmoddi4)
c:/st/stm32cubeide_1.4.0/stm32cubeide/plugins/com.st.stm32cube.ide.mcu.externaltools.gnu-tools-for-stm32.7-2018-q2-update.win32_1.4.0.202007081208/tools/bin/../lib/gcc/arm-none-eabi/7.3.1/thumb/v7e-m/fpv4-sp/hard\libgcc.a(_dvmd_tls.o)
                              c:/st/stm32cubeide_1.4.0/stm32cubeide/plugins/com.st.stm32cube.ide.mcu.externaltools.gnu-tools-for-stm32.7-2018-q2-update.win32_1.4.0.202007081208/tools/bin/../lib/gcc/arm-none-eabi/7.3.1/thumb/v7e-m/fpv4-sp/hard\libgcc.a(_aeabi_uldivmod.o) (__aeabi_ldiv0)

Allocating common symbols
Common symbol       size              file

hDiscoUart          0x80              Core/Src/stm32l475e_iot01.o
hdac1               0x14              Core/Src/main.o
hi2c2               0x4c              Core/Src/main.o
uwTick              0x4               Drivers/STM32L4xx_HAL_Driver/Src/stm32l4xx_hal.o
tempBuffer          0xfa0             Core/Src/main.o
hdma_dac_ch1        0x48              Core/Src/main.o
[...]
Memory Configuration

Name             Origin             Length             Attributes
RAM              0x0000000020000000 0x0000000000018000 xrw
RAM2             0x0000000010000000 0x0000000000008000 xrw
FLASH            0x0000000008000000 0x0000000000100000 xr
*default*        0x0000000000000000 0xffffffffffffffff

Linker script and memory map

LOAD c:/st/stm32cubeide_1.4.0/stm32cubeide/plugins/com.st.stm32cube.ide.mcu.externaltools.gnu-tools-for-stm32.7-2018-q2-update.win32_1.4.0.202007081208/tools/bin/../lib/gcc/arm-none-eabi/7.3.1/thumb/v7e-m/fpv4-sp/hard/crti.o
LOAD c:/st/stm32cubeide_1.4.0/stm32cubeide/plugins/com.st.stm32cube.ide.mcu.externaltools.gnu-tools-for-stm32.7-2018-q2-update.win32_1.4.0.202007081208/tools/bin/../lib/gcc/arm-none-eabi/7.3.1/thumb/v7e-m/fpv4-sp/hard/crtbegin.o
LOAD c:/st/stm32cubeide_1.4.0/stm32cubeide/plugins/com.st.stm32cube.ide.mcu.externaltools.gnu-tools-for-stm32.7-2018-q2-update.win32_1.4.0.202007081208/tools/bin/../lib/gcc/arm-none-eabi/7.3.1/../../../../arm-none-eabi/lib/thumb/v7e-m/fpv4-sp/hard/crt0.o
LOAD Core/Components/hts221/hts221.o
LOAD Core/Components/lis3mdl/lis3mdl.o
LOAD Core/Components/lps22hb/lps22hb.o
LOAD Core/Components/lsm6dsl/lsm6dsl.o
LOAD Core/Src/main.o
LOAD Core/Src/stm32l475e_iot01.o
LOAD Core/Src/stm32l475e_iot01_accelero.o
LOAD Core/Src/stm32l475e_iot01_gyro.o
LOAD Core/Src/stm32l475e_iot01_hsensor.o
LOAD Core/Src/stm32l475e_iot01_magneto.o
LOAD Core/Src/stm32l475e_iot01_psensor.o
LOAD Core/Src/stm32l475e_iot01_qspi.o
LOAD Core/Src/stm32l475e_iot01_tsensor.o
LOAD Core/Src/stm32l4xx_hal_msp.o
LOAD Core/Src/stm32l4xx_it.o
LOAD Core/Src/syscalls.o
LOAD Core/Src/sysmem.o
LOAD Core/Src/system_stm32l4xx.o
LOAD Core/Startup/startup_stm32l475vgtx.o
LOAD Drivers/STM32L4xx_HAL_Driver/Src/stm32l4xx_hal.o
LOAD Drivers/STM32L4xx_HAL_Driver/Src/stm32l4xx_hal_adc.o
LOAD Drivers/STM32L4xx_HAL_Driver/Src/stm32l4xx_hal_adc_ex.o
LOAD Drivers/STM32L4xx_HAL_Driver/Src/stm32l4xx_hal_cortex.o
LOAD Drivers/STM32L4xx_HAL_Driver/Src/stm32l4xx_hal_dac.o
LOAD Drivers/STM32L4xx_HAL_Driver/Src/stm32l4xx_hal_dac_ex.o
LOAD Drivers/STM32L4xx_HAL_Driver/Src/stm32l4xx_hal_dma.o
LOAD Drivers/STM32L4xx_HAL_Driver/Src/stm32l4xx_hal_dma_ex.o
LOAD Drivers/STM32L4xx_HAL_Driver/Src/stm32l4xx_hal_exti.o
LOAD Drivers/STM32L4xx_HAL_Driver/Src/stm32l4xx_hal_flash.o
LOAD Drivers/STM32L4xx_HAL_Driver/Src/stm32l4xx_hal_flash_ex.o
LOAD Drivers/STM32L4xx_HAL_Driver/Src/stm32l4xx_hal_flash_ramfunc.o
LOAD Drivers/STM32L4xx_HAL_Driver/Src/stm32l4xx_hal_gpio.o
LOAD Drivers/STM32L4xx_HAL_Driver/Src/stm32l4xx_hal_i2c.o
LOAD Drivers/STM32L4xx_HAL_Driver/Src/stm32l4xx_hal_i2c_ex.o
LOAD Drivers/STM32L4xx_HAL_Driver/Src/stm32l4xx_hal_pwr.o
LOAD Drivers/STM32L4xx_HAL_Driver/Src/stm32l4xx_hal_pwr_ex.o
LOAD Drivers/STM32L4xx_HAL_Driver/Src/stm32l4xx_hal_qspi.o
LOAD Drivers/STM32L4xx_HAL_Driver/Src/stm32l4xx_hal_rcc.o
LOAD Drivers/STM32L4xx_HAL_Driver/Src/stm32l4xx_hal_rcc_ex.o
LOAD Drivers/STM32L4xx_HAL_Driver/Src/stm32l4xx_hal_tim.o
LOAD Drivers/STM32L4xx_HAL_Driver/Src/stm32l4xx_hal_tim_ex.o
LOAD Drivers/STM32L4xx_HAL_Driver/Src/stm32l4xx_hal_uart.o
LOAD Drivers/STM32L4xx_HAL_Driver/Src/stm32l4xx_hal_uart_ex.o
LOAD C:\Users\holyc\Documents\EE Semester 9\ECSE 444\B-L475E_Flash_Sample_Ctrl\Core\Lib\libarm_cortexM4lf_math.a
START GROUP
LOAD c:/st/stm32cubeide_1.4.0/stm32cubeide/plugins/com.st.stm32cube.ide.mcu.externaltools.gnu-tools-for-stm32.7-2018-q2-update.win32_1.4.0.202007081208/tools/bin/../lib/gcc/arm-none-eabi/7.3.1/../../../../arm-none-eabi/lib/thumb/v7e-m/fpv4-sp/hard\libc_nano.a
LOAD c:/st/stm32cubeide_1.4.0/stm32cubeide/plugins/com.st.stm32cube.ide.mcu.externaltools.gnu-tools-for-stm32.7-2018-q2-update.win32_1.4.0.202007081208/tools/bin/../lib/gcc/arm-none-eabi/7.3.1/../../../../arm-none-eabi/lib/thumb/v7e-m/fpv4-sp/hard\libm.a
END GROUP
START GROUP
LOAD c:/st/stm32cubeide_1.4.0/stm32cubeide/plugins/com.st.stm32cube.ide.mcu.externaltools.gnu-tools-for-stm32.7-2018-q2-update.win32_1.4.0.202007081208/tools/bin/../lib/gcc/arm-none-eabi/7.3.1/thumb/v7e-m/fpv4-sp/hard\libgcc.a
LOAD c:/st/stm32cubeide_1.4.0/stm32cubeide/plugins/com.st.stm32cube.ide.mcu.externaltools.gnu-tools-for-stm32.7-2018-q2-update.win32_1.4.0.202007081208/tools/bin/../lib/gcc/arm-none-eabi/7.3.1/../../../../arm-none-eabi/lib/thumb/v7e-m/fpv4-sp/hard\libc_nano.a
END GROUP
START GROUP
LOAD c:/st/stm32cubeide_1.4.0/stm32cubeide/plugins/com.st.stm32cube.ide.mcu.externaltools.gnu-tools-for-stm32.7-2018-q2-update.win32_1.4.0.202007081208/tools/bin/../lib/gcc/arm-none-eabi/7.3.1/thumb/v7e-m/fpv4-sp/hard\libgcc.a
LOAD c:/st/stm32cubeide_1.4.0/stm32cubeide/plugins/com.st.stm32cube.ide.mcu.externaltools.gnu-tools-for-stm32.7-2018-q2-update.win32_1.4.0.202007081208/tools/bin/../lib/gcc/arm-none-eabi/7.3.1/../../../../arm-none-eabi/lib/thumb/v7e-m/fpv4-sp/hard\libc_nano.a
LOAD c:/st/stm32cubeide_1.4.0/stm32cubeide/plugins/com.st.stm32cube.ide.mcu.externaltools.gnu-tools-for-stm32.7-2018-q2-update.win32_1.4.0.202007081208/tools/bin/../lib/gcc/arm-none-eabi/7.3.1/../../../../arm-none-eabi/lib/thumb/v7e-m/fpv4-sp/hard\libnosys.a
END GROUP
START GROUP
LOAD c:/st/stm32cubeide_1.4.0/stm32cubeide/plugins/com.st.stm32cube.ide.mcu.externaltools.gnu-tools-for-stm32.7-2018-q2-update.win32_1.4.0.202007081208/tools/bin/../lib/gcc/arm-none-eabi/7.3.1/thumb/v7e-m/fpv4-sp/hard\libgcc.a
LOAD c:/st/stm32cubeide_1.4.0/stm32cubeide/plugins/com.st.stm32cube.ide.mcu.externaltools.gnu-tools-for-stm32.7-2018-q2-update.win32_1.4.0.202007081208/tools/bin/../lib/gcc/arm-none-eabi/7.3.1/../../../../arm-none-eabi/lib/thumb/v7e-m/fpv4-sp/hard\libc_nano.a
LOAD c:/st/stm32cubeide_1.4.0/stm32cubeide/plugins/com.st.stm32cube.ide.mcu.externaltools.gnu-tools-for-stm32.7-2018-q2-update.win32_1.4.0.202007081208/tools/bin/../lib/gcc/arm-none-eabi/7.3.1/../../../../arm-none-eabi/lib/thumb/v7e-m/fpv4-sp/hard\libnosys.a
END GROUP
LOAD c:/st/stm32cubeide_1.4.0/stm32cubeide/plugins/com.st.stm32cube.ide.mcu.externaltools.gnu-tools-for-stm32.7-2018-q2-update.win32_1.4.0.202007081208/tools/bin/../lib/gcc/arm-none-eabi/7.3.1/thumb/v7e-m/fpv4-sp/hard/crtend.o
LOAD c:/st/stm32cubeide_1.4.0/stm32cubeide/plugins/com.st.stm32cube.ide.mcu.externaltools.gnu-tools-for-stm32.7-2018-q2-update.win32_1.4.0.202007081208/tools/bin/../lib/gcc/arm-none-eabi/7.3.1/thumb/v7e-m/fpv4-sp/hard/crtn.o
                0x0000000020018000                _estack = (ORIGIN (RAM) + LENGTH (RAM))
                0x0000000000000200                _Min_Heap_Size = 0x200
                0x0000000000000400                _Min_Stack_Size = 0x400

.isr_vector     0x0000000008000000      0x188
                0x0000000008000000                . = ALIGN (0x4)
 *(.isr_vector)
 .isr_vector    0x0000000008000000      0x188 Core/Startup/startup_stm32l475vgtx.o
                0x0000000008000000                g_pfnVectors
                0x0000000008000188                . = ALIGN (0x4)

.text           0x0000000008000188     0x8a40
                0x0000000008000188                . = ALIGN (0x4)
 *(.text)
 .text          0x0000000008000188       0x40 c:/st/stm32cubeide_1.4.0/stm32cubeide/plugins/com.st.stm32cube.ide.mcu.externaltools.gnu-tools-for-stm32.7-2018-q2-update.win32_1.4.0.202007081208/tools/bin/../lib/gcc/arm-none-eabi/7.3.1/thumb/v7e-m/fpv4-sp/hard/crtbegin.o
 .text          0x00000000080001c8       0x30 c:/st/stm32cubeide_1.4.0/stm32cubeide/plugins/com.st.stm32cube.ide.mcu.externaltools.gnu-tools-for-stm32.7-2018-q2-update.win32_1.4.0.202007081208/tools/bin/../lib/gcc/arm-none-eabi/7.3.1/thumb/v7e-m/fpv4-sp/hard\libgcc.a(_aeabi_uldivmod.o)
                0x00000000080001c8                __aeabi_uldivmod
 .text          0x00000000080001f8      0x2cc c:/st/stm32cubeide_1.4.0/stm32cubeide/plugins/com.st.stm32cube.ide.mcu.externaltools.gnu-tools-for-stm32.7-2018-q2-update.win32_1.4.0.202007081208/tools/bin/../lib/gcc/arm-none-eabi/7.3.1/thumb/v7e-m/fpv4-sp/hard\libgcc.a(_udivmoddi4.o)
                0x00000000080001f8                __udivmoddi4
 .text          0x00000000080004c4        0x4 c:/st/stm32cubeide_1.4.0/stm32cubeide/plugins/com.st.stm32cube.ide.mcu.externaltools.gnu-tools-for-stm32.7-2018-q2-update.win32_1.4.0.202007081208/tools/bin/../lib/gcc/arm-none-eabi/7.3.1/thumb/v7e-m/fpv4-sp/hard\libgcc.a(_dvmd_tls.o)
                0x00000000080004c4                __aeabi_idiv0
                0x00000000080004c4                __aeabi_ldiv0
 *(.text*)
 .text.LSM6DSL_AccInit
                0x00000000080004c8       0x72 Core/Components/lsm6dsl/lsm6dsl.o
                0x00000000080004c8                LSM6DSL_AccInit
 .text.LSM6DSL_AccDeInit
                0x000000000800053a       0x32 Core/Components/lsm6dsl/lsm6dsl.o
                0x000000000800053a                LSM6DSL_AccDeInit
 .text.LSM6DSL_AccReadID
                0x000000000800056c       0x16 Core/Components/lsm6dsl/lsm6dsl.o
                0x000000000800056c                LSM6DSL_AccReadID
 .text.LSM6DSL_AccLowPower
                0x0000000008000582       0x44 Core/Components/lsm6dsl/lsm6dsl.o
                0x0000000008000582                LSM6DSL_AccLowPower
 *fill*         0x00000000080005c6        0x2 
 .text.LSM6DSL_AccReadXYZ
                0x00000000080005c8      0x134 Core/Components/lsm6dsl/lsm6dsl.o
                0x00000000080005c8                LSM6DSL_AccReadXYZ
 .text.main     0x00000000080006fc      0x3b8 Core/Src/main.o
                0x00000000080006fc                main
 .text.SystemClock_Config
                0x0000000008000ab4      0x118 Core/Src/main.o
                0x0000000008000ab4                SystemClock_Config
 .text.MX_ADC1_Init
                0x0000000008000bcc       0xec Core/Src/main.o
 .text.MX_DAC1_Init
                0x0000000008000cb8       0x64 Core/Src/main.o
 .text.MX_I2C2_Init
                0x0000000008000d1c       0x80 Core/Src/main.o
 .text.MX_QUADSPI_Init
                0x0000000008000d9c       0x4c Core/Src/main.o
 .text.MX_TIM2_Init
                0x0000000008000de8       0x9c Core/Src/main.o
 .text.MX_USART1_UART_Init
                0x0000000008000e84       0x60 Core/Src/main.o
 .text.MX_DMA_Init
                0x0000000008000ee4       0x3c Core/Src/main.o
 .text.MX_GPIO_Init
                0x0000000008000f20      0x10c Core/Src/main.o
 .text.GenerateTone
                0x000000000800102c       0xa0 Core/Src/main.o
                0x000000000800102c                GenerateTone
 .text.MapFreqVal
                0x00000000080010cc       0x60 Core/Src/main.o
                0x00000000080010cc                MapFreqVal
 .text.MapModifVal
                0x000000000800112c       0x98 Core/Src/main.o
                0x000000000800112c                MapModifVal
 .text.ModifyRecFreq
                0x00000000080011c4      0x148 Core/Src/main.o
                0x00000000080011c4                ModifyRecFreq
 .text.HAL_DAC_ConvHalfCpltCallbackCh1
                0x000000000800130c       0x2c Core/Src/main.o
                0x000000000800130c                HAL_DAC_ConvHalfCpltCallbackCh1
 .text.HAL_DAC_ConvCpltCallbackCh1
                0x0000000008001338       0x2c Core/Src/main.o
                0x0000000008001338                HAL_DAC_ConvCpltCallbackCh1
 .text.Error_Handler
                0x0000000008001364       0x18 Core/Src/main.o
                0x0000000008001364                Error_Handler
 .text.I2Cx_MspInit
                0x000000000800137c       0xb0 Core/Src/stm32l475e_iot01.o
 .text.I2Cx_Init
                0x000000000800142c       0x5c Core/Src/stm32l475e_iot01.o
 .text.I2Cx_ReadMultiple
                0x0000000008001488       0x5a Core/Src/stm32l475e_iot01.o
 .text.I2Cx_WriteMultiple
                0x00000000080014e2       0x5a Core/Src/stm32l475e_iot01.o
 .text.I2Cx_Error
                0x000000000800153c       0x20 Core/Src/stm32l475e_iot01.o
 .text.SENSOR_IO_Init
                0x000000000800155c       0x14 Core/Src/stm32l475e_iot01.o
                0x000000000800155c                SENSOR_IO_Init
 .text.SENSOR_IO_Write
                0x0000000008001570       0x34 Core/Src/stm32l475e_iot01.o
                0x0000000008001570                SENSOR_IO_Write
 .text.SENSOR_IO_Read
                0x00000000080015a4       0x3c Core/Src/stm32l475e_iot01.o
                0x00000000080015a4                SENSOR_IO_Read
 .text.SENSOR_IO_ReadMultiple
                0x00000000080015e0       0x3c Core/Src/stm32l475e_iot01.o
                0x00000000080015e0                SENSOR_IO_ReadMultiple
 .text.BSP_ACCELERO_Init
                0x000000000800161c       0x7c Core/Src/stm32l475e_iot01_accelero.o
                0x000000000800161c                BSP_ACCELERO_Init
 .text.BSP_ACCELERO_AccGetXYZ
                0x0000000008001698       0x30 Core/Src/stm32l475e_iot01_accelero.o
                0x0000000008001698                BSP_ACCELERO_AccGetXYZ
 .text.BSP_QSPI_Init
                0x00000000080016c8       0xd8 Core/Src/stm32l475e_iot01_qspi.o
                0x00000000080016c8                BSP_QSPI_Init
 .text.BSP_QSPI_Read
                0x00000000080017a0       0x8c Core/Src/stm32l475e_iot01_qspi.o
                0x00000000080017a0                BSP_QSPI_Read
 .text.BSP_QSPI_Write
                0x000000000800182c       0xfc Core/Src/stm32l475e_iot01_qspi.o
                0x000000000800182c                BSP_QSPI_Write
 .text.BSP_QSPI_Erase_Block
                0x0000000008001928       0x88 Core/Src/stm32l475e_iot01_qspi.o
                0x0000000008001928                BSP_QSPI_Erase_Block
 .text.BSP_QSPI_MspInit
                0x00000000080019b0       0x80 Core/Src/stm32l475e_iot01_qspi.o
                0x00000000080019b0                BSP_QSPI_MspInit
 .text.QSPI_ResetMemory
                0x0000000008001a30       0x88 Core/Src/stm32l475e_iot01_qspi.o
 .text.QSPI_WriteEnable
                0x0000000008001ab8       0x98 Core/Src/stm32l475e_iot01_qspi.o
 .text.QSPI_AutoPollingMemReady
                0x0000000008001b50       0x74 Core/Src/stm32l475e_iot01_qspi.o
 .text.QSPI_QuadMode
                0x0000000008001bc4      0x150 Core/Src/stm32l475e_iot01_qspi.o
 .text.QSPI_HighPerfMode
                0x0000000008001d14      0x194 Core/Src/stm32l475e_iot01_qspi.o
 .text.HAL_MspInit
                0x0000000008001ea8       0x48 Core/Src/stm32l4xx_hal_msp.o
                0x0000000008001ea8                HAL_MspInit
 .text.HAL_ADC_MspInit
                0x0000000008001ef0       0x80 Core/Src/stm32l4xx_hal_msp.o
                0x0000000008001ef0                HAL_ADC_MspInit
 .text.HAL_DAC_MspInit
                0x0000000008001f70       0xd8 Core/Src/stm32l4xx_hal_msp.o
                0x0000000008001f70                HAL_DAC_MspInit
 .text.HAL_I2C_MspInit
                0x0000000008002048       0x88 Core/Src/stm32l4xx_hal_msp.o
                0x0000000008002048                HAL_I2C_MspInit
 .text.HAL_I2C_MspDeInit
                0x00000000080020d0       0x48 Core/Src/stm32l4xx_hal_msp.o
                0x00000000080020d0                HAL_I2C_MspDeInit
 .text.HAL_QSPI_MspInit
                0x0000000008002118       0x88 Core/Src/stm32l4xx_hal_msp.o
                0x0000000008002118                HAL_QSPI_MspInit
 .text.HAL_QSPI_MspDeInit
                0x00000000080021a0       0x3c Core/Src/stm32l4xx_hal_msp.o
                0x00000000080021a0                HAL_QSPI_MspDeInit
 .text.HAL_TIM_Base_MspInit
                0x00000000080021dc       0x48 Core/Src/stm32l4xx_hal_msp.o
                0x00000000080021dc                HAL_TIM_Base_MspInit
 .text.HAL_UART_MspInit
                0x0000000008002224       0x88 Core/Src/stm32l4xx_hal_msp.o
                0x0000000008002224                HAL_UART_MspInit
 .text.NMI_Handler
                0x00000000080022ac        0xe Core/Src/stm32l4xx_it.o
                0x00000000080022ac                NMI_Handler
 .text.HardFault_Handler
                0x00000000080022ba        0x6 Core/Src/stm32l4xx_it.o
                0x00000000080022ba                HardFault_Handler
 .text.MemManage_Handler
                0x00000000080022c0        0x6 Core/Src/stm32l4xx_it.o
                0x00000000080022c0                MemManage_Handler
 .text.BusFault_Handler
                0x00000000080022c6        0x6 Core/Src/stm32l4xx_it.o
                0x00000000080022c6                BusFault_Handler
 .text.UsageFault_Handler
                0x00000000080022cc        0x6 Core/Src/stm32l4xx_it.o
                0x00000000080022cc                UsageFault_Handler
 .text.SVC_Handler
                0x00000000080022d2        0xe Core/Src/stm32l4xx_it.o
                0x00000000080022d2                SVC_Handler
 .text.DebugMon_Handler
                0x00000000080022e0        0xe Core/Src/stm32l4xx_it.o
                0x00000000080022e0                DebugMon_Handler
 .text.PendSV_Handler
                0x00000000080022ee        0xe Core/Src/stm32l4xx_it.o
                0x00000000080022ee                PendSV_Handler
 .text.SysTick_Handler
                0x00000000080022fc        0xc Core/Src/stm32l4xx_it.o
                0x00000000080022fc                SysTick_Handler
 .text.DMA1_Channel3_IRQHandler
                0x0000000008002308       0x14 Core/Src/stm32l4xx_it.o
                0x0000000008002308                DMA1_Channel3_IRQHandler
 .text.TIM2_IRQHandler
                0x000000000800231c       0x14 Core/Src/stm32l4xx_it.o
                0x000000000800231c                TIM2_IRQHandler
 .text.EXTI15_10_IRQHandler
                0x0000000008002330       0x10 Core/Src/stm32l4xx_it.o
                0x0000000008002330                EXTI15_10_IRQHandler
 .text.SystemInit
                0x0000000008002340       0x6c Core/Src/system_stm32l4xx.o
                0x0000000008002340                SystemInit
 .text.Reset_Handler
                0x00000000080023ac       0x50 Core/Startup/startup_stm32l475vgtx.o
                0x00000000080023ac                Reset_Handler
 .text.Default_Handler
                0x00000000080023fc        0x2 Core/Startup/startup_stm32l475vgtx.o
                0x00000000080023fc                RTC_Alarm_IRQHandler
                0x00000000080023fc                EXTI2_IRQHandler
                0x00000000080023fc                TIM8_TRG_COM_IRQHandler
                0x00000000080023fc                TIM8_CC_IRQHandler
                0x00000000080023fc                TIM1_CC_IRQHandler
                0x00000000080023fc                TSC_IRQHandler
                0x00000000080023fc                TAMP_STAMP_IRQHandler
                0x00000000080023fc                EXTI3_IRQHandler
                0x00000000080023fc                LPTIM2_IRQHandler
                0x00000000080023fc                DFSDM1_FLT1_IRQHandler
                0x00000000080023fc                I2C3_ER_IRQHandler
                0x00000000080023fc                DFSDM1_FLT2_IRQHandler
                0x00000000080023fc                EXTI0_IRQHandler
                0x00000000080023fc                I2C2_EV_IRQHandler
                0x00000000080023fc                CAN1_RX0_IRQHandler
                0x00000000080023fc                FPU_IRQHandler
                0x00000000080023fc                TIM1_UP_TIM16_IRQHandler
                0x00000000080023fc                ADC1_2_IRQHandler
                0x00000000080023fc                SPI1_IRQHandler
                0x00000000080023fc                TIM6_DAC_IRQHandler
                0x00000000080023fc                TIM8_UP_IRQHandler
                0x00000000080023fc                DMA2_Channel2_IRQHandler
                0x00000000080023fc                DMA1_Channel4_IRQHandler
                0x00000000080023fc                SAI2_IRQHandler
                0x00000000080023fc                DFSDM1_FLT3_IRQHandler
                0x00000000080023fc                USART3_IRQHandler
                0x00000000080023fc                DMA1_Channel7_IRQHandler
                0x00000000080023fc                CAN1_RX1_IRQHandler
                0x00000000080023fc                UART5_IRQHandler
                0x00000000080023fc                ADC3_IRQHandler
                0x00000000080023fc                TIM4_IRQHandler
                0x00000000080023fc                DMA2_Channel1_IRQHandler
                0x00000000080023fc                QUADSPI_IRQHandler
                0x00000000080023fc                I2C1_EV_IRQHandler
                0x00000000080023fc                DMA1_Channel6_IRQHandler
                0x00000000080023fc                UART4_IRQHandler
                0x00000000080023fc                DMA2_Channel4_IRQHandler
                0x00000000080023fc                TIM3_IRQHandler
                0x00000000080023fc                RCC_IRQHandler
                0x00000000080023fc                DMA1_Channel1_IRQHandler
                0x00000000080023fc                Default_Handler
                0x00000000080023fc                DMA2_Channel7_IRQHandler
                0x00000000080023fc                TIM7_IRQHandler
                0x00000000080023fc                SDMMC1_IRQHandler
                0x00000000080023fc                TIM5_IRQHandler
                0x00000000080023fc                I2C3_EV_IRQHandler
                0x00000000080023fc                EXTI9_5_IRQHandler
                0x00000000080023fc                RTC_WKUP_IRQHandler
                0x00000000080023fc                PVD_PVM_IRQHandler
                0x00000000080023fc                SPI2_IRQHandler
                0x00000000080023fc                CAN1_TX_IRQHandler
                0x00000000080023fc                DMA2_Channel5_IRQHandler
                0x00000000080023fc                DMA1_Channel5_IRQHandler
                0x00000000080023fc                EXTI4_IRQHandler
                0x00000000080023fc                RNG_IRQHandler
                0x00000000080023fc                TIM1_TRG_COM_TIM17_IRQHandler
                0x00000000080023fc                COMP_IRQHandler
                0x00000000080023fc                WWDG_IRQHandler
                0x00000000080023fc                LPUART1_IRQHandler
                0x00000000080023fc                DMA2_Channel6_IRQHandler
                0x00000000080023fc                EXTI1_IRQHandler
                0x00000000080023fc                USART2_IRQHandler
                0x00000000080023fc                DFSDM1_FLT0_IRQHandler
                0x00000000080023fc                I2C2_ER_IRQHandler
                0x00000000080023fc                DMA1_Channel2_IRQHandler
                0x00000000080023fc                TIM8_BRK_IRQHandler
                0x00000000080023fc                CAN1_SCE_IRQHandler
                0x00000000080023fc                FLASH_IRQHandler
                0x00000000080023fc                USART1_IRQHandler
                0x00000000080023fc                OTG_FS_IRQHandler
                0x00000000080023fc                SPI3_IRQHandler
                0x00000000080023fc                I2C1_ER_IRQHandler
                0x00000000080023fc                FMC_IRQHandler
                0x00000000080023fc                SWPMI1_IRQHandler
                0x00000000080023fc                LPTIM1_IRQHandler
                0x00000000080023fc                SAI1_IRQHandler
                0x00000000080023fc                DMA2_Channel3_IRQHandler
                0x00000000080023fc                TIM1_BRK_TIM15_IRQHandler
 .text.HAL_Init
                0x00000000080023fe       0x30 Drivers/STM32L4xx_HAL_Driver/Src/stm32l4xx_hal.o
                0x00000000080023fe                HAL_Init
 *fill*         0x000000000800242e        0x2 
 .text.HAL_InitTick
                0x0000000008002430       0x78 Drivers/STM32L4xx_HAL_Driver/Src/stm32l4xx_hal.o
                0x0000000008002430                HAL_InitTick
 .text.HAL_IncTick
                0x00000000080024a8       0x28 Drivers/STM32L4xx_HAL_Driver/Src/stm32l4xx_hal.o
                0x00000000080024a8                HAL_IncTick
 .text.HAL_GetTick
                0x00000000080024d0       0x18 Drivers/STM32L4xx_HAL_Driver/Src/stm32l4xx_hal.o
                0x00000000080024d0                HAL_GetTick
 .text.HAL_Delay
                0x00000000080024e8       0x44 Drivers/STM32L4xx_HAL_Driver/Src/stm32l4xx_hal.o
                0x00000000080024e8                HAL_Delay
 .text.LL_ADC_SetCommonClock
                0x000000000800252c       0x26 Drivers/STM32L4xx_HAL_Driver/Src/stm32l4xx_hal_adc.o
 .text.LL_ADC_SetCommonPathInternalCh
                0x0000000008002552       0x26 Drivers/STM32L4xx_HAL_Driver/Src/stm32l4xx_hal_adc.o
 .text.LL_ADC_GetCommonPathInternalCh
                0x0000000008002578       0x1c Drivers/STM32L4xx_HAL_Driver/Src/stm32l4xx_hal_adc.o
 .text.LL_ADC_SetOffset
                0x0000000008002594       0x48 Drivers/STM32L4xx_HAL_Driver/Src/stm32l4xx_hal_adc.o
 .text.LL_ADC_GetOffsetChannel
                0x00000000080025dc       0x2c Drivers/STM32L4xx_HAL_Driver/Src/stm32l4xx_hal_adc.o
 .text.LL_ADC_SetOffsetState
                0x0000000008002608       0x36 Drivers/STM32L4xx_HAL_Driver/Src/stm32l4xx_hal_adc.o
 .text.LL_ADC_REG_IsTriggerSourceSWStart
                0x000000000800263e       0x26 Drivers/STM32L4xx_HAL_Driver/Src/stm32l4xx_hal_adc.o
 .text.LL_ADC_REG_SetSequencerRanks
                0x0000000008002664       0x58 Drivers/STM32L4xx_HAL_Driver/Src/stm32l4xx_hal_adc.o
 .text.LL_ADC_SetChannelSamplingTime
                0x00000000080026bc       0x56 Drivers/STM32L4xx_HAL_Driver/Src/stm32l4xx_hal_adc.o
 *fill*         0x0000000008002712        0x2 
 .text.LL_ADC_SetChannelSingleDiff
                0x0000000008002714       0x48 Drivers/STM32L4xx_HAL_Driver/Src/stm32l4xx_hal_adc.o
 .text.LL_ADC_GetMultimode
                0x000000000800275c       0x1c Drivers/STM32L4xx_HAL_Driver/Src/stm32l4xx_hal_adc.o
 .text.LL_ADC_GetMultiDMATransfer
                0x0000000008002778       0x1c Drivers/STM32L4xx_HAL_Driver/Src/stm32l4xx_hal_adc.o
 .text.LL_ADC_DisableDeepPowerDown
                0x0000000008002794       0x24 Drivers/STM32L4xx_HAL_Driver/Src/stm32l4xx_hal_adc.o
 .text.LL_ADC_IsDeepPowerDownEnabled
                0x00000000080027b8       0x28 Drivers/STM32L4xx_HAL_Driver/Src/stm32l4xx_hal_adc.o
 .text.LL_ADC_EnableInternalRegulator
                0x00000000080027e0       0x28 Drivers/STM32L4xx_HAL_Driver/Src/stm32l4xx_hal_adc.o
 .text.LL_ADC_IsInternalRegulatorEnabled
                0x0000000008002808       0x28 Drivers/STM32L4xx_HAL_Driver/Src/stm32l4xx_hal_adc.o
 .text.LL_ADC_Enable
                0x0000000008002830       0x28 Drivers/STM32L4xx_HAL_Driver/Src/stm32l4xx_hal_adc.o
 .text.LL_ADC_Disable
                0x0000000008002858       0x28 Drivers/STM32L4xx_HAL_Driver/Src/stm32l4xx_hal_adc.o
 .text.LL_ADC_IsEnabled
                0x0000000008002880       0x26 Drivers/STM32L4xx_HAL_Driver/Src/stm32l4xx_hal_adc.o
 .text.LL_ADC_IsDisableOngoing
                0x00000000080028a6       0x26 Drivers/STM32L4xx_HAL_Driver/Src/stm32l4xx_hal_adc.o
 .text.LL_ADC_REG_StartConversion
                0x00000000080028cc       0x28 Drivers/STM32L4xx_HAL_Driver/Src/stm32l4xx_hal_adc.o
 .text.LL_ADC_REG_StopConversion
                0x00000000080028f4       0x28 Drivers/STM32L4xx_HAL_Driver/Src/stm32l4xx_hal_adc.o
 .text.LL_ADC_REG_IsConversionOngoing
                0x000000000800291c       0x26 Drivers/STM32L4xx_HAL_Driver/Src/stm32l4xx_hal_adc.o
 .text.LL_ADC_INJ_StopConversion
                0x0000000008002942       0x28 Drivers/STM32L4xx_HAL_Driver/Src/stm32l4xx_hal_adc.o
 .text.LL_ADC_INJ_IsConversionOngoing
                0x000000000800296a       0x26 Drivers/STM32L4xx_HAL_Driver/Src/stm32l4xx_hal_adc.o
 .text.HAL_ADC_Init
                0x0000000008002990      0x2a8 Drivers/STM32L4xx_HAL_Driver/Src/stm32l4xx_hal_adc.o
                0x0000000008002990                HAL_ADC_Init
 .text.HAL_ADC_Start
                0x0000000008002c38      0x174 Drivers/STM32L4xx_HAL_Driver/Src/stm32l4xx_hal_adc.o
                0x0000000008002c38                HAL_ADC_Start
 .text.HAL_ADC_Stop
                0x0000000008002dac       0x66 Drivers/STM32L4xx_HAL_Driver/Src/stm32l4xx_hal_adc.o
                0x0000000008002dac                HAL_ADC_Stop
 *fill*         0x0000000008002e12        0x2 
 .text.HAL_ADC_PollForConversion
                0x0000000008002e14      0x1a0 Drivers/STM32L4xx_HAL_Driver/Src/stm32l4xx_hal_adc.o
                0x0000000008002e14                HAL_ADC_PollForConversion
 .text.HAL_ADC_GetValue
                0x0000000008002fb4       0x1a Drivers/STM32L4xx_HAL_Driver/Src/stm32l4xx_hal_adc.o
                0x0000000008002fb4                HAL_ADC_GetValue
 *fill*         0x0000000008002fce        0x2 
 .text.HAL_ADC_ConfigChannel
                0x0000000008002fd0      0x7dc Drivers/STM32L4xx_HAL_Driver/Src/stm32l4xx_hal_adc.o
                0x0000000008002fd0                HAL_ADC_ConfigChannel
 .text.ADC_ConversionStop
                0x00000000080037ac      0x168 Drivers/STM32L4xx_HAL_Driver/Src/stm32l4xx_hal_adc.o
                0x00000000080037ac                ADC_ConversionStop
 .text.ADC_Enable
                0x0000000008003914       0xb4 Drivers/STM32L4xx_HAL_Driver/Src/stm32l4xx_hal_adc.o
                0x0000000008003914                ADC_Enable
 .text.ADC_Disable
                0x00000000080039c8       0xb0 Drivers/STM32L4xx_HAL_Driver/Src/stm32l4xx_hal_adc.o
                0x00000000080039c8                ADC_Disable
 .text.LL_ADC_IsEnabled
                0x0000000008003a78       0x26 Drivers/STM32L4xx_HAL_Driver/Src/stm32l4xx_hal_adc_ex.o
 .text.LL_ADC_REG_IsConversionOngoing
                0x0000000008003a9e       0x26 Drivers/STM32L4xx_HAL_Driver/Src/stm32l4xx_hal_adc_ex.o
 .text.HAL_ADCEx_MultiModeConfigChannel
                0x0000000008003ac4      0x158 Drivers/STM32L4xx_HAL_Driver/Src/stm32l4xx_hal_adc_ex.o
                0x0000000008003ac4                HAL_ADCEx_MultiModeConfigChannel
 .text.__NVIC_SetPriorityGrouping
                0x0000000008003c1c       0x48 Drivers/STM32L4xx_HAL_Driver/Src/stm32l4xx_hal_cortex.o
 .text.__NVIC_GetPriorityGrouping
                0x0000000008003c64       0x1c Drivers/STM32L4xx_HAL_Driver/Src/stm32l4xx_hal_cortex.o
 .text.__NVIC_EnableIRQ
                0x0000000008003c80       0x3c Drivers/STM32L4xx_HAL_Driver/Src/stm32l4xx_hal_cortex.o
 .text.__NVIC_SetPriority
                0x0000000008003cbc       0x54 Drivers/STM32L4xx_HAL_Driver/Src/stm32l4xx_hal_cortex.o
 .text.NVIC_EncodePriority
                0x0000000008003d10       0x66 Drivers/STM32L4xx_HAL_Driver/Src/stm32l4xx_hal_cortex.o
 *fill*         0x0000000008003d76        0x2 
 .text.SysTick_Config
                0x0000000008003d78       0x44 Drivers/STM32L4xx_HAL_Driver/Src/stm32l4xx_hal_cortex.o
 .text.HAL_NVIC_SetPriorityGrouping
                0x0000000008003dbc       0x16 Drivers/STM32L4xx_HAL_Driver/Src/stm32l4xx_hal_cortex.o
                0x0000000008003dbc                HAL_NVIC_SetPriorityGrouping
 .text.HAL_NVIC_SetPriority
                0x0000000008003dd2       0x38 Drivers/STM32L4xx_HAL_Driver/Src/stm32l4xx_hal_cortex.o
                0x0000000008003dd2                HAL_NVIC_SetPriority
 .text.HAL_NVIC_EnableIRQ
                0x0000000008003e0a       0x1c Drivers/STM32L4xx_HAL_Driver/Src/stm32l4xx_hal_cortex.o
                0x0000000008003e0a                HAL_NVIC_EnableIRQ
 .text.HAL_SYSTICK_Config
                0x0000000008003e26       0x18 Drivers/STM32L4xx_HAL_Driver/Src/stm32l4xx_hal_cortex.o
                0x0000000008003e26                HAL_SYSTICK_Config
 .text.HAL_DAC_Init
                0x0000000008003e3e       0x44 Drivers/STM32L4xx_HAL_Driver/Src/stm32l4xx_hal_dac.o
                0x0000000008003e3e                HAL_DAC_Init
 *fill*         0x0000000008003e82        0x2 
 .text.HAL_DAC_Start_DMA
                0x0000000008003e84      0x17c Drivers/STM32L4xx_HAL_Driver/Src/stm32l4xx_hal_dac.o
                0x0000000008003e84                HAL_DAC_Start_DMA
 .text.HAL_DAC_Stop_DMA
                0x0000000008004000       0x8a Drivers/STM32L4xx_HAL_Driver/Src/stm32l4xx_hal_dac.o
                0x0000000008004000                HAL_DAC_Stop_DMA
 .text.HAL_DAC_ErrorCallbackCh1
                0x000000000800408a       0x14 Drivers/STM32L4xx_HAL_Driver/Src/stm32l4xx_hal_dac.o
                0x000000000800408a                HAL_DAC_ErrorCallbackCh1
 .text.HAL_DAC_ConfigChannel
                0x000000000800409e      0x234 Drivers/STM32L4xx_HAL_Driver/Src/stm32l4xx_hal_dac.o
                0x000000000800409e                HAL_DAC_ConfigChannel
 .text.DAC_DMAConvCpltCh1
                0x00000000080042d2       0x22 Drivers/STM32L4xx_HAL_Driver/Src/stm32l4xx_hal_dac.o
                0x00000000080042d2                DAC_DMAConvCpltCh1
 .text.DAC_DMAHalfConvCpltCh1
                0x00000000080042f4       0x1c Drivers/STM32L4xx_HAL_Driver/Src/stm32l4xx_hal_dac.o
                0x00000000080042f4                DAC_DMAHalfConvCpltCh1
 .text.DAC_DMAErrorCh1
                0x0000000008004310       0x2e Drivers/STM32L4xx_HAL_Driver/Src/stm32l4xx_hal_dac.o
                0x0000000008004310                DAC_DMAErrorCh1
 .text.HAL_DACEx_ConvCpltCallbackCh2
                0x000000000800433e       0x14 Drivers/STM32L4xx_HAL_Driver/Src/stm32l4xx_hal_dac_ex.o
                0x000000000800433e                HAL_DACEx_ConvCpltCallbackCh2
 .text.HAL_DACEx_ConvHalfCpltCallbackCh2
                0x0000000008004352       0x14 Drivers/STM32L4xx_HAL_Driver/Src/stm32l4xx_hal_dac_ex.o
                0x0000000008004352                HAL_DACEx_ConvHalfCpltCallbackCh2
 .text.HAL_DACEx_ErrorCallbackCh2
                0x0000000008004366       0x14 Drivers/STM32L4xx_HAL_Driver/Src/stm32l4xx_hal_dac_ex.o
                0x0000000008004366                HAL_DACEx_ErrorCallbackCh2
 .text.DAC_DMAConvCpltCh2
                0x000000000800437a       0x22 Drivers/STM32L4xx_HAL_Driver/Src/stm32l4xx_hal_dac_ex.o
                0x000000000800437a                DAC_DMAConvCpltCh2
 .text.DAC_DMAHalfConvCpltCh2
                0x000000000800439c       0x1c Drivers/STM32L4xx_HAL_Driver/Src/stm32l4xx_hal_dac_ex.o
                0x000000000800439c                DAC_DMAHalfConvCpltCh2
 .text.DAC_DMAErrorCh2
                0x00000000080043b8       0x2e Drivers/STM32L4xx_HAL_Driver/Src/stm32l4xx_hal_dac_ex.o
                0x00000000080043b8                DAC_DMAErrorCh2
 *fill*         0x00000000080043e6        0x2 
 .text.HAL_DMA_Init
                0x00000000080043e8      0x170 Drivers/STM32L4xx_HAL_Driver/Src/stm32l4xx_hal_dma.o
                0x00000000080043e8                HAL_DMA_Init
 .text.HAL_DMA_Start_IT
                0x0000000008004558       0xc0 Drivers/STM32L4xx_HAL_Driver/Src/stm32l4xx_hal_dma.o
                0x0000000008004558                HAL_DMA_Start_IT
 .text.HAL_DMA_Abort
                0x0000000008004618       0x7c Drivers/STM32L4xx_HAL_Driver/Src/stm32l4xx_hal_dma.o
                0x0000000008004618                HAL_DMA_Abort
 .text.HAL_DMA_IRQHandler
                0x0000000008004694      0x15e Drivers/STM32L4xx_HAL_Driver/Src/stm32l4xx_hal_dma.o
                0x0000000008004694                HAL_DMA_IRQHandler
 .text.DMA_SetConfig
                0x00000000080047f2       0x60 Drivers/STM32L4xx_HAL_Driver/Src/stm32l4xx_hal_dma.o
 *fill*         0x0000000008004852        0x2 
 .text.HAL_GPIO_Init
                0x0000000008004854      0x350 Drivers/STM32L4xx_HAL_Driver/Src/stm32l4xx_hal_gpio.o
                0x0000000008004854                HAL_GPIO_Init
 .text.HAL_GPIO_DeInit
                0x0000000008004ba4      0x1e8 Drivers/STM32L4xx_HAL_Driver/Src/stm32l4xx_hal_gpio.o
                0x0000000008004ba4                HAL_GPIO_DeInit
 .text.HAL_GPIO_WritePin
                0x0000000008004d8c       0x30 Drivers/STM32L4xx_HAL_Driver/Src/stm32l4xx_hal_gpio.o
                0x0000000008004d8c                HAL_GPIO_WritePin
 .text.HAL_GPIO_EXTI_IRQHandler
                0x0000000008004dbc       0x30 Drivers/STM32L4xx_HAL_Driver/Src/stm32l4xx_hal_gpio.o
                0x0000000008004dbc                HAL_GPIO_EXTI_IRQHandler
 .text.HAL_GPIO_EXTI_Callback
                0x0000000008004dec       0x16 Drivers/STM32L4xx_HAL_Driver/Src/stm32l4xx_hal_gpio.o
                0x0000000008004dec                HAL_GPIO_EXTI_Callback
 .text.HAL_I2C_Init
                0x0000000008004e02      0x11e Drivers/STM32L4xx_HAL_Driver/Src/stm32l4xx_hal_i2c.o
                0x0000000008004e02                HAL_I2C_Init
 .text.HAL_I2C_DeInit
                0x0000000008004f20       0x5e Drivers/STM32L4xx_HAL_Driver/Src/stm32l4xx_hal_i2c.o
                0x0000000008004f20                HAL_I2C_DeInit
 *fill*         0x0000000008004f7e        0x2 
 .text.HAL_I2C_Mem_Write
                0x0000000008004f80      0x228 Drivers/STM32L4xx_HAL_Driver/Src/stm32l4xx_hal_i2c.o
                0x0000000008004f80                HAL_I2C_Mem_Write
 .text.HAL_I2C_Mem_Read
                0x00000000080051a8      0x234 Drivers/STM32L4xx_HAL_Driver/Src/stm32l4xx_hal_i2c.o
                0x00000000080051a8                HAL_I2C_Mem_Read
 .text.I2C_RequestMemoryWrite
                0x00000000080053dc       0xa8 Drivers/STM32L4xx_HAL_Driver/Src/stm32l4xx_hal_i2c.o
 .text.I2C_RequestMemoryRead
                0x0000000008005484       0xa8 Drivers/STM32L4xx_HAL_Driver/Src/stm32l4xx_hal_i2c.o
 .text.I2C_Flush_TXDR
                0x000000000800552c       0x48 Drivers/STM32L4xx_HAL_Driver/Src/stm32l4xx_hal_i2c.o
 .text.I2C_WaitOnFlagUntilTimeout
                0x0000000008005574       0x80 Drivers/STM32L4xx_HAL_Driver/Src/stm32l4xx_hal_i2c.o
 .text.I2C_WaitOnTXISFlagUntilTimeout
                0x00000000080055f4       0x80 Drivers/STM32L4xx_HAL_Driver/Src/stm32l4xx_hal_i2c.o
 .text.I2C_WaitOnSTOPFlagUntilTimeout
                0x0000000008005674       0x78 Drivers/STM32L4xx_HAL_Driver/Src/stm32l4xx_hal_i2c.o
 .text.I2C_IsAcknowledgeFailed
                0x00000000080056ec       0xcc Drivers/STM32L4xx_HAL_Driver/Src/stm32l4xx_hal_i2c.o
 .text.I2C_TransferConfig
                0x00000000080057b8       0x5c Drivers/STM32L4xx_HAL_Driver/Src/stm32l4xx_hal_i2c.o
 .text.HAL_I2CEx_ConfigAnalogFilter
                0x0000000008005814       0x96 Drivers/STM32L4xx_HAL_Driver/Src/stm32l4xx_hal_i2c_ex.o
                0x0000000008005814                HAL_I2CEx_ConfigAnalogFilter
 .text.HAL_I2CEx_ConfigDigitalFilter
                0x00000000080058aa       0x98 Drivers/STM32L4xx_HAL_Driver/Src/stm32l4xx_hal_i2c_ex.o
                0x00000000080058aa                HAL_I2CEx_ConfigDigitalFilter
 *fill*         0x0000000008005942        0x2 
 .text.HAL_PWREx_GetVoltageRange
                0x0000000008005944       0x1c Drivers/STM32L4xx_HAL_Driver/Src/stm32l4xx_hal_pwr_ex.o
                0x0000000008005944                HAL_PWREx_GetVoltageRange
 .text.HAL_PWREx_ControlVoltageScaling
                0x0000000008005960       0xac Drivers/STM32L4xx_HAL_Driver/Src/stm32l4xx_hal_pwr_ex.o
                0x0000000008005960                HAL_PWREx_ControlVoltageScaling
 .text.HAL_QSPI_Init
                0x0000000008005a0c       0xec Drivers/STM32L4xx_HAL_Driver/Src/stm32l4xx_hal_qspi.o
                0x0000000008005a0c                HAL_QSPI_Init
 .text.HAL_QSPI_DeInit
                0x0000000008005af8       0x48 Drivers/STM32L4xx_HAL_Driver/Src/stm32l4xx_hal_qspi.o
                0x0000000008005af8                HAL_QSPI_DeInit
 .text.HAL_QSPI_Command
                0x0000000008005b40       0xbc Drivers/STM32L4xx_HAL_Driver/Src/stm32l4xx_hal_qspi.o
                0x0000000008005b40                HAL_QSPI_Command
 .text.HAL_QSPI_Transmit
                0x0000000008005bfc      0x12e Drivers/STM32L4xx_HAL_Driver/Src/stm32l4xx_hal_qspi.o
                0x0000000008005bfc                HAL_QSPI_Transmit
 .text.HAL_QSPI_Receive
                0x0000000008005d2a      0x144 Drivers/STM32L4xx_HAL_Driver/Src/stm32l4xx_hal_qspi.o
                0x0000000008005d2a                HAL_QSPI_Receive
 .text.HAL_QSPI_AutoPolling
                0x0000000008005e6e       0xee Drivers/STM32L4xx_HAL_Driver/Src/stm32l4xx_hal_qspi.o
                0x0000000008005e6e                HAL_QSPI_AutoPolling
 .text.HAL_QSPI_Abort
                0x0000000008005f5c       0xda Drivers/STM32L4xx_HAL_Driver/Src/stm32l4xx_hal_qspi.o
                0x0000000008005f5c                HAL_QSPI_Abort
 .text.HAL_QSPI_SetTimeout
                0x0000000008006036       0x1c Drivers/STM32L4xx_HAL_Driver/Src/stm32l4xx_hal_qspi.o
                0x0000000008006036                HAL_QSPI_SetTimeout
 .text.QSPI_WaitFlagStateUntilTimeout
                0x0000000008006052       0x6e Drivers/STM32L4xx_HAL_Driver/Src/stm32l4xx_hal_qspi.o
 .text.QSPI_Config
                0x00000000080060c0      0x30c Drivers/STM32L4xx_HAL_Driver/Src/stm32l4xx_hal_qspi.o
 .text.HAL_RCC_OscConfig
                0x00000000080063cc      0x7cc Drivers/STM32L4xx_HAL_Driver/Src/stm32l4xx_hal_rcc.o
                0x00000000080063cc                HAL_RCC_OscConfig
 .text.HAL_RCC_ClockConfig
                0x0000000008006b98      0x1c4 Drivers/STM32L4xx_HAL_Driver/Src/stm32l4xx_hal_rcc.o
                0x0000000008006b98                HAL_RCC_ClockConfig
 .text.HAL_RCC_GetSysClockFreq
                0x0000000008006d5c      0x114 Drivers/STM32L4xx_HAL_Driver/Src/stm32l4xx_hal_rcc.o
                0x0000000008006d5c                HAL_RCC_GetSysClockFreq
 .text.HAL_RCC_GetHCLKFreq
                0x0000000008006e70       0x18 Drivers/STM32L4xx_HAL_Driver/Src/stm32l4xx_hal_rcc.o
                0x0000000008006e70                HAL_RCC_GetHCLKFreq
 .text.HAL_RCC_GetPCLK1Freq
                0x0000000008006e88       0x2c Drivers/STM32L4xx_HAL_Driver/Src/stm32l4xx_hal_rcc.o
                0x0000000008006e88                HAL_RCC_GetPCLK1Freq
 .text.HAL_RCC_GetPCLK2Freq
                0x0000000008006eb4       0x2c Drivers/STM32L4xx_HAL_Driver/Src/stm32l4xx_hal_rcc.o
                0x0000000008006eb4                HAL_RCC_GetPCLK2Freq
 .text.RCC_SetFlashLatencyFromMSIRange
                0x0000000008006ee0       0xc0 Drivers/STM32L4xx_HAL_Driver/Src/stm32l4xx_hal_rcc.o
 .text.HAL_RCCEx_PeriphCLKConfig
                0x0000000008006fa0      0x5cc Drivers/STM32L4xx_HAL_Driver/Src/stm32l4xx_hal_rcc_ex.o
                0x0000000008006fa0                HAL_RCCEx_PeriphCLKConfig
 .text.RCCEx_PLLSAI1_Config
                0x000000000800756c      0x1e0 Drivers/STM32L4xx_HAL_Driver/Src/stm32l4xx_hal_rcc_ex.o
 .text.RCCEx_PLLSAI2_Config
                0x000000000800774c      0x1b4 Drivers/STM32L4xx_HAL_Driver/Src/stm32l4xx_hal_rcc_ex.o
 .text.HAL_TIM_Base_Init
                0x0000000008007900       0xae Drivers/STM32L4xx_HAL_Driver/Src/stm32l4xx_hal_tim.o
                0x0000000008007900                HAL_TIM_Base_Init
 *fill*         0x00000000080079ae        0x2 
 .text.HAL_TIM_Base_Start_IT
                0x00000000080079b0       0xe0 Drivers/STM32L4xx_HAL_Driver/Src/stm32l4xx_hal_tim.o
                0x00000000080079b0                HAL_TIM_Base_Start_IT
 .text.HAL_TIM_IRQHandler
                0x0000000008007a90      0x23e Drivers/STM32L4xx_HAL_Driver/Src/stm32l4xx_hal_tim.o
                0x0000000008007a90                HAL_TIM_IRQHandler
 .text.HAL_TIM_ConfigClockSource
                0x0000000008007cce      0x172 Drivers/STM32L4xx_HAL_Driver/Src/stm32l4xx_hal_tim.o
                0x0000000008007cce                HAL_TIM_ConfigClockSource
 .text.HAL_TIM_PeriodElapsedCallback
                0x0000000008007e40       0x14 Drivers/STM32L4xx_HAL_Driver/Src/stm32l4xx_hal_tim.o
                0x0000000008007e40                HAL_TIM_PeriodElapsedCallback
 .text.HAL_TIM_OC_DelayElapsedCallback
                0x0000000008007e54       0x14 Drivers/STM32L4xx_HAL_Driver/Src/stm32l4xx_hal_tim.o
                0x0000000008007e54                HAL_TIM_OC_DelayElapsedCallback
 .text.HAL_TIM_IC_CaptureCallback
                0x0000000008007e68       0x14 Drivers/STM32L4xx_HAL_Driver/Src/stm32l4xx_hal_tim.o
                0x0000000008007e68                HAL_TIM_IC_CaptureCallback
 .text.HAL_TIM_PWM_PulseFinishedCallback
                0x0000000008007e7c       0x14 Drivers/STM32L4xx_HAL_Driver/Src/stm32l4xx_hal_tim.o
                0x0000000008007e7c                HAL_TIM_PWM_PulseFinishedCallback
 .text.HAL_TIM_TriggerCallback
                0x0000000008007e90       0x14 Drivers/STM32L4xx_HAL_Driver/Src/stm32l4xx_hal_tim.o
                0x0000000008007e90                HAL_TIM_TriggerCallback
 .text.TIM_Base_SetConfig
                0x0000000008007ea4      0x134 Drivers/STM32L4xx_HAL_Driver/Src/stm32l4xx_hal_tim.o
                0x0000000008007ea4                TIM_Base_SetConfig
 .text.TIM_TI1_ConfigInputStage
                0x0000000008007fd8       0x5e Drivers/STM32L4xx_HAL_Driver/Src/stm32l4xx_hal_tim.o
 .text.TIM_TI2_ConfigInputStage
                0x0000000008008036       0x60 Drivers/STM32L4xx_HAL_Driver/Src/stm32l4xx_hal_tim.o
 .text.TIM_ITRx_SetConfig
                0x0000000008008096       0x36 Drivers/STM32L4xx_HAL_Driver/Src/stm32l4xx_hal_tim.o
 .text.TIM_ETR_SetConfig
                0x00000000080080cc       0x40 Drivers/STM32L4xx_HAL_Driver/Src/stm32l4xx_hal_tim.o
                0x00000000080080cc                TIM_ETR_SetConfig
 .text.HAL_TIMEx_MasterConfigSynchronization
                0x000000000800810c      0x110 Drivers/STM32L4xx_HAL_Driver/Src/stm32l4xx_hal_tim_ex.o
                0x000000000800810c                HAL_TIMEx_MasterConfigSynchronization
 .text.HAL_TIMEx_CommutCallback
                0x000000000800821c       0x14 Drivers/STM32L4xx_HAL_Driver/Src/stm32l4xx_hal_tim_ex.o
                0x000000000800821c                HAL_TIMEx_CommutCallback
 .text.HAL_TIMEx_BreakCallback
                0x0000000008008230       0x14 Drivers/STM32L4xx_HAL_Driver/Src/stm32l4xx_hal_tim_ex.o
                0x0000000008008230                HAL_TIMEx_BreakCallback
 .text.HAL_TIMEx_Break2Callback
                0x0000000008008244       0x14 Drivers/STM32L4xx_HAL_Driver/Src/stm32l4xx_hal_tim_ex.o
                0x0000000008008244                HAL_TIMEx_Break2Callback
 .text.HAL_UART_Init
                0x0000000008008258       0x9c Drivers/STM32L4xx_HAL_Driver/Src/stm32l4xx_hal_uart.o
                0x0000000008008258                HAL_UART_Init
 .text.UART_SetConfig
                0x00000000080082f4      0x514 Drivers/STM32L4xx_HAL_Driver/Src/stm32l4xx_hal_uart.o
                0x00000000080082f4                UART_SetConfig
 .text.UART_AdvFeatureConfig
                0x0000000008008808      0x144 Drivers/STM32L4xx_HAL_Driver/Src/stm32l4xx_hal_uart.o
                0x0000000008008808                UART_AdvFeatureConfig
 .text.UART_CheckIdleState
                0x000000000800894c       0x8a Drivers/STM32L4xx_HAL_Driver/Src/stm32l4xx_hal_uart.o
                0x000000000800894c                UART_CheckIdleState
 .text.UART_WaitOnFlagUntilTimeout
                0x00000000080089d6       0xf6 Drivers/STM32L4xx_HAL_Driver/Src/stm32l4xx_hal_uart.o
                0x00000000080089d6                UART_WaitOnFlagUntilTimeout
 .text.arm_sin_f32
                0x0000000008008acc       0x8c C:\Users\holyc\Documents\EE Semester 9\ECSE 444\B-L475E_Flash_Sample_Ctrl\Core\Lib\libarm_cortexM4lf_math.a(arm_sin_f32.o)
                0x0000000008008acc                arm_sin_f32
 .text.__libc_init_array
                0x0000000008008b58       0x48 c:/st/stm32cubeide_1.4.0/stm32cubeide/plugins/com.st.stm32cube.ide.mcu.externaltools.gnu-tools-for-stm32.7-2018-q2-update.win32_1.4.0.202007081208/tools/bin/../lib/gcc/arm-none-eabi/7.3.1/../../../../arm-none-eabi/lib/thumb/v7e-m/fpv4-sp/hard\libc_nano.a(lib_a-init.o)
                0x0000000008008b58                __libc_init_array
 .text.memset   0x0000000008008ba0       0x10 c:/st/stm32cubeide_1.4.0/stm32cubeide/plugins/com.st.stm32cube.ide.mcu.externaltools.gnu-tools-for-stm32.7-2018-q2-update.win32_1.4.0.202007081208/tools/bin/../lib/gcc/arm-none-eabi/7.3.1/../../../../arm-none-eabi/lib/thumb/v7e-m/fpv4-sp/hard\libc_nano.a(lib_a-memset.o)
                0x0000000008008ba0                memset
 *(.glue_7)
 .glue_7        0x0000000008008bb0        0x0 linker stubs
 *(.glue_7t)
 .glue_7t       0x0000000008008bb0        0x0 linker stubs
 *(.eh_frame)
 .eh_frame      0x0000000008008bb0        0x0 c:/st/stm32cubeide_1.4.0/stm32cubeide/plugins/com.st.stm32cube.ide.mcu.externaltools.gnu-tools-for-stm32.7-2018-q2-update.win32_1.4.0.202007081208/tools/bin/../lib/gcc/arm-none-eabi/7.3.1/thumb/v7e-m/fpv4-sp/hard/crtbegin.o
 *(.init)
 .init          0x0000000008008bb0        0x4 c:/st/stm32cubeide_1.4.0/stm32cubeide/plugins/com.st.stm32cube.ide.mcu.externaltools.gnu-tools-for-stm32.7-2018-q2-update.win32_1.4.0.202007081208/tools/bin/../lib/gcc/arm-none-eabi/7.3.1/thumb/v7e-m/fpv4-sp/hard/crti.o
                0x0000000008008bb0                _init
 .init          0x0000000008008bb4        0x8 c:/st/stm32cubeide_1.4.0/stm32cubeide/plugins/com.st.stm32cube.ide.mcu.externaltools.gnu-tools-for-stm32.7-2018-q2-update.win32_1.4.0.202007081208/tools/bin/../lib/gcc/arm-none-eabi/7.3.1/thumb/v7e-m/fpv4-sp/hard/crtn.o
 *(.fini)
 .fini          0x0000000008008bbc        0x4 c:/st/stm32cubeide_1.4.0/stm32cubeide/plugins/com.st.stm32cube.ide.mcu.externaltools.gnu-tools-for-stm32.7-2018-q2-update.win32_1.4.0.202007081208/tools/bin/../lib/gcc/arm-none-eabi/7.3.1/thumb/v7e-m/fpv4-sp/hard/crti.o
                0x0000000008008bbc                _fini
 .fini          0x0000000008008bc0        0x8 c:/st/stm32cubeide_1.4.0/stm32cubeide/plugins/com.st.stm32cube.ide.mcu.externaltools.gnu-tools-for-stm32.7-2018-q2-update.win32_1.4.0.202007081208/tools/bin/../lib/gcc/arm-none-eabi/7.3.1/thumb/v7e-m/fpv4-sp/hard/crtn.o
                0x0000000008008bc8                . = ALIGN (0x4)
                0x0000000008008bc8                _etext = .

.vfp11_veneer   0x0000000008008bc8        0x0
 .vfp11_veneer  0x0000000008008bc8        0x0 linker stubs

.v4_bx          0x0000000008008bc8        0x0
 .v4_bx         0x0000000008008bc8        0x0 linker stubs

.iplt           0x0000000008008bc8        0x0
 .iplt          0x0000000008008bc8        0x0 c:/st/stm32cubeide_1.4.0/stm32cubeide/plugins/com.st.stm32cube.ide.mcu.externaltools.gnu-tools-for-stm32.7-2018-q2-update.win32_1.4.0.202007081208/tools/bin/../lib/gcc/arm-none-eabi/7.3.1/thumb/v7e-m/fpv4-sp/hard/crtbegin.o

.rodata         0x0000000008008bc8      0x84c
                0x0000000008008bc8                . = ALIGN (0x4)
 *(.rodata)
 *(.rodata*)
 .rodata.AHBPrescTable
                0x0000000008008bc8       0x10 Core/Src/system_stm32l4xx.o
                0x0000000008008bc8                AHBPrescTable
 .rodata.APBPrescTable
                0x0000000008008bd8        0x8 Core/Src/system_stm32l4xx.o
                0x0000000008008bd8                APBPrescTable
 .rodata.MSIRangeTable
                0x0000000008008be0       0x30 Core/Src/system_stm32l4xx.o
                0x0000000008008be0                MSIRangeTable
 .rodata.sinTable_f32
                0x0000000008008c10      0x804 C:\Users\holyc\Documents\EE Semester 9\ECSE 444\B-L475E_Flash_Sample_Ctrl\Core\Lib\libarm_cortexM4lf_math.a(arm_common_tables.o)
                0x0000000008008c10                sinTable_f32
                0x0000000008009414                . = ALIGN (0x4)

.ARM.extab      0x0000000008009414        0x0
                0x0000000008009414                . = ALIGN (0x4)
 *(.ARM.extab* .gnu.linkonce.armextab.*)
                0x0000000008009414                . = ALIGN (0x4)

.ARM            0x0000000008009414        0x8
                0x0000000008009414                . = ALIGN (0x4)
                0x0000000008009414                __exidx_start = .
 *(.ARM.exidx*)
 .ARM.exidx     0x0000000008009414        0x8 c:/st/stm32cubeide_1.4.0/stm32cubeide/plugins/com.st.stm32cube.ide.mcu.externaltools.gnu-tools-for-stm32.7-2018-q2-update.win32_1.4.0.202007081208/tools/bin/../lib/gcc/arm-none-eabi/7.3.1/thumb/v7e-m/fpv4-sp/hard\libgcc.a(_udivmoddi4.o)
                0x000000000800941c                __exidx_end = .
                0x000000000800941c                . = ALIGN (0x4)

.rel.dyn        0x000000000800941c        0x0
 .rel.iplt      0x000000000800941c        0x0 c:/st/stm32cubeide_1.4.0/stm32cubeide/plugins/com.st.stm32cube.ide.mcu.externaltools.gnu-tools-for-stm32.7-2018-q2-update.win32_1.4.0.202007081208/tools/bin/../lib/gcc/arm-none-eabi/7.3.1/thumb/v7e-m/fpv4-sp/hard/crtbegin.o

.preinit_array  0x000000000800941c        0x0
                0x000000000800941c                . = ALIGN (0x4)
                0x000000000800941c                PROVIDE (__preinit_array_start = .)
 *(.preinit_array*)
                0x000000000800941c                PROVIDE (__preinit_array_end = .)
                0x000000000800941c                . = ALIGN (0x4)

.init_array     0x000000000800941c        0x4
                0x000000000800941c                . = ALIGN (0x4)
                0x000000000800941c                PROVIDE (__init_array_start = .)
 *(SORT_BY_NAME(.init_array.*))
 *(.init_array*)
 .init_array    0x000000000800941c        0x4 c:/st/stm32cubeide_1.4.0/stm32cubeide/plugins/com.st.stm32cube.ide.mcu.externaltools.gnu-tools-for-stm32.7-2018-q2-update.win32_1.4.0.202007081208/tools/bin/../lib/gcc/arm-none-eabi/7.3.1/thumb/v7e-m/fpv4-sp/hard/crtbegin.o
                0x0000000008009420                PROVIDE (__init_array_end = .)
                0x0000000008009420                . = ALIGN (0x4)

.fini_array     0x0000000008009420        0x4
                0x0000000008009420                . = ALIGN (0x4)
                [!provide]                        PROVIDE (__fini_array_start = .)
 *(SORT_BY_NAME(.fini_array.*))
 *(.fini_array*)
 .fini_array    0x0000000008009420        0x4 c:/st/stm32cubeide_1.4.0/stm32cubeide/plugins/com.st.stm32cube.ide.mcu.externaltools.gnu-tools-for-stm32.7-2018-q2-update.win32_1.4.0.202007081208/tools/bin/../lib/gcc/arm-none-eabi/7.3.1/thumb/v7e-m/fpv4-sp/hard/crtbegin.o
                [!provide]                        PROVIDE (__fini_array_end = .)
                0x0000000008009424                . = ALIGN (0x4)
                0x0000000008009424                _sidata = LOADADDR (.data)

.data           0x0000000020000000       0x44 load address 0x0000000008009424
                0x0000000020000000                . = ALIGN (0x4)
                0x0000000020000000                _sdata = .
 *(.data)
 *(.data*)
 .data.Lsm6dslAccDrv
                0x0000000020000000       0x34 Core/Components/lsm6dsl/lsm6dsl.o
                0x0000000020000000                Lsm6dslAccDrv
 .data.vol_mod  0x0000000020000034        0x4 Core/Src/main.o
                0x0000000020000034                vol_mod
 .data.SystemCoreClock
                0x0000000020000038        0x4 Core/Src/system_stm32l4xx.o
                0x0000000020000038                SystemCoreClock
 .data.uwTickPrio
                0x000000002000003c        0x4 Drivers/STM32L4xx_HAL_Driver/Src/stm32l4xx_hal.o
                0x000000002000003c                uwTickPrio
 .data.uwTickFreq
                0x0000000020000040        0x1 Drivers/STM32L4xx_HAL_Driver/Src/stm32l4xx_hal.o
                0x0000000020000040                uwTickFreq
                0x0000000020000044                . = ALIGN (0x4)
 *fill*         0x0000000020000041        0x3 
                0x0000000020000044                _edata = .

.igot.plt       0x0000000020000044        0x0 load address 0x0000000008009468
 .igot.plt      0x0000000020000044        0x0 c:/st/stm32cubeide_1.4.0/stm32cubeide/plugins/com.st.stm32cube.ide.mcu.externaltools.gnu-tools-for-stm32.7-2018-q2-update.win32_1.4.0.202007081208/tools/bin/../lib/gcc/arm-none-eabi/7.3.1/thumb/v7e-m/fpv4-sp/hard/crtbegin.o
                0x0000000020000044                . = ALIGN (0x4)

.bss            0x0000000020000044     0x1b40 load address 0x0000000008009468
                0x0000000020000044                _sbss = .
                0x0000000020000044                __bss_start__ = _sbss
 *(.bss)
 .bss           0x0000000020000044       0x1c c:/st/stm32cubeide_1.4.0/stm32cubeide/plugins/com.st.stm32cube.ide.mcu.externaltools.gnu-tools-for-stm32.7-2018-q2-update.win32_1.4.0.202007081208/tools/bin/../lib/gcc/arm-none-eabi/7.3.1/thumb/v7e-m/fpv4-sp/hard/crtbegin.o
 *(.bss*)
 .bss.newStart  0x0000000020000060        0x4 Core/Src/main.o
                0x0000000020000060                newStart
 .bss.nextPosition
                0x0000000020000064        0x4 Core/Src/main.o
                0x0000000020000064                nextPosition
 .bss.volume    0x0000000020000068        0x1 Core/Src/main.o
                0x0000000020000068                volume
 *fill*         0x0000000020000069        0x3 
 .bss.raw_acc   0x000000002000006c        0x6 Core/Src/main.o
                0x000000002000006c                raw_acc
 *fill*         0x0000000020000072        0x2 
 .bss.conv_accX
                0x0000000020000074        0x4 Core/Src/main.o
                0x0000000020000074                conv_accX
 .bss.AccelerometerDrv
                0x0000000020000078        0x4 Core/Src/stm32l475e_iot01_accelero.o
 *(COMMON)
 COMMON         0x000000002000007c     0x19f4 Core/Src/main.o
                0x000000002000007c                hdac1
                0x0000000020000090                hi2c2
                0x00000000200000dc                tempBuffer
                0x000000002000107c                hdma_dac_ch1
                0x00000000200010c4                strBuf
                0x0000000020001128                hadc1
                0x000000002000118c                currState_flash
                0x0000000020001190                huart1
                0x0000000020001210                htim2
                0x000000002000125c                audioBuffer
                0x0000000020001a2c                hqspi
 COMMON         0x0000000020001a70       0xcc Core/Src/stm32l475e_iot01.o
                0x0000000020001a70                hDiscoUart
                0x0000000020001af0                hI2cHandler
 COMMON         0x0000000020001b3c       0x44 Core/Src/stm32l475e_iot01_qspi.o
                0x0000000020001b3c                QSPIHandle
 COMMON         0x0000000020001b80        0x4 Drivers/STM32L4xx_HAL_Driver/Src/stm32l4xx_hal.o
                0x0000000020001b80                uwTick
                0x0000000020001b84                . = ALIGN (0x4)
                0x0000000020001b84                _ebss = .
                0x0000000020001b84                __bss_end__ = _ebss

._user_heap_stack
                0x0000000020001b84      0x604 load address 0x0000000008009468
                0x0000000020001b88                . = ALIGN (0x8)
 *fill*         0x0000000020001b84        0x4 
                [!provide]                        PROVIDE (end = .)
                0x0000000020001b88                PROVIDE (_end = .)
                0x0000000020001d88                . = (. + _Min_Heap_Size)
 *fill*         0x0000000020001b88      0x200 
                0x0000000020002188                . = (. + _Min_Stack_Size)
 *fill*         0x0000000020001d88      0x400 
                0x0000000020002188                . = ALIGN (0x8)

/DISCARD/
 libc.a(*)
 libm.a(*)
 libgcc.a(*)

.ARM.attributes
                0x0000000000000000       0x30
 *(.ARM.attributes)
 .ARM.attributes
                0x0000000000000000       0x22 c:/st/stm32cubeide_1.4.0/stm32cubeide/plugins/com.st.stm32cube.ide.mcu.externaltools.gnu-tools-for-stm32.7-2018-q2-update.win32_1.4.0.202007081208/tools/bin/../lib/gcc/arm-none-eabi/7.3.1/thumb/v7e-m/fpv4-sp/hard/crti.o
 .ARM.attributes
                0x0000000000000022       0x34 c:/st/stm32cubeide_1.4.0/stm32cubeide/plugins/com.st.stm32cube.ide.mcu.externaltools.gnu-tools-for-stm32.7-2018-q2-update.win32_1.4.0.202007081208/tools/bin/../lib/gcc/arm-none-eabi/7.3.1/thumb/v7e-m/fpv4-sp/hard/crtbegin.o
 .ARM.attributes
                0x0000000000000056       0x39 Core/Components/lsm6dsl/lsm6dsl.o
 .ARM.attributes
                0x000000000000008f       0x39 Core/Src/main.o
 .ARM.attributes
                0x00000000000000c8       0x39 Core/Src/stm32l475e_iot01.o
 .ARM.attributes
                0x0000000000000101       0x39 Core/Src/stm32l475e_iot01_accelero.o
 .ARM.attributes
                0x000000000000013a       0x39 Core/Src/stm32l475e_iot01_qspi.o
 .ARM.attributes
                0x0000000000000173       0x39 Core/Src/stm32l4xx_hal_msp.o
 .ARM.attributes
                0x00000000000001ac       0x39 Core/Src/stm32l4xx_it.o
 .ARM.attributes
                0x00000000000001e5       0x39 Core/Src/system_stm32l4xx.o
 .ARM.attributes
                0x000000000000021e       0x21 Core/Startup/startup_stm32l475vgtx.o
 .ARM.attributes
                0x000000000000023f       0x39 Drivers/STM32L4xx_HAL_Driver/Src/stm32l4xx_hal.o
 .ARM.attributes
                0x0000000000000278       0x39 Drivers/STM32L4xx_HAL_Driver/Src/stm32l4xx_hal_adc.o
 .ARM.attributes
                0x00000000000002b1       0x39 Drivers/STM32L4xx_HAL_Driver/Src/stm32l4xx_hal_adc_ex.o
 .ARM.attributes
                0x00000000000002ea       0x39 Drivers/STM32L4xx_HAL_Driver/Src/stm32l4xx_hal_cortex.o
 .ARM.attributes
                0x0000000000000323       0x39 Drivers/STM32L4xx_HAL_Driver/Src/stm32l4xx_hal_dac.o
 .ARM.attributes
                0x000000000000035c       0x39 Drivers/STM32L4xx_HAL_Driver/Src/stm32l4xx_hal_dac_ex.o
 .ARM.attributes
                0x0000000000000395       0x39 Drivers/STM32L4xx_HAL_Driver/Src/stm32l4xx_hal_dma.o
 .ARM.attributes
                0x00000000000003ce       0x39 Drivers/STM32L4xx_HAL_Driver/Src/stm32l4xx_hal_gpio.o
 .ARM.attributes
                0x0000000000000407       0x39 Drivers/STM32L4xx_HAL_Driver/Src/stm32l4xx_hal_i2c.o
 .ARM.attributes
                0x0000000000000440       0x39 Drivers/STM32L4xx_HAL_Driver/Src/stm32l4xx_hal_i2c_ex.o
 .ARM.attributes
                0x0000000000000479       0x39 Drivers/STM32L4xx_HAL_Driver/Src/stm32l4xx_hal_pwr_ex.o
 .ARM.attributes
                0x00000000000004b2       0x39 Drivers/STM32L4xx_HAL_Driver/Src/stm32l4xx_hal_qspi.o
 .ARM.attributes
                0x00000000000004eb       0x39 Drivers/STM32L4xx_HAL_Driver/Src/stm32l4xx_hal_rcc.o
 .ARM.attributes
                0x0000000000000524       0x39 Drivers/STM32L4xx_HAL_Driver/Src/stm32l4xx_hal_rcc_ex.o
 .ARM.attributes
                0x000000000000055d       0x39 Drivers/STM32L4xx_HAL_Driver/Src/stm32l4xx_hal_tim.o
 .ARM.attributes
                0x0000000000000596       0x39 Drivers/STM32L4xx_HAL_Driver/Src/stm32l4xx_hal_tim_ex.o
 .ARM.attributes
                0x00000000000005cf       0x39 Drivers/STM32L4xx_HAL_Driver/Src/stm32l4xx_hal_uart.o
 .ARM.attributes
                0x0000000000000608       0x34 C:\Users\holyc\Documents\EE Semester 9\ECSE 444\B-L475E_Flash_Sample_Ctrl\Core\Lib\libarm_cortexM4lf_math.a(arm_sin_f32.o)
 .ARM.attributes
                0x000000000000063c       0x39 C:\Users\holyc\Documents\EE Semester 9\ECSE 444\B-L475E_Flash_Sample_Ctrl\Core\Lib\libarm_cortexM4lf_math.a(arm_common_tables.o)
 .ARM.attributes
                0x0000000000000675       0x34 c:/st/stm32cubeide_1.4.0/stm32cubeide/plugins/com.st.stm32cube.ide.mcu.externaltools.gnu-tools-for-stm32.7-2018-q2-update.win32_1.4.0.202007081208/tools/bin/../lib/gcc/arm-none-eabi/7.3.1/../../../../arm-none-eabi/lib/thumb/v7e-m/fpv4-sp/hard\libc_nano.a(lib_a-init.o)
 .ARM.attributes
                0x00000000000006a9       0x34 c:/st/stm32cubeide_1.4.0/stm32cubeide/plugins/com.st.stm32cube.ide.mcu.externaltools.gnu-tools-for-stm32.7-2018-q2-update.win32_1.4.0.202007081208/tools/bin/../lib/gcc/arm-none-eabi/7.3.1/../../../../arm-none-eabi/lib/thumb/v7e-m/fpv4-sp/hard\libc_nano.a(lib_a-memset.o)
 .ARM.attributes
                0x00000000000006dd       0x22 c:/st/stm32cubeide_1.4.0/stm32cubeide/plugins/com.st.stm32cube.ide.mcu.externaltools.gnu-tools-for-stm32.7-2018-q2-update.win32_1.4.0.202007081208/tools/bin/../lib/gcc/arm-none-eabi/7.3.1/thumb/v7e-m/fpv4-sp/hard\libgcc.a(_aeabi_uldivmod.o)
 .ARM.attributes
                0x00000000000006ff       0x34 c:/st/stm32cubeide_1.4.0/stm32cubeide/plugins/com.st.stm32cube.ide.mcu.externaltools.gnu-tools-for-stm32.7-2018-q2-update.win32_1.4.0.202007081208/tools/bin/../lib/gcc/arm-none-eabi/7.3.1/thumb/v7e-m/fpv4-sp/hard\libgcc.a(_udivmoddi4.o)
 .ARM.attributes
                0x0000000000000733       0x22 c:/st/stm32cubeide_1.4.0/stm32cubeide/plugins/com.st.stm32cube.ide.mcu.externaltools.gnu-tools-for-stm32.7-2018-q2-update.win32_1.4.0.202007081208/tools/bin/../lib/gcc/arm-none-eabi/7.3.1/thumb/v7e-m/fpv4-sp/hard\libgcc.a(_dvmd_tls.o)
 .ARM.attributes
                0x0000000000000755       0x22 c:/st/stm32cubeide_1.4.0/stm32cubeide/plugins/com.st.stm32cube.ide.mcu.externaltools.gnu-tools-for-stm32.7-2018-q2-update.win32_1.4.0.202007081208/tools/bin/../lib/gcc/arm-none-eabi/7.3.1/thumb/v7e-m/fpv4-sp/hard/crtn.o
OUTPUT(B-L475E_Flash_Sample_Ctrl.elf elf32-littlearm)

.debug_info     0x0000000000000000    0x206f7
 .debug_info    0x0000000000000000      0x540 Core/Components/lsm6dsl/lsm6dsl.o
 .debug_info    0x0000000000000540     0x309e Core/Src/main.o
 .debug_info    0x00000000000035de     0x1a64 Core/Src/stm32l475e_iot01.o
 .debug_info    0x0000000000005042      0x651 Core/Src/stm32l475e_iot01_accelero.o
 .debug_info    0x0000000000005693     0x117c Core/Src/stm32l475e_iot01_qspi.o
 .debug_info    0x000000000000680f     0x1e76 Core/Src/stm32l4xx_hal_msp.o
 .debug_info    0x0000000000008685      0x914 Core/Src/stm32l4xx_it.o
 .debug_info    0x0000000000008f99      0x727 Core/Src/system_stm32l4xx.o
 .debug_info    0x00000000000096c0       0x22 Core/Startup/startup_stm32l475vgtx.o
 .debug_info    0x00000000000096e2      0xc1a Drivers/STM32L4xx_HAL_Driver/Src/stm32l4xx_hal.o
 .debug_info    0x000000000000a2fc     0x1e9b Drivers/STM32L4xx_HAL_Driver/Src/stm32l4xx_hal_adc.o
 .debug_info    0x000000000000c197     0x1c15 Drivers/STM32L4xx_HAL_Driver/Src/stm32l4xx_hal_adc_ex.o
 .debug_info    0x000000000000ddac      0xf67 Drivers/STM32L4xx_HAL_Driver/Src/stm32l4xx_hal_cortex.o
 .debug_info    0x000000000000ed13      0xbd0 Drivers/STM32L4xx_HAL_Driver/Src/stm32l4xx_hal_dac.o
 .debug_info    0x000000000000f8e3      0xacc Drivers/STM32L4xx_HAL_Driver/Src/stm32l4xx_hal_dac_ex.o
 .debug_info    0x00000000000103af      0x8f2 Drivers/STM32L4xx_HAL_Driver/Src/stm32l4xx_hal_dma.o
 .debug_info    0x0000000000010ca1      0x9c2 Drivers/STM32L4xx_HAL_Driver/Src/stm32l4xx_hal_gpio.o
 .debug_info    0x0000000000011663     0x210d Drivers/STM32L4xx_HAL_Driver/Src/stm32l4xx_hal_i2c.o
 .debug_info    0x0000000000013770      0xb72 Drivers/STM32L4xx_HAL_Driver/Src/stm32l4xx_hal_i2c_ex.o
 .debug_info    0x00000000000142e2      0xb35 Drivers/STM32L4xx_HAL_Driver/Src/stm32l4xx_hal_pwr_ex.o
 .debug_info    0x0000000000014e17     0x12cb Drivers/STM32L4xx_HAL_Driver/Src/stm32l4xx_hal_qspi.o
 .debug_info    0x00000000000160e2      0xd2f Drivers/STM32L4xx_HAL_Driver/Src/stm32l4xx_hal_rcc.o
 .debug_info    0x0000000000016e11      0xf41 Drivers/STM32L4xx_HAL_Driver/Src/stm32l4xx_hal_rcc_ex.o
 .debug_info    0x0000000000017d52     0x2a61 Drivers/STM32L4xx_HAL_Driver/Src/stm32l4xx_hal_tim.o
 .debug_info    0x000000000001a7b3     0x167e Drivers/STM32L4xx_HAL_Driver/Src/stm32l4xx_hal_tim_ex.o
 .debug_info    0x000000000001be31     0x1830 Drivers/STM32L4xx_HAL_Driver/Src/stm32l4xx_hal_uart.o
 .debug_info    0x000000000001d661     0x1612 C:\Users\holyc\Documents\EE Semester 9\ECSE 444\B-L475E_Flash_Sample_Ctrl\Core\Lib\libarm_cortexM4lf_math.a(arm_sin_f32.o)
 .debug_info    0x000000000001ec73     0x1a84 C:\Users\holyc\Documents\EE Semester 9\ECSE 444\B-L475E_Flash_Sample_Ctrl\Core\Lib\libarm_cortexM4lf_math.a(arm_common_tables.o)

.debug_abbrev   0x0000000000000000     0x37ca
 .debug_abbrev  0x0000000000000000      0x194 Core/Components/lsm6dsl/lsm6dsl.o
 .debug_abbrev  0x0000000000000194      0x2f8 Core/Src/main.o
 .debug_abbrev  0x000000000000048c      0x26f Core/Src/stm32l475e_iot01.o
 .debug_abbrev  0x00000000000006fb      0x15f Core/Src/stm32l475e_iot01_accelero.o
 .debug_abbrev  0x000000000000085a      0x2aa Core/Src/stm32l475e_iot01_qspi.o
 .debug_abbrev  0x0000000000000b04      0x1e9 Core/Src/stm32l4xx_hal_msp.o
 .debug_abbrev  0x0000000000000ced      0x15a Core/Src/stm32l4xx_it.o
 .debug_abbrev  0x0000000000000e47      0x150 Core/Src/system_stm32l4xx.o
 .debug_abbrev  0x0000000000000f97       0x12 Core/Startup/startup_stm32l475vgtx.o
 .debug_abbrev  0x0000000000000fa9      0x1fb Drivers/STM32L4xx_HAL_Driver/Src/stm32l4xx_hal.o
 .debug_abbrev  0x00000000000011a4      0x25d Drivers/STM32L4xx_HAL_Driver/Src/stm32l4xx_hal_adc.o
 .debug_abbrev  0x0000000000001401      0x27d Drivers/STM32L4xx_HAL_Driver/Src/stm32l4xx_hal_adc_ex.o
 .debug_abbrev  0x000000000000167e      0x2fa Drivers/STM32L4xx_HAL_Driver/Src/stm32l4xx_hal_cortex.o
 .debug_abbrev  0x0000000000001978      0x1cc Drivers/STM32L4xx_HAL_Driver/Src/stm32l4xx_hal_dac.o
 .debug_abbrev  0x0000000000001b44      0x22f Drivers/STM32L4xx_HAL_Driver/Src/stm32l4xx_hal_dac_ex.o
 .debug_abbrev  0x0000000000001d73      0x1d9 Drivers/STM32L4xx_HAL_Driver/Src/stm32l4xx_hal_dma.o
 .debug_abbrev  0x0000000000001f4c      0x1c0 Drivers/STM32L4xx_HAL_Driver/Src/stm32l4xx_hal_gpio.o
 .debug_abbrev  0x000000000000210c      0x22a Drivers/STM32L4xx_HAL_Driver/Src/stm32l4xx_hal_i2c.o
 .debug_abbrev  0x0000000000002336      0x1b9 Drivers/STM32L4xx_HAL_Driver/Src/stm32l4xx_hal_i2c_ex.o
 .debug_abbrev  0x00000000000024ef      0x1cb Drivers/STM32L4xx_HAL_Driver/Src/stm32l4xx_hal_pwr_ex.o
 .debug_abbrev  0x00000000000026ba      0x21f Drivers/STM32L4xx_HAL_Driver/Src/stm32l4xx_hal_qspi.o
 .debug_abbrev  0x00000000000028d9      0x245 Drivers/STM32L4xx_HAL_Driver/Src/stm32l4xx_hal_rcc.o
 .debug_abbrev  0x0000000000002b1e      0x238 Drivers/STM32L4xx_HAL_Driver/Src/stm32l4xx_hal_rcc_ex.o
 .debug_abbrev  0x0000000000002d56      0x230 Drivers/STM32L4xx_HAL_Driver/Src/stm32l4xx_hal_tim.o
 .debug_abbrev  0x0000000000002f86      0x236 Drivers/STM32L4xx_HAL_Driver/Src/stm32l4xx_hal_tim_ex.o
 .debug_abbrev  0x00000000000031bc      0x205 Drivers/STM32L4xx_HAL_Driver/Src/stm32l4xx_hal_uart.o
 .debug_abbrev  0x00000000000033c1      0x22c C:\Users\holyc\Documents\EE Semester 9\ECSE 444\B-L475E_Flash_Sample_Ctrl\Core\Lib\libarm_cortexM4lf_math.a(arm_sin_f32.o)
 .debug_abbrev  0x00000000000035ed      0x1dd C:\Users\holyc\Documents\EE Semester 9\ECSE 444\B-L475E_Flash_Sample_Ctrl\Core\Lib\libarm_cortexM4lf_math.a(arm_common_tables.o)

.debug_aranges  0x0000000000000000     0x1b20
 .debug_aranges
                0x0000000000000000       0x68 Core/Components/lsm6dsl/lsm6dsl.o
 .debug_aranges
                0x0000000000000068       0xa0 Core/Src/main.o
 .debug_aranges
                0x0000000000000108      0x130 Core/Src/stm32l475e_iot01.o
 .debug_aranges
                0x0000000000000238       0x38 Core/Src/stm32l475e_iot01_accelero.o
 .debug_aranges
                0x0000000000000270       0xc0 Core/Src/stm32l475e_iot01_qspi.o
 .debug_aranges
                0x0000000000000330       0x80 Core/Src/stm32l4xx_hal_msp.o
 .debug_aranges
                0x00000000000003b0       0x78 Core/Src/stm32l4xx_it.o
 .debug_aranges
                0x0000000000000428       0x28 Core/Src/system_stm32l4xx.o
 .debug_aranges
                0x0000000000000450       0x28 Core/Startup/startup_stm32l475vgtx.o
 .debug_aranges
                0x0000000000000478      0x130 Drivers/STM32L4xx_HAL_Driver/Src/stm32l4xx_hal.o
 .debug_aranges
                0x00000000000005a8      0x220 Drivers/STM32L4xx_HAL_Driver/Src/stm32l4xx_hal_adc.o
 .debug_aranges
                0x00000000000007c8      0x1a8 Drivers/STM32L4xx_HAL_Driver/Src/stm32l4xx_hal_adc_ex.o
 .debug_aranges
                0x0000000000000970      0x118 Drivers/STM32L4xx_HAL_Driver/Src/stm32l4xx_hal_cortex.o
 .debug_aranges
                0x0000000000000a88       0xc0 Drivers/STM32L4xx_HAL_Driver/Src/stm32l4xx_hal_dac.o
 .debug_aranges
                0x0000000000000b48       0x88 Drivers/STM32L4xx_HAL_Driver/Src/stm32l4xx_hal_dac_ex.o
 .debug_aranges
                0x0000000000000bd0       0x80 Drivers/STM32L4xx_HAL_Driver/Src/stm32l4xx_hal_dma.o
 .debug_aranges
                0x0000000000000c50       0x58 Drivers/STM32L4xx_HAL_Driver/Src/stm32l4xx_hal_gpio.o
 .debug_aranges
                0x0000000000000ca8      0x290 Drivers/STM32L4xx_HAL_Driver/Src/stm32l4xx_hal_i2c.o
 .debug_aranges
                0x0000000000000f38       0x48 Drivers/STM32L4xx_HAL_Driver/Src/stm32l4xx_hal_i2c_ex.o
 .debug_aranges
                0x0000000000000f80      0x150 Drivers/STM32L4xx_HAL_Driver/Src/stm32l4xx_hal_pwr_ex.o
 .debug_aranges
                0x00000000000010d0      0x160 Drivers/STM32L4xx_HAL_Driver/Src/stm32l4xx_hal_qspi.o
 .debug_aranges
                0x0000000000001230       0x88 Drivers/STM32L4xx_HAL_Driver/Src/stm32l4xx_hal_rcc.o
 .debug_aranges
                0x00000000000012b8       0xc0 Drivers/STM32L4xx_HAL_Driver/Src/stm32l4xx_hal_rcc_ex.o
 .debug_aranges
                0x0000000000001378      0x3e0 Drivers/STM32L4xx_HAL_Driver/Src/stm32l4xx_hal_tim.o
 .debug_aranges
                0x0000000000001758      0x180 Drivers/STM32L4xx_HAL_Driver/Src/stm32l4xx_hal_tim_ex.o
 .debug_aranges
                0x00000000000018d8      0x210 Drivers/STM32L4xx_HAL_Driver/Src/stm32l4xx_hal_uart.o
 .debug_aranges
                0x0000000000001ae8       0x20 C:\Users\holyc\Documents\EE Semester 9\ECSE 444\B-L475E_Flash_Sample_Ctrl\Core\Lib\libarm_cortexM4lf_math.a(arm_sin_f32.o)
 .debug_aranges
                0x0000000000001b08       0x18 C:\Users\holyc\Documents\EE Semester 9\ECSE 444\B-L475E_Flash_Sample_Ctrl\Core\Lib\libarm_cortexM4lf_math.a(arm_common_tables.o)

.debug_ranges   0x0000000000000000     0x1960
 .debug_ranges  0x0000000000000000       0x58 Core/Components/lsm6dsl/lsm6dsl.o
 .debug_ranges  0x0000000000000058       0x90 Core/Src/main.o
 .debug_ranges  0x00000000000000e8      0x120 Core/Src/stm32l475e_iot01.o
 .debug_ranges  0x0000000000000208       0x28 Core/Src/stm32l475e_iot01_accelero.o
 .debug_ranges  0x0000000000000230       0xb0 Core/Src/stm32l475e_iot01_qspi.o
 .debug_ranges  0x00000000000002e0       0x70 Core/Src/stm32l4xx_hal_msp.o
 .debug_ranges  0x0000000000000350       0x68 Core/Src/stm32l4xx_it.o
 .debug_ranges  0x00000000000003b8       0x18 Core/Src/system_stm32l4xx.o
 .debug_ranges  0x00000000000003d0       0x20 Core/Startup/startup_stm32l475vgtx.o
 .debug_ranges  0x00000000000003f0      0x120 Drivers/STM32L4xx_HAL_Driver/Src/stm32l4xx_hal.o
 .debug_ranges  0x0000000000000510      0x210 Drivers/STM32L4xx_HAL_Driver/Src/stm32l4xx_hal_adc.o
 .debug_ranges  0x0000000000000720      0x198 Drivers/STM32L4xx_HAL_Driver/Src/stm32l4xx_hal_adc_ex.o
 .debug_ranges  0x00000000000008b8      0x108 Drivers/STM32L4xx_HAL_Driver/Src/stm32l4xx_hal_cortex.o
 .debug_ranges  0x00000000000009c0       0xb0 Drivers/STM32L4xx_HAL_Driver/Src/stm32l4xx_hal_dac.o
 .debug_ranges  0x0000000000000a70       0x78 Drivers/STM32L4xx_HAL_Driver/Src/stm32l4xx_hal_dac_ex.o
 .debug_ranges  0x0000000000000ae8       0x70 Drivers/STM32L4xx_HAL_Driver/Src/stm32l4xx_hal_dma.o
 .debug_ranges  0x0000000000000b58       0x48 Drivers/STM32L4xx_HAL_Driver/Src/stm32l4xx_hal_gpio.o
 .debug_ranges  0x0000000000000ba0      0x280 Drivers/STM32L4xx_HAL_Driver/Src/stm32l4xx_hal_i2c.o
 .debug_ranges  0x0000000000000e20       0x38 Drivers/STM32L4xx_HAL_Driver/Src/stm32l4xx_hal_i2c_ex.o
 .debug_ranges  0x0000000000000e58      0x140 Drivers/STM32L4xx_HAL_Driver/Src/stm32l4xx_hal_pwr_ex.o
 .debug_ranges  0x0000000000000f98      0x150 Drivers/STM32L4xx_HAL_Driver/Src/stm32l4xx_hal_qspi.o
 .debug_ranges  0x00000000000010e8       0x78 Drivers/STM32L4xx_HAL_Driver/Src/stm32l4xx_hal_rcc.o
 .debug_ranges  0x0000000000001160       0xb0 Drivers/STM32L4xx_HAL_Driver/Src/stm32l4xx_hal_rcc_ex.o
 .debug_ranges  0x0000000000001210      0x3d0 Drivers/STM32L4xx_HAL_Driver/Src/stm32l4xx_hal_tim.o
 .debug_ranges  0x00000000000015e0      0x170 Drivers/STM32L4xx_HAL_Driver/Src/stm32l4xx_hal_tim_ex.o
 .debug_ranges  0x0000000000001750      0x200 Drivers/STM32L4xx_HAL_Driver/Src/stm32l4xx_hal_uart.o
 .debug_ranges  0x0000000000001950       0x10 C:\Users\holyc\Documents\EE Semester 9\ECSE 444\B-L475E_Flash_Sample_Ctrl\Core\Lib\libarm_cortexM4lf_math.a(arm_sin_f32.o)

.debug_macro    0x0000000000000000    0x2a235
 .debug_macro   0x0000000000000000       0x86 Core/Components/lsm6dsl/lsm6dsl.o
 .debug_macro   0x0000000000000086      0x428 Core/Components/lsm6dsl/lsm6dsl.o
 .debug_macro   0x00000000000004ae      0x47c Core/Src/main.o
 .debug_macro   0x000000000000092a      0x1bf Core/Src/main.o
 .debug_macro   0x0000000000000ae9       0x2e Core/Src/main.o
 .debug_macro   0x0000000000000b17       0x28 Core/Src/main.o
 .debug_macro   0x0000000000000b3f       0x1c Core/Src/main.o
 .debug_macro   0x0000000000000b5b       0x22 Core/Src/main.o
 .debug_macro   0x0000000000000b7d      0x101 Core/Src/main.o
 .debug_macro   0x0000000000000c7e     0x1011 Core/Src/main.o
 .debug_macro   0x0000000000001c8f      0x11f Core/Src/main.o
 .debug_macro   0x0000000000001dae    0x19db6 Core/Src/main.o
 .debug_macro   0x000000000001bb64       0x43 Core/Src/main.o
 .debug_macro   0x000000000001bba7     0x3890 Core/Src/main.o
 .debug_macro   0x000000000001f437      0x174 Core/Src/main.o
 .debug_macro   0x000000000001f5ab       0x5c Core/Src/main.o
 .debug_macro   0x000000000001f607     0x1519 Core/Src/main.o
 .debug_macro   0x0000000000020b20      0x59e Core/Src/main.o
 .debug_macro   0x00000000000210be      0x13d Core/Src/main.o
 .debug_macro   0x00000000000211fb      0x17d Core/Src/main.o
 .debug_macro   0x0000000000021378      0x26b Core/Src/main.o
 .debug_macro   0x00000000000215e3      0x23d Core/Src/main.o
 .debug_macro   0x0000000000021820      0xf83 Core/Src/main.o
 .debug_macro   0x00000000000227a3      0x632 Core/Src/main.o
 .debug_macro   0x0000000000022dd5      0x30c Core/Src/main.o
 .debug_macro   0x00000000000230e1      0x153 Core/Src/main.o
 .debug_macro   0x0000000000023234       0xd8 Core/Src/main.o
 .debug_macro   0x000000000002330c      0x241 Core/Src/main.o
 .debug_macro   0x000000000002354d      0x37c Core/Src/main.o
 .debug_macro   0x00000000000238c9       0xd6 Core/Src/main.o
 .debug_macro   0x000000000002399f      0x22c Core/Src/main.o
 .debug_macro   0x0000000000023bcb       0x61 Core/Src/main.o
 .debug_macro   0x0000000000023c2c       0xa5 Core/Src/main.o
 .debug_macro   0x0000000000023cd1      0x122 Core/Src/main.o
 .debug_macro   0x0000000000023df3      0x3e9 Core/Src/main.o
 .debug_macro   0x00000000000241dc      0x2a3 Core/Src/main.o
 .debug_macro   0x000000000002447f      0xa75 Core/Src/main.o
 .debug_macro   0x0000000000024ef4      0x1e7 Core/Src/main.o
 .debug_macro   0x00000000000250db      0x59e Core/Src/main.o
 .debug_macro   0x0000000000025679       0x44 Core/Src/main.o
 .debug_macro   0x00000000000256bd      0x331 Core/Src/main.o
 .debug_macro   0x00000000000259ee       0x2e Core/Src/main.o
 .debug_macro   0x0000000000025a1c       0x46 Core/Src/main.o
 .debug_macro   0x0000000000025a62       0x18 Core/Src/main.o
 .debug_macro   0x0000000000025a7a       0x3c Core/Src/main.o
 .debug_macro   0x0000000000025ab6       0x34 Core/Src/main.o
 .debug_macro   0x0000000000025aea       0x16 Core/Src/main.o
 .debug_macro   0x0000000000025b00       0x35 Core/Src/main.o
 .debug_macro   0x0000000000025b35      0x32a Core/Src/main.o
 .debug_macro   0x0000000000025e5f       0x10 Core/Src/main.o
 .debug_macro   0x0000000000025e6f       0x52 Core/Src/main.o
 .debug_macro   0x0000000000025ec1       0x1f Core/Src/main.o
 .debug_macro   0x0000000000025ee0       0x43 Core/Src/main.o
 .debug_macro   0x0000000000025f23       0x20 Core/Src/main.o
 .debug_macro   0x0000000000025f43      0x1a3 Core/Src/main.o
 .debug_macro   0x00000000000260e6       0x10 Core/Src/main.o
 .debug_macro   0x00000000000260f6       0x1c Core/Src/main.o
 .debug_macro   0x0000000000026112       0x52 Core/Src/main.o
 .debug_macro   0x0000000000026164       0x40 Core/Src/main.o
 .debug_macro   0x00000000000261a4       0x10 Core/Src/main.o
 .debug_macro   0x00000000000261b4       0x40 Core/Src/main.o
 .debug_macro   0x00000000000261f4       0xd7 Core/Src/main.o
 .debug_macro   0x00000000000262cb       0x1c Core/Src/main.o
 .debug_macro   0x00000000000262e7       0x3d Core/Src/main.o
 .debug_macro   0x0000000000026324       0x16 Core/Src/main.o
 .debug_macro   0x000000000002633a      0x145 Core/Src/main.o
 .debug_macro   0x000000000002647f       0x16 Core/Src/main.o
 .debug_macro   0x0000000000026495       0x20 Core/Src/main.o
 .debug_macro   0x00000000000264b5      0x1c0 Core/Src/main.o
 .debug_macro   0x0000000000026675      0x1a3 Core/Src/main.o
 .debug_macro   0x0000000000026818       0x22 Core/Src/main.o
 .debug_macro   0x000000000002683a      0x1e1 Core/Src/main.o
 .debug_macro   0x0000000000026a1b      0x201 Core/Src/main.o
 .debug_macro   0x0000000000026c1c       0xc8 Core/Src/main.o
 .debug_macro   0x0000000000026ce4      0x247 Core/Src/stm32l475e_iot01.o
 .debug_macro   0x0000000000026f2b      0x1ba Core/Src/stm32l475e_iot01.o
 .debug_macro   0x00000000000270e5      0x25a Core/Src/stm32l475e_iot01_accelero.o
 .debug_macro   0x000000000002733f      0x24a Core/Src/stm32l475e_iot01_qspi.o
 .debug_macro   0x0000000000027589      0x229 Core/Src/stm32l4xx_hal_msp.o
 .debug_macro   0x00000000000277b2      0x233 Core/Src/stm32l4xx_it.o
 .debug_macro   0x00000000000279e5      0x220 Core/Src/system_stm32l4xx.o
 .debug_macro   0x0000000000027c05      0x268 Drivers/STM32L4xx_HAL_Driver/Src/stm32l4xx_hal.o
 .debug_macro   0x0000000000027e6d      0x237 Drivers/STM32L4xx_HAL_Driver/Src/stm32l4xx_hal_adc.o
 .debug_macro   0x00000000000280a4      0x226 Drivers/STM32L4xx_HAL_Driver/Src/stm32l4xx_hal_adc_ex.o
 .debug_macro   0x00000000000282ca      0x21a Drivers/STM32L4xx_HAL_Driver/Src/stm32l4xx_hal_cortex.o
 .debug_macro   0x00000000000284e4      0x229 Drivers/STM32L4xx_HAL_Driver/Src/stm32l4xx_hal_dac.o
 .debug_macro   0x000000000002870d      0x21a Drivers/STM32L4xx_HAL_Driver/Src/stm32l4xx_hal_dac_ex.o
 .debug_macro   0x0000000000028927      0x21a Drivers/STM32L4xx_HAL_Driver/Src/stm32l4xx_hal_dma.o
 .debug_macro   0x0000000000028b41      0x259 Drivers/STM32L4xx_HAL_Driver/Src/stm32l4xx_hal_gpio.o
 .debug_macro   0x0000000000028d9a      0x2df Drivers/STM32L4xx_HAL_Driver/Src/stm32l4xx_hal_i2c.o
 .debug_macro   0x0000000000029079      0x21a Drivers/STM32L4xx_HAL_Driver/Src/stm32l4xx_hal_i2c_ex.o
 .debug_macro   0x0000000000029293      0x23e Drivers/STM32L4xx_HAL_Driver/Src/stm32l4xx_hal_pwr_ex.o
 .debug_macro   0x00000000000294d1      0x23e Drivers/STM32L4xx_HAL_Driver/Src/stm32l4xx_hal_qspi.o
 .debug_macro   0x000000000002970f      0x25c Drivers/STM32L4xx_HAL_Driver/Src/stm32l4xx_hal_rcc.o
 .debug_macro   0x000000000002996b      0x250 Drivers/STM32L4xx_HAL_Driver/Src/stm32l4xx_hal_rcc_ex.o
 .debug_macro   0x0000000000029bbb      0x21b Drivers/STM32L4xx_HAL_Driver/Src/stm32l4xx_hal_tim.o
 .debug_macro   0x0000000000029dd6      0x21a Drivers/STM32L4xx_HAL_Driver/Src/stm32l4xx_hal_tim_ex.o
 .debug_macro   0x0000000000029ff0      0x245 Drivers/STM32L4xx_HAL_Driver/Src/stm32l4xx_hal_uart.o

.debug_line     0x0000000000000000    0x157ea
 .debug_line    0x0000000000000000      0x503 Core/Components/lsm6dsl/lsm6dsl.o
 .debug_line    0x0000000000000503      0xd2d Core/Src/main.o
 .debug_line    0x0000000000001230      0xa9b Core/Src/stm32l475e_iot01.o
 .debug_line    0x0000000000001ccb      0x88a Core/Src/stm32l475e_iot01_accelero.o
 .debug_line    0x0000000000002555      0xb2a Core/Src/stm32l475e_iot01_qspi.o
 .debug_line    0x000000000000307f      0x8a5 Core/Src/stm32l4xx_hal_msp.o
 .debug_line    0x0000000000003924      0x85d Core/Src/stm32l4xx_it.o
 .debug_line    0x0000000000004181      0x7ae Core/Src/system_stm32l4xx.o
 .debug_line    0x000000000000492f       0x87 Core/Startup/startup_stm32l475vgtx.o
 .debug_line    0x00000000000049b6      0xa24 Drivers/STM32L4xx_HAL_Driver/Src/stm32l4xx_hal.o
 .debug_line    0x00000000000053da     0x155c Drivers/STM32L4xx_HAL_Driver/Src/stm32l4xx_hal_adc.o
 .debug_line    0x0000000000006936     0x1255 Drivers/STM32L4xx_HAL_Driver/Src/stm32l4xx_hal_adc_ex.o
 .debug_line    0x0000000000007b8b      0xaac Drivers/STM32L4xx_HAL_Driver/Src/stm32l4xx_hal_cortex.o
 .debug_line    0x0000000000008637      0x9e3 Drivers/STM32L4xx_HAL_Driver/Src/stm32l4xx_hal_dac.o
 .debug_line    0x000000000000901a      0x94b Drivers/STM32L4xx_HAL_Driver/Src/stm32l4xx_hal_dac_ex.o
 .debug_line    0x0000000000009965      0x9a7 Drivers/STM32L4xx_HAL_Driver/Src/stm32l4xx_hal_dma.o
 .debug_line    0x000000000000a30c      0x93f Drivers/STM32L4xx_HAL_Driver/Src/stm32l4xx_hal_gpio.o
 .debug_line    0x000000000000ac4b     0x1b66 Drivers/STM32L4xx_HAL_Driver/Src/stm32l4xx_hal_i2c.o
 .debug_line    0x000000000000c7b1      0x8c7 Drivers/STM32L4xx_HAL_Driver/Src/stm32l4xx_hal_i2c_ex.o
 .debug_line    0x000000000000d078      0xb38 Drivers/STM32L4xx_HAL_Driver/Src/stm32l4xx_hal_pwr_ex.o
 .debug_line    0x000000000000dbb0      0xdd0 Drivers/STM32L4xx_HAL_Driver/Src/stm32l4xx_hal_qspi.o
 .debug_line    0x000000000000e980      0xa9b Drivers/STM32L4xx_HAL_Driver/Src/stm32l4xx_hal_rcc.o
 .debug_line    0x000000000000f41b      0xd31 Drivers/STM32L4xx_HAL_Driver/Src/stm32l4xx_hal_rcc_ex.o
 .debug_line    0x000000000001014c     0x2844 Drivers/STM32L4xx_HAL_Driver/Src/stm32l4xx_hal_tim.o
 .debug_line    0x0000000000012990     0x1614 Drivers/STM32L4xx_HAL_Driver/Src/stm32l4xx_hal_tim_ex.o
 .debug_line    0x0000000000013fa4     0x1333 Drivers/STM32L4xx_HAL_Driver/Src/stm32l4xx_hal_uart.o
 .debug_line    0x00000000000152d7      0x2d0 C:\Users\holyc\Documents\EE Semester 9\ECSE 444\B-L475E_Flash_Sample_Ctrl\Core\Lib\libarm_cortexM4lf_math.a(arm_sin_f32.o)
 .debug_line    0x00000000000155a7      0x243 C:\Users\holyc\Documents\EE Semester 9\ECSE 444\B-L475E_Flash_Sample_Ctrl\Core\Lib\libarm_cortexM4lf_math.a(arm_common_tables.o)

.debug_str      0x0000000000000000   0x10ff9f
 .debug_str     0x0000000000000000     0x52f3 Core/Components/lsm6dsl/lsm6dsl.o
                                       0x54a7 (size before relaxing)
 .debug_str     0x00000000000052f3   0x103871 Core/Src/main.o
                                     0x10943a (size before relaxing)
 .debug_str     0x0000000000108b64      0x576 Core/Src/stm32l475e_iot01.o
                                     0x101222 (size before relaxing)
 .debug_str     0x00000000001090da      0x14e Core/Src/stm32l475e_iot01_accelero.o
                                     0x101874 (size before relaxing)
 .debug_str     0x0000000000109228      0x426 Core/Src/stm32l475e_iot01_qspi.o
                                     0x100496 (size before relaxing)
 .debug_str     0x000000000010964e      0x11a Core/Src/stm32l4xx_hal_msp.o
                                     0x1009a9 (size before relaxing)
 .debug_str     0x0000000000109768       0xfb Core/Src/stm32l4xx_it.o
                                      0xff92e (size before relaxing)
 .debug_str     0x0000000000109863       0xcd Core/Src/system_stm32l4xx.o
                                      0xff4a6 (size before relaxing)
 .debug_str     0x0000000000109930       0x36 Core/Startup/startup_stm32l475vgtx.o
                                         0x86 (size before relaxing)
 .debug_str     0x0000000000109966      0x590 Drivers/STM32L4xx_HAL_Driver/Src/stm32l4xx_hal.o
                                      0xfff81 (size before relaxing)
 .debug_str     0x0000000000109ef6      0x9cb Drivers/STM32L4xx_HAL_Driver/Src/stm32l4xx_hal_adc.o
                                     0x1001f9 (size before relaxing)
 .debug_str     0x000000000010a8c1      0x705 Drivers/STM32L4xx_HAL_Driver/Src/stm32l4xx_hal_adc_ex.o
                                     0x1001dc (size before relaxing)
 .debug_str     0x000000000010afc6      0x37f Drivers/STM32L4xx_HAL_Driver/Src/stm32l4xx_hal_cortex.o
                                      0xffcf1 (size before relaxing)
 .debug_str     0x000000000010b345      0x1c3 Drivers/STM32L4xx_HAL_Driver/Src/stm32l4xx_hal_dac.o
                                      0xff8dc (size before relaxing)
 .debug_str     0x000000000010b508      0x1e8 Drivers/STM32L4xx_HAL_Driver/Src/stm32l4xx_hal_dac_ex.o
                                      0xff891 (size before relaxing)
 .debug_str     0x000000000010b6f0      0x253 Drivers/STM32L4xx_HAL_Driver/Src/stm32l4xx_hal_dma.o
                                      0xff6fe (size before relaxing)
 .debug_str     0x000000000010b943      0x228 Drivers/STM32L4xx_HAL_Driver/Src/stm32l4xx_hal_gpio.o
                                      0xff725 (size before relaxing)
 .debug_str     0x000000000010bb6b      0xd28 Drivers/STM32L4xx_HAL_Driver/Src/stm32l4xx_hal_i2c.o
                                     0x1005b7 (size before relaxing)
 .debug_str     0x000000000010c893       0xb8 Drivers/STM32L4xx_HAL_Driver/Src/stm32l4xx_hal_i2c_ex.o
                                      0xff9af (size before relaxing)
 .debug_str     0x000000000010c94b      0x49f Drivers/STM32L4xx_HAL_Driver/Src/stm32l4xx_hal_pwr_ex.o
                                      0xff9c1 (size before relaxing)
 .debug_str     0x000000000010cdea      0x582 Drivers/STM32L4xx_HAL_Driver/Src/stm32l4xx_hal_qspi.o
                                      0xffd85 (size before relaxing)
 .debug_str     0x000000000010d36c      0x3aa Drivers/STM32L4xx_HAL_Driver/Src/stm32l4xx_hal_rcc.o
                                      0xffa68 (size before relaxing)
 .debug_str     0x000000000010d716      0x3a6 Drivers/STM32L4xx_HAL_Driver/Src/stm32l4xx_hal_rcc_ex.o
                                      0xffbf9 (size before relaxing)
 .debug_str     0x000000000010dabc      0xdf2 Drivers/STM32L4xx_HAL_Driver/Src/stm32l4xx_hal_tim.o
                                     0x10072e (size before relaxing)
 .debug_str     0x000000000010e8ae      0x61c Drivers/STM32L4xx_HAL_Driver/Src/stm32l4xx_hal_tim_ex.o
                                     0x100022 (size before relaxing)
 .debug_str     0x000000000010eeca      0x831 Drivers/STM32L4xx_HAL_Driver/Src/stm32l4xx_hal_uart.o
                                     0x10005d (size before relaxing)
 .debug_str     0x000000000010f6fb      0x876 C:\Users\holyc\Documents\EE Semester 9\ECSE 444\B-L475E_Flash_Sample_Ctrl\Core\Lib\libarm_cortexM4lf_math.a(arm_sin_f32.o)
                                        0xd42 (size before relaxing)
 .debug_str     0x000000000010ff71       0x2e C:\Users\holyc\Documents\EE Semester 9\ECSE 444\B-L475E_Flash_Sample_Ctrl\Core\Lib\libarm_cortexM4lf_math.a(arm_common_tables.o)
                                        0xd1d (size before relaxing)

.comment        0x0000000000000000       0xf0
 .comment       0x0000000000000000       0x7b Core/Components/lsm6dsl/lsm6dsl.o
                                         0x7c (size before relaxing)
 .comment       0x000000000000007b       0x7c Core/Src/main.o
 .comment       0x000000000000007b       0x7c Core/Src/stm32l475e_iot01.o
 .comment       0x000000000000007b       0x7c Core/Src/stm32l475e_iot01_accelero.o
 .comment       0x000000000000007b       0x7c Core/Src/stm32l475e_iot01_qspi.o
 .comment       0x000000000000007b       0x7c Core/Src/stm32l4xx_hal_msp.o
 .comment       0x000000000000007b       0x7c Core/Src/stm32l4xx_it.o
 .comment       0x000000000000007b       0x7c Core/Src/system_stm32l4xx.o
 .comment       0x000000000000007b       0x7c Drivers/STM32L4xx_HAL_Driver/Src/stm32l4xx_hal.o
 .comment       0x000000000000007b       0x7c Drivers/STM32L4xx_HAL_Driver/Src/stm32l4xx_hal_adc.o
 .comment       0x000000000000007b       0x7c Drivers/STM32L4xx_HAL_Driver/Src/stm32l4xx_hal_adc_ex.o
 .comment       0x000000000000007b       0x7c Drivers/STM32L4xx_HAL_Driver/Src/stm32l4xx_hal_cortex.o
 .comment       0x000000000000007b       0x7c Drivers/STM32L4xx_HAL_Driver/Src/stm32l4xx_hal_dac.o
 .comment       0x000000000000007b       0x7c Drivers/STM32L4xx_HAL_Driver/Src/stm32l4xx_hal_dac_ex.o
 .comment       0x000000000000007b       0x7c Drivers/STM32L4xx_HAL_Driver/Src/stm32l4xx_hal_dma.o
 .comment       0x000000000000007b       0x7c Drivers/STM32L4xx_HAL_Driver/Src/stm32l4xx_hal_gpio.o
 .comment       0x000000000000007b       0x7c Drivers/STM32L4xx_HAL_Driver/Src/stm32l4xx_hal_i2c.o
 .comment       0x000000000000007b       0x7c Drivers/STM32L4xx_HAL_Driver/Src/stm32l4xx_hal_i2c_ex.o
 .comment       0x000000000000007b       0x7c Drivers/STM32L4xx_HAL_Driver/Src/stm32l4xx_hal_pwr_ex.o
 .comment       0x000000000000007b       0x7c Drivers/STM32L4xx_HAL_Driver/Src/stm32l4xx_hal_qspi.o
 .comment       0x000000000000007b       0x7c Drivers/STM32L4xx_HAL_Driver/Src/stm32l4xx_hal_rcc.o
 .comment       0x000000000000007b       0x7c Drivers/STM32L4xx_HAL_Driver/Src/stm32l4xx_hal_rcc_ex.o
 .comment       0x000000000000007b       0x7c Drivers/STM32L4xx_HAL_Driver/Src/stm32l4xx_hal_tim.o
 .comment       0x000000000000007b       0x7c Drivers/STM32L4xx_HAL_Driver/Src/stm32l4xx_hal_tim_ex.o
 .comment       0x000000000000007b       0x7c Drivers/STM32L4xx_HAL_Driver/Src/stm32l4xx_hal_uart.o
 .comment       0x000000000000007b       0x75 C:\Users\holyc\Documents\EE Semester 9\ECSE 444\B-L475E_Flash_Sample_Ctrl\Core\Lib\libarm_cortexM4lf_math.a(arm_sin_f32.o)
                                         0x76 (size before relaxing)
 .comment       0x00000000000000f0       0x76 C:\Users\holyc\Documents\EE Semester 9\ECSE 444\B-L475E_Flash_Sample_Ctrl\Core\Lib\libarm_cortexM4lf_math.a(arm_common_tables.o)

.debug_frame    0x0000000000000000     0x73fc
 .debug_frame   0x0000000000000000      0x168 Core/Components/lsm6dsl/lsm6dsl.o
 .debug_frame   0x0000000000000168      0x268 Core/Src/main.o
 .debug_frame   0x00000000000003d0      0x4e0 Core/Src/stm32l475e_iot01.o
 .debug_frame   0x00000000000008b0       0x98 Core/Src/stm32l475e_iot01_accelero.o
 .debug_frame   0x0000000000000948      0x300 Core/Src/stm32l475e_iot01_qspi.o
 .debug_frame   0x0000000000000c48      0x1e8 Core/Src/stm32l4xx_hal_msp.o
 .debug_frame   0x0000000000000e30      0x160 Core/Src/stm32l4xx_it.o
 .debug_frame   0x0000000000000f90       0x58 Core/Src/system_stm32l4xx.o
 .debug_frame   0x0000000000000fe8      0x498 Drivers/STM32L4xx_HAL_Driver/Src/stm32l4xx_hal.o
 .debug_frame   0x0000000000001480      0xa04 Drivers/STM32L4xx_HAL_Driver/Src/stm32l4xx_hal_adc.o
 .debug_frame   0x0000000000001e84      0x7a4 Drivers/STM32L4xx_HAL_Driver/Src/stm32l4xx_hal_adc_ex.o
 .debug_frame   0x0000000000002628      0x498 Drivers/STM32L4xx_HAL_Driver/Src/stm32l4xx_hal_cortex.o