Archive member included to satisfy reference by file (symbol)

C:\Users\holyc\Documents\EE Semester 9\ECSE 444\B-L475E_Flash_Sample_Ctrl\Core\Lib\libarm_cortexM4lf_math.a(arm_sin_f32.o)
                              Core/Src/main.o (arm_sin_f32)
C:\Users\holyc\Documents\EE Semester 9\ECSE 444\B-L475E_Flash_Sample_Ctrl\Core\Lib\libarm_cortexM4lf_math.a(arm_common_tables.o)
                              C:\Users\holyc\Documents\EE Semester 9\ECSE 444\B-L475E_Flash_Sample_Ctrl\Core\Lib\libarm_cortexM4lf_math.a(arm_sin_f32.o) (sinTable_f32)
c:/st/stm32cubeide_1.4.0/stm32cubeide/plugins/com.st.stm32cube.ide.mcu.externaltools.gnu-tools-for-stm32.7-2018-q2-update.win32_1.4.0.202007081208/tools/bin/../lib/gcc/arm-none-eabi/7.3.1/../../../../arm-none-eabi/lib/thumb/v7e-m/fpv4-sp/hard\libc_nano.a(lib_a-errno.o)
                              Core/Src/syscalls.o (__errno)
c:/st/stm32cubeide_1.4.0/stm32cubeide/plugins/com.st.stm32cube.ide.mcu.externaltools.gnu-tools-for-stm32.7-2018-q2-update.win32_1.4.0.202007081208/tools/bin/../lib/gcc/arm-none-eabi/7.3.1/../../../../arm-none-eabi/lib/thumb/v7e-m/fpv4-sp/hard\libc_nano.a(lib_a-exit.o)
                              c:/st/stm32cubeide_1.4.0/stm32cubeide/plugins/com.st.stm32cube.ide.mcu.externaltools.gnu-tools-for-stm32.7-2018-q2-update.win32_1.4.0.202007081208/tools/bin/../lib/gcc/arm-none-eabi/7.3.1/../../../../arm-none-eabi/lib/thumb/v7e-m/fpv4-sp/hard/crt0.o (exit)
c:/st/stm32cubeide_1.4.0/stm32cubeide/plugins/com.st.stm32cube.ide.mcu.externaltools.gnu-tools-for-stm32.7-2018-q2-update.win32_1.4.0.202007081208/tools/bin/../lib/gcc/arm-none-eabi/7.3.1/../../../../arm-none-eabi/lib/thumb/v7e-m/fpv4-sp/hard\libc_nano.a(lib_a-impure.o)
                              c:/st/stm32cubeide_1.4.0/stm32cubeide/plugins/com.st.stm32cube.ide.mcu.externaltools.gnu-tools-for-stm32.7-2018-q2-update.win32_1.4.0.202007081208/tools/bin/../lib/gcc/arm-none-eabi/7.3.1/../../../../arm-none-eabi/lib/thumb/v7e-m/fpv4-sp/hard\libc_nano.a(lib_a-exit.o) (_global_impure_ptr)
c:/st/stm32cubeide_1.4.0/stm32cubeide/plugins/com.st.stm32cube.ide.mcu.externaltools.gnu-tools-for-stm32.7-2018-q2-update.win32_1.4.0.202007081208/tools/bin/../lib/gcc/arm-none-eabi/7.3.1/../../../../arm-none-eabi/lib/thumb/v7e-m/fpv4-sp/hard\libc_nano.a(lib_a-init.o)
                              c:/st/stm32cubeide_1.4.0/stm32cubeide/plugins/com.st.stm32cube.ide.mcu.externaltools.gnu-tools-for-stm32.7-2018-q2-update.win32_1.4.0.202007081208/tools/bin/../lib/gcc/arm-none-eabi/7.3.1/../../../../arm-none-eabi/lib/thumb/v7e-m/fpv4-sp/hard/crt0.o (__libc_init_array)
c:/st/stm32cubeide_1.4.0/stm32cubeide/plugins/com.st.stm32cube.ide.mcu.externaltools.gnu-tools-for-stm32.7-2018-q2-update.win32_1.4.0.202007081208/tools/bin/../lib/gcc/arm-none-eabi/7.3.1/../../../../arm-none-eabi/lib/thumb/v7e-m/fpv4-sp/hard\libc_nano.a(lib_a-memset.o)
                              c:/st/stm32cubeide_1.4.0/stm32cubeide/plugins/com.st.stm32cube.ide.mcu.externaltools.gnu-tools-for-stm32.7-2018-q2-update.win32_1.4.0.202007081208/tools/bin/../lib/gcc/arm-none-eabi/7.3.1/../../../../arm-none-eabi/lib/thumb/v7e-m/fpv4-sp/hard/crt0.o (memset)
c:/st/stm32cubeide_1.4.0/stm32cubeide/plugins/com.st.stm32cube.ide.mcu.externaltools.gnu-tools-for-stm32.7-2018-q2-update.win32_1.4.0.202007081208/tools/bin/../lib/gcc/arm-none-eabi/7.3.1/thumb/v7e-m/fpv4-sp/hard\libgcc.a(_aeabi_uldivmod.o)
                              Drivers/STM32L4xx_HAL_Driver/Src/stm32l4xx_hal_uart.o (__aeabi_uldivmod)
c:/st/stm32cubeide_1.4.0/stm32cubeide/plugins/com.st.stm32cube.ide.mcu.externaltools.gnu-tools-for-stm32.7-2018-q2-update.win32_1.4.0.202007081208/tools/bin/../lib/gcc/arm-none-eabi/7.3.1/thumb/v7e-m/fpv4-sp/hard\libgcc.a(_udivmoddi4.o)
                              c:/st/stm32cubeide_1.4.0/stm32cubeide/plugins/com.st.stm32cube.ide.mcu.externaltools.gnu-tools-for-stm32.7-2018-q2-update.win32_1.4.0.202007081208/tools/bin/../lib/gcc/arm-none-eabi/7.3.1/thumb/v7e-m/fpv4-sp/hard\libgcc.a(_aeabi_uldivmod.o) (__udivmoddi4)
c:/st/stm32cubeide_1.4.0/stm32cubeide/plugins/com.st.stm32cube.ide.mcu.externaltools.gnu-tools-for-stm32.7-2018-q2-update.win32_1.4.0.202007081208/tools/bin/../lib/gcc/arm-none-eabi/7.3.1/thumb/v7e-m/fpv4-sp/hard\libgcc.a(_dvmd_tls.o)
                              c:/st/stm32cubeide_1.4.0/stm32cubeide/plugins/com.st.stm32cube.ide.mcu.externaltools.gnu-tools-for-stm32.7-2018-q2-update.win32_1.4.0.202007081208/tools/bin/../lib/gcc/arm-none-eabi/7.3.1/thumb/v7e-m/fpv4-sp/hard\libgcc.a(_aeabi_uldivmod.o) (__aeabi_ldiv0)

Allocating common symbols
Common symbol       size              file

hDiscoUart          0x80              Core/Src/stm32l475e_iot01.o
recordBuffer        0xac44            Core/Src/main.o
hdac1               0x14              Core/Src/main.o
hi2c2               0x4c              Core/Src/main.o
hdfsdm1_filter0     0x54              Core/Src/main.o
uwTick              0x4               Drivers/STM32L4xx_HAL_Driver/Src/stm32l4xx_hal.o
[...]
Memory Configuration

Name             Origin             Length             Attributes
RAM              0x0000000020000000 0x0000000000018000 xrw
RAM2             0x0000000010000000 0x0000000000008000 xrw
FLASH            0x0000000008000000 0x0000000000100000 xr
*default*        0x0000000000000000 0xffffffffffffffff

Linker script and memory map

LOAD c:/st/stm32cubeide_1.4.0/stm32cubeide/plugins/com.st.stm32cube.ide.mcu.externaltools.gnu-tools-for-stm32.7-2018-q2-update.win32_1.4.0.202007081208/tools/bin/../lib/gcc/arm-none-eabi/7.3.1/thumb/v7e-m/fpv4-sp/hard/crti.o
LOAD c:/st/stm32cubeide_1.4.0/stm32cubeide/plugins/com.st.stm32cube.ide.mcu.externaltools.gnu-tools-for-stm32.7-2018-q2-update.win32_1.4.0.202007081208/tools/bin/../lib/gcc/arm-none-eabi/7.3.1/thumb/v7e-m/fpv4-sp/hard/crtbegin.o
LOAD c:/st/stm32cubeide_1.4.0/stm32cubeide/plugins/com.st.stm32cube.ide.mcu.externaltools.gnu-tools-for-stm32.7-2018-q2-update.win32_1.4.0.202007081208/tools/bin/../lib/gcc/arm-none-eabi/7.3.1/../../../../arm-none-eabi/lib/thumb/v7e-m/fpv4-sp/hard/crt0.o
LOAD Core/Components/hts221/hts221.o
LOAD Core/Components/lis3mdl/lis3mdl.o
LOAD Core/Components/lps22hb/lps22hb.o
LOAD Core/Components/lsm6dsl/lsm6dsl.o
LOAD Core/Src/main.o
LOAD Core/Src/stm32l475e_iot01.o
LOAD Core/Src/stm32l475e_iot01_accelero.o
LOAD Core/Src/stm32l475e_iot01_gyro.o
LOAD Core/Src/stm32l475e_iot01_hsensor.o
LOAD Core/Src/stm32l475e_iot01_magneto.o
LOAD Core/Src/stm32l475e_iot01_psensor.o
LOAD Core/Src/stm32l475e_iot01_qspi.o
LOAD Core/Src/stm32l475e_iot01_tsensor.o
LOAD Core/Src/stm32l4xx_hal_msp.o
LOAD Core/Src/stm32l4xx_it.o
LOAD Core/Src/syscalls.o
LOAD Core/Src/sysmem.o
LOAD Core/Src/system_stm32l4xx.o
LOAD Core/Startup/startup_stm32l475vgtx.o
LOAD Drivers/STM32L4xx_HAL_Driver/Src/stm32l4xx_hal.o
LOAD Drivers/STM32L4xx_HAL_Driver/Src/stm32l4xx_hal_adc.o
LOAD Drivers/STM32L4xx_HAL_Driver/Src/stm32l4xx_hal_adc_ex.o
LOAD Drivers/STM32L4xx_HAL_Driver/Src/stm32l4xx_hal_cortex.o
LOAD Drivers/STM32L4xx_HAL_Driver/Src/stm32l4xx_hal_dac.o
LOAD Drivers/STM32L4xx_HAL_Driver/Src/stm32l4xx_hal_dac_ex.o
LOAD Drivers/STM32L4xx_HAL_Driver/Src/stm32l4xx_hal_dfsdm.o
LOAD Drivers/STM32L4xx_HAL_Driver/Src/stm32l4xx_hal_dma.o
LOAD Drivers/STM32L4xx_HAL_Driver/Src/stm32l4xx_hal_dma_ex.o
LOAD Drivers/STM32L4xx_HAL_Driver/Src/stm32l4xx_hal_exti.o
LOAD Drivers/STM32L4xx_HAL_Driver/Src/stm32l4xx_hal_flash.o
LOAD Drivers/STM32L4xx_HAL_Driver/Src/stm32l4xx_hal_flash_ex.o
LOAD Drivers/STM32L4xx_HAL_Driver/Src/stm32l4xx_hal_flash_ramfunc.o
LOAD Drivers/STM32L4xx_HAL_Driver/Src/stm32l4xx_hal_gpio.o
LOAD Drivers/STM32L4xx_HAL_Driver/Src/stm32l4xx_hal_i2c.o
LOAD Drivers/STM32L4xx_HAL_Driver/Src/stm32l4xx_hal_i2c_ex.o
LOAD Drivers/STM32L4xx_HAL_Driver/Src/stm32l4xx_hal_pwr.o
LOAD Drivers/STM32L4xx_HAL_Driver/Src/stm32l4xx_hal_pwr_ex.o
LOAD Drivers/STM32L4xx_HAL_Driver/Src/stm32l4xx_hal_qspi.o
LOAD Drivers/STM32L4xx_HAL_Driver/Src/stm32l4xx_hal_rcc.o
LOAD Drivers/STM32L4xx_HAL_Driver/Src/stm32l4xx_hal_rcc_ex.o
LOAD Drivers/STM32L4xx_HAL_Driver/Src/stm32l4xx_hal_tim.o
LOAD Drivers/STM32L4xx_HAL_Driver/Src/stm32l4xx_hal_tim_ex.o
LOAD Drivers/STM32L4xx_HAL_Driver/Src/stm32l4xx_hal_uart.o
LOAD Drivers/STM32L4xx_HAL_Driver/Src/stm32l4xx_hal_uart_ex.o
LOAD C:\Users\holyc\Documents\EE Semester 9\ECSE 444\B-L475E_Flash_Sample_Ctrl\Core\Lib\libarm_cortexM4lf_math.a
START GROUP
LOAD c:/st/stm32cubeide_1.4.0/stm32cubeide/plugins/com.st.stm32cube.ide.mcu.externaltools.gnu-tools-for-stm32.7-2018-q2-update.win32_1.4.0.202007081208/tools/bin/../lib/gcc/arm-none-eabi/7.3.1/../../../../arm-none-eabi/lib/thumb/v7e-m/fpv4-sp/hard\libc_nano.a
LOAD c:/st/stm32cubeide_1.4.0/stm32cubeide/plugins/com.st.stm32cube.ide.mcu.externaltools.gnu-tools-for-stm32.7-2018-q2-update.win32_1.4.0.202007081208/tools/bin/../lib/gcc/arm-none-eabi/7.3.1/../../../../arm-none-eabi/lib/thumb/v7e-m/fpv4-sp/hard\libm.a
END GROUP
START GROUP
LOAD c:/st/stm32cubeide_1.4.0/stm32cubeide/plugins/com.st.stm32cube.ide.mcu.externaltools.gnu-tools-for-stm32.7-2018-q2-update.win32_1.4.0.202007081208/tools/bin/../lib/gcc/arm-none-eabi/7.3.1/thumb/v7e-m/fpv4-sp/hard\libgcc.a
LOAD c:/st/stm32cubeide_1.4.0/stm32cubeide/plugins/com.st.stm32cube.ide.mcu.externaltools.gnu-tools-for-stm32.7-2018-q2-update.win32_1.4.0.202007081208/tools/bin/../lib/gcc/arm-none-eabi/7.3.1/../../../../arm-none-eabi/lib/thumb/v7e-m/fpv4-sp/hard\libc_nano.a
END GROUP
START GROUP
LOAD c:/st/stm32cubeide_1.4.0/stm32cubeide/plugins/com.st.stm32cube.ide.mcu.externaltools.gnu-tools-for-stm32.7-2018-q2-update.win32_1.4.0.202007081208/tools/bin/../lib/gcc/arm-none-eabi/7.3.1/thumb/v7e-m/fpv4-sp/hard\libgcc.a
LOAD c:/st/stm32cubeide_1.4.0/stm32cubeide/plugins/com.st.stm32cube.ide.mcu.externaltools.gnu-tools-for-stm32.7-2018-q2-update.win32_1.4.0.202007081208/tools/bin/../lib/gcc/arm-none-eabi/7.3.1/../../../../arm-none-eabi/lib/thumb/v7e-m/fpv4-sp/hard\libc_nano.a
LOAD c:/st/stm32cubeide_1.4.0/stm32cubeide/plugins/com.st.stm32cube.ide.mcu.externaltools.gnu-tools-for-stm32.7-2018-q2-update.win32_1.4.0.202007081208/tools/bin/../lib/gcc/arm-none-eabi/7.3.1/../../../../arm-none-eabi/lib/thumb/v7e-m/fpv4-sp/hard\libnosys.a
END GROUP
START GROUP
LOAD c:/st/stm32cubeide_1.4.0/stm32cubeide/plugins/com.st.stm32cube.ide.mcu.externaltools.gnu-tools-for-stm32.7-2018-q2-update.win32_1.4.0.202007081208/tools/bin/../lib/gcc/arm-none-eabi/7.3.1/thumb/v7e-m/fpv4-sp/hard\libgcc.a
LOAD c:/st/stm32cubeide_1.4.0/stm32cubeide/plugins/com.st.stm32cube.ide.mcu.externaltools.gnu-tools-for-stm32.7-2018-q2-update.win32_1.4.0.202007081208/tools/bin/../lib/gcc/arm-none-eabi/7.3.1/../../../../arm-none-eabi/lib/thumb/v7e-m/fpv4-sp/hard\libc_nano.a
LOAD c:/st/stm32cubeide_1.4.0/stm32cubeide/plugins/com.st.stm32cube.ide.mcu.externaltools.gnu-tools-for-stm32.7-2018-q2-update.win32_1.4.0.202007081208/tools/bin/../lib/gcc/arm-none-eabi/7.3.1/../../../../arm-none-eabi/lib/thumb/v7e-m/fpv4-sp/hard\libnosys.a
END GROUP
LOAD c:/st/stm32cubeide_1.4.0/stm32cubeide/plugins/com.st.stm32cube.ide.mcu.externaltools.gnu-tools-for-stm32.7-2018-q2-update.win32_1.4.0.202007081208/tools/bin/../lib/gcc/arm-none-eabi/7.3.1/thumb/v7e-m/fpv4-sp/hard/crtend.o
LOAD c:/st/stm32cubeide_1.4.0/stm32cubeide/plugins/com.st.stm32cube.ide.mcu.externaltools.gnu-tools-for-stm32.7-2018-q2-update.win32_1.4.0.202007081208/tools/bin/../lib/gcc/arm-none-eabi/7.3.1/thumb/v7e-m/fpv4-sp/hard/crtn.o
                0x0000000020018000                _estack = (ORIGIN (RAM) + LENGTH (RAM))
                0x0000000000000200                _Min_Heap_Size = 0x200
                0x0000000000000400                _Min_Stack_Size = 0x400

.isr_vector     0x0000000008000000      0x188
                0x0000000008000000                . = ALIGN (0x4)
 *(.isr_vector)
 .isr_vector    0x0000000008000000      0x188 Core/Startup/startup_stm32l475vgtx.o
                0x0000000008000000                g_pfnVectors
                0x0000000008000188                . = ALIGN (0x4)

.text           0x0000000008000188     0x94ec
                0x0000000008000188                . = ALIGN (0x4)
 *(.text)
 .text          0x0000000008000188       0x40 c:/st/stm32cubeide_1.4.0/stm32cubeide/plugins/com.st.stm32cube.ide.mcu.externaltools.gnu-tools-for-stm32.7-2018-q2-update.win32_1.4.0.202007081208/tools/bin/../lib/gcc/arm-none-eabi/7.3.1/thumb/v7e-m/fpv4-sp/hard/crtbegin.o
 .text          0x00000000080001c8       0x30 c:/st/stm32cubeide_1.4.0/stm32cubeide/plugins/com.st.stm32cube.ide.mcu.externaltools.gnu-tools-for-stm32.7-2018-q2-update.win32_1.4.0.202007081208/tools/bin/../lib/gcc/arm-none-eabi/7.3.1/thumb/v7e-m/fpv4-sp/hard\libgcc.a(_aeabi_uldivmod.o)
                0x00000000080001c8                __aeabi_uldivmod
 .text          0x00000000080001f8      0x2cc c:/st/stm32cubeide_1.4.0/stm32cubeide/plugins/com.st.stm32cube.ide.mcu.externaltools.gnu-tools-for-stm32.7-2018-q2-update.win32_1.4.0.202007081208/tools/bin/../lib/gcc/arm-none-eabi/7.3.1/thumb/v7e-m/fpv4-sp/hard\libgcc.a(_udivmoddi4.o)
                0x00000000080001f8                __udivmoddi4
 .text          0x00000000080004c4        0x4 c:/st/stm32cubeide_1.4.0/stm32cubeide/plugins/com.st.stm32cube.ide.mcu.externaltools.gnu-tools-for-stm32.7-2018-q2-update.win32_1.4.0.202007081208/tools/bin/../lib/gcc/arm-none-eabi/7.3.1/thumb/v7e-m/fpv4-sp/hard\libgcc.a(_dvmd_tls.o)
                0x00000000080004c4                __aeabi_idiv0
                0x00000000080004c4                __aeabi_ldiv0
 *(.text*)
 .text.LSM6DSL_AccInit
                0x00000000080004c8       0x72 Core/Components/lsm6dsl/lsm6dsl.o
                0x00000000080004c8                LSM6DSL_AccInit
 .text.LSM6DSL_AccDeInit
                0x000000000800053a       0x32 Core/Components/lsm6dsl/lsm6dsl.o
                0x000000000800053a                LSM6DSL_AccDeInit
 .text.LSM6DSL_AccReadID
                0x000000000800056c       0x16 Core/Components/lsm6dsl/lsm6dsl.o
                0x000000000800056c                LSM6DSL_AccReadID
 .text.LSM6DSL_AccLowPower
                0x0000000008000582       0x44 Core/Components/lsm6dsl/lsm6dsl.o
                0x0000000008000582                LSM6DSL_AccLowPower
 *fill*         0x00000000080005c6        0x2 
 .text.LSM6DSL_AccReadXYZ
                0x00000000080005c8      0x134 Core/Components/lsm6dsl/lsm6dsl.o
                0x00000000080005c8                LSM6DSL_AccReadXYZ
 .text.main     0x00000000080006fc      0x434 Core/Src/main.o
                0x00000000080006fc                main
 .text.SystemClock_Config
                0x0000000008000b30      0x120 Core/Src/main.o
                0x0000000008000b30                SystemClock_Config
 .text.MX_ADC1_Init
                0x0000000008000c50       0xec Core/Src/main.o
 .text.MX_DAC1_Init
                0x0000000008000d3c       0x64 Core/Src/main.o
 .text.MX_DFSDM1_Init
                0x0000000008000da0       0xcc Core/Src/main.o
 .text.MX_I2C2_Init
                0x0000000008000e6c       0x80 Core/Src/main.o
 .text.MX_QUADSPI_Init
                0x0000000008000eec       0x4c Core/Src/main.o
 .text.MX_TIM2_Init
                0x0000000008000f38       0x9c Core/Src/main.o
 .text.MX_USART1_UART_Init
                0x0000000008000fd4       0x60 Core/Src/main.o
 .text.MX_DMA_Init
                0x0000000008001034       0x4c Core/Src/main.o
 .text.MX_GPIO_Init
                0x0000000008001080      0x10c Core/Src/main.o
 .text.GenerateTone
                0x000000000800118c       0xa0 Core/Src/main.o
                0x000000000800118c                GenerateTone
 .text.MapFreqVal
                0x000000000800122c       0x60 Core/Src/main.o
                0x000000000800122c                MapFreqVal
 .text.MapModifVal
                0x000000000800128c       0x98 Core/Src/main.o
                0x000000000800128c                MapModifVal
 .text.ModifyRecFreq
                0x0000000008001324      0x148 Core/Src/main.o
                0x0000000008001324                ModifyRecFreq
 .text.HAL_DAC_ConvHalfCpltCallbackCh1
                0x000000000800146c       0x2c Core/Src/main.o
                0x000000000800146c                HAL_DAC_ConvHalfCpltCallbackCh1
 .text.HAL_DAC_ConvCpltCallbackCh1
                0x0000000008001498       0x2c Core/Src/main.o
                0x0000000008001498                HAL_DAC_ConvCpltCallbackCh1
 .text.HAL_DFSDM_FilterRegConvCpltCallback
                0x00000000080014c4       0x20 Core/Src/main.o
                0x00000000080014c4                HAL_DFSDM_FilterRegConvCpltCallback
 .text.Error_Handler
                0x00000000080014e4       0x18 Core/Src/main.o
                0x00000000080014e4                Error_Handler
 .text.I2Cx_MspInit
                0x00000000080014fc       0xb0 Core/Src/stm32l475e_iot01.o
 .text.I2Cx_Init
                0x00000000080015ac       0x5c Core/Src/stm32l475e_iot01.o
 .text.I2Cx_ReadMultiple
                0x0000000008001608       0x5a Core/Src/stm32l475e_iot01.o
 .text.I2Cx_WriteMultiple
                0x0000000008001662       0x5a Core/Src/stm32l475e_iot01.o
 .text.I2Cx_Error
                0x00000000080016bc       0x20 Core/Src/stm32l475e_iot01.o
 .text.SENSOR_IO_Init
                0x00000000080016dc       0x14 Core/Src/stm32l475e_iot01.o
                0x00000000080016dc                SENSOR_IO_Init
 .text.SENSOR_IO_Write
                0x00000000080016f0       0x34 Core/Src/stm32l475e_iot01.o
                0x00000000080016f0                SENSOR_IO_Write
 .text.SENSOR_IO_Read
                0x0000000008001724       0x3c Core/Src/stm32l475e_iot01.o
                0x0000000008001724                SENSOR_IO_Read
 .text.SENSOR_IO_ReadMultiple
                0x0000000008001760       0x3c Core/Src/stm32l475e_iot01.o
                0x0000000008001760                SENSOR_IO_ReadMultiple
 .text.BSP_ACCELERO_Init
                0x000000000800179c       0x7c Core/Src/stm32l475e_iot01_accelero.o
                0x000000000800179c                BSP_ACCELERO_Init
 .text.BSP_ACCELERO_AccGetXYZ
                0x0000000008001818       0x30 Core/Src/stm32l475e_iot01_accelero.o
                0x0000000008001818                BSP_ACCELERO_AccGetXYZ
 .text.BSP_QSPI_Init
                0x0000000008001848       0xd8 Core/Src/stm32l475e_iot01_qspi.o
                0x0000000008001848                BSP_QSPI_Init
 .text.BSP_QSPI_Read
                0x0000000008001920       0x8c Core/Src/stm32l475e_iot01_qspi.o
                0x0000000008001920                BSP_QSPI_Read
 .text.BSP_QSPI_Write
                0x00000000080019ac       0xfc Core/Src/stm32l475e_iot01_qspi.o
                0x00000000080019ac                BSP_QSPI_Write
 .text.BSP_QSPI_Erase_Block
                0x0000000008001aa8       0x88 Core/Src/stm32l475e_iot01_qspi.o
                0x0000000008001aa8                BSP_QSPI_Erase_Block
 .text.BSP_QSPI_MspInit
                0x0000000008001b30       0x80 Core/Src/stm32l475e_iot01_qspi.o
                0x0000000008001b30                BSP_QSPI_MspInit
 .text.QSPI_ResetMemory
                0x0000000008001bb0       0x88 Core/Src/stm32l475e_iot01_qspi.o
 .text.QSPI_WriteEnable
                0x0000000008001c38       0x98 Core/Src/stm32l475e_iot01_qspi.o
 .text.QSPI_AutoPollingMemReady
                0x0000000008001cd0       0x74 Core/Src/stm32l475e_iot01_qspi.o
 .text.QSPI_QuadMode
                0x0000000008001d44      0x150 Core/Src/stm32l475e_iot01_qspi.o
 .text.QSPI_HighPerfMode
                0x0000000008001e94      0x194 Core/Src/stm32l475e_iot01_qspi.o
 .text.HAL_MspInit
                0x0000000008002028       0x48 Core/Src/stm32l4xx_hal_msp.o
                0x0000000008002028                HAL_MspInit
 .text.HAL_ADC_MspInit
                0x0000000008002070       0x80 Core/Src/stm32l4xx_hal_msp.o
                0x0000000008002070                HAL_ADC_MspInit
 .text.HAL_DAC_MspInit
                0x00000000080020f0       0xd8 Core/Src/stm32l4xx_hal_msp.o
                0x00000000080020f0                HAL_DAC_MspInit
 .text.HAL_DFSDM_FilterMspInit
                0x00000000080021c8      0x114 Core/Src/stm32l4xx_hal_msp.o
                0x00000000080021c8                HAL_DFSDM_FilterMspInit
 .text.HAL_DFSDM_ChannelMspInit
                0x00000000080022dc       0x9c Core/Src/stm32l4xx_hal_msp.o
                0x00000000080022dc                HAL_DFSDM_ChannelMspInit
 .text.HAL_I2C_MspInit
                0x0000000008002378       0x88 Core/Src/stm32l4xx_hal_msp.o
                0x0000000008002378                HAL_I2C_MspInit
 .text.HAL_I2C_MspDeInit
                0x0000000008002400       0x48 Core/Src/stm32l4xx_hal_msp.o
                0x0000000008002400                HAL_I2C_MspDeInit
 .text.HAL_QSPI_MspInit
                0x0000000008002448       0x88 Core/Src/stm32l4xx_hal_msp.o
                0x0000000008002448                HAL_QSPI_MspInit
 .text.HAL_QSPI_MspDeInit
                0x00000000080024d0       0x3c Core/Src/stm32l4xx_hal_msp.o
                0x00000000080024d0                HAL_QSPI_MspDeInit
 .text.HAL_TIM_Base_MspInit
                0x000000000800250c       0x48 Core/Src/stm32l4xx_hal_msp.o
                0x000000000800250c                HAL_TIM_Base_MspInit
 .text.HAL_UART_MspInit
                0x0000000008002554       0x88 Core/Src/stm32l4xx_hal_msp.o
                0x0000000008002554                HAL_UART_MspInit
 .text.NMI_Handler
                0x00000000080025dc        0xe Core/Src/stm32l4xx_it.o
                0x00000000080025dc                NMI_Handler
 .text.HardFault_Handler
                0x00000000080025ea        0x6 Core/Src/stm32l4xx_it.o
                0x00000000080025ea                HardFault_Handler
 .text.MemManage_Handler
                0x00000000080025f0        0x6 Core/Src/stm32l4xx_it.o
                0x00000000080025f0                MemManage_Handler
 .text.BusFault_Handler
                0x00000000080025f6        0x6 Core/Src/stm32l4xx_it.o
                0x00000000080025f6                BusFault_Handler
 .text.UsageFault_Handler
                0x00000000080025fc        0x6 Core/Src/stm32l4xx_it.o
                0x00000000080025fc                UsageFault_Handler
 .text.SVC_Handler
                0x0000000008002602        0xe Core/Src/stm32l4xx_it.o
                0x0000000008002602                SVC_Handler
 .text.DebugMon_Handler
                0x0000000008002610        0xe Core/Src/stm32l4xx_it.o
                0x0000000008002610                DebugMon_Handler
 .text.PendSV_Handler
                0x000000000800261e        0xe Core/Src/stm32l4xx_it.o
                0x000000000800261e                PendSV_Handler
 .text.SysTick_Handler
                0x000000000800262c        0xc Core/Src/stm32l4xx_it.o
                0x000000000800262c                SysTick_Handler
 .text.DMA1_Channel3_IRQHandler
                0x0000000008002638       0x14 Core/Src/stm32l4xx_it.o
                0x0000000008002638                DMA1_Channel3_IRQHandler
 .text.DMA1_Channel4_IRQHandler
                0x000000000800264c       0x14 Core/Src/stm32l4xx_it.o
                0x000000000800264c                DMA1_Channel4_IRQHandler
 .text.TIM2_IRQHandler
                0x0000000008002660       0x14 Core/Src/stm32l4xx_it.o
                0x0000000008002660                TIM2_IRQHandler
 .text.EXTI15_10_IRQHandler
                0x0000000008002674       0x10 Core/Src/stm32l4xx_it.o
                0x0000000008002674                EXTI15_10_IRQHandler
 .text.SystemInit
                0x0000000008002684       0x6c Core/Src/system_stm32l4xx.o
                0x0000000008002684                SystemInit
 .text.Reset_Handler
                0x00000000080026f0       0x50 Core/Startup/startup_stm32l475vgtx.o
                0x00000000080026f0                Reset_Handler
 .text.Default_Handler
                0x0000000008002740        0x2 Core/Startup/startup_stm32l475vgtx.o
                0x0000000008002740                RTC_Alarm_IRQHandler
                0x0000000008002740                EXTI2_IRQHandler
                0x0000000008002740                TIM8_TRG_COM_IRQHandler
                0x0000000008002740                TIM8_CC_IRQHandler
                0x0000000008002740                TIM1_CC_IRQHandler
                0x0000000008002740                TSC_IRQHandler
                0x0000000008002740                TAMP_STAMP_IRQHandler
                0x0000000008002740                EXTI3_IRQHandler
                0x0000000008002740                LPTIM2_IRQHandler
                0x0000000008002740                DFSDM1_FLT1_IRQHandler
                0x0000000008002740                I2C3_ER_IRQHandler
                0x0000000008002740                DFSDM1_FLT2_IRQHandler
                0x0000000008002740                EXTI0_IRQHandler
                0x0000000008002740                I2C2_EV_IRQHandler
                0x0000000008002740                CAN1_RX0_IRQHandler
                0x0000000008002740                FPU_IRQHandler
                0x0000000008002740                TIM1_UP_TIM16_IRQHandler
                0x0000000008002740                ADC1_2_IRQHandler
                0x0000000008002740                SPI1_IRQHandler
                0x0000000008002740                TIM6_DAC_IRQHandler
                0x0000000008002740                TIM8_UP_IRQHandler
                0x0000000008002740                DMA2_Channel2_IRQHandler
                0x0000000008002740                SAI2_IRQHandler
                0x0000000008002740                DFSDM1_FLT3_IRQHandler
                0x0000000008002740                USART3_IRQHandler
                0x0000000008002740                DMA1_Channel7_IRQHandler
                0x0000000008002740                CAN1_RX1_IRQHandler
                0x0000000008002740                UART5_IRQHandler
                0x0000000008002740                ADC3_IRQHandler
                0x0000000008002740                TIM4_IRQHandler
                0x0000000008002740                DMA2_Channel1_IRQHandler
                0x0000000008002740                QUADSPI_IRQHandler
                0x0000000008002740                I2C1_EV_IRQHandler
                0x0000000008002740                DMA1_Channel6_IRQHandler
                0x0000000008002740                UART4_IRQHandler
                0x0000000008002740                DMA2_Channel4_IRQHandler
                0x0000000008002740                TIM3_IRQHandler
                0x0000000008002740                RCC_IRQHandler
                0x0000000008002740                DMA1_Channel1_IRQHandler
                0x0000000008002740                Default_Handler
                0x0000000008002740                DMA2_Channel7_IRQHandler
                0x0000000008002740                TIM7_IRQHandler
                0x0000000008002740                SDMMC1_IRQHandler
                0x0000000008002740                TIM5_IRQHandler
                0x0000000008002740                I2C3_EV_IRQHandler
                0x0000000008002740                EXTI9_5_IRQHandler
                0x0000000008002740                RTC_WKUP_IRQHandler
                0x0000000008002740                PVD_PVM_IRQHandler
                0x0000000008002740                SPI2_IRQHandler
                0x0000000008002740                CAN1_TX_IRQHandler
                0x0000000008002740                DMA2_Channel5_IRQHandler
                0x0000000008002740                DMA1_Channel5_IRQHandler
                0x0000000008002740                EXTI4_IRQHandler
                0x0000000008002740                RNG_IRQHandler
                0x0000000008002740                TIM1_TRG_COM_TIM17_IRQHandler
                0x0000000008002740                COMP_IRQHandler
                0x0000000008002740                WWDG_IRQHandler
                0x0000000008002740                LPUART1_IRQHandler
                0x0000000008002740                DMA2_Channel6_IRQHandler
                0x0000000008002740                EXTI1_IRQHandler
                0x0000000008002740                USART2_IRQHandler
                0x0000000008002740                DFSDM1_FLT0_IRQHandler
                0x0000000008002740                I2C2_ER_IRQHandler
                0x0000000008002740                DMA1_Channel2_IRQHandler
                0x0000000008002740                TIM8_BRK_IRQHandler
                0x0000000008002740                CAN1_SCE_IRQHandler
                0x0000000008002740                FLASH_IRQHandler
                0x0000000008002740                USART1_IRQHandler
                0x0000000008002740                OTG_FS_IRQHandler
                0x0000000008002740                SPI3_IRQHandler
                0x0000000008002740                I2C1_ER_IRQHandler
                0x0000000008002740                FMC_IRQHandler
                0x0000000008002740                SWPMI1_IRQHandler
                0x0000000008002740                LPTIM1_IRQHandler
                0x0000000008002740                SAI1_IRQHandler
                0x0000000008002740                DMA2_Channel3_IRQHandler
                0x0000000008002740                TIM1_BRK_TIM15_IRQHandler
 .text.HAL_Init
                0x0000000008002742       0x30 Drivers/STM32L4xx_HAL_Driver/Src/stm32l4xx_hal.o
                0x0000000008002742                HAL_Init
 *fill*         0x0000000008002772        0x2 
 .text.HAL_InitTick
                0x0000000008002774       0x78 Drivers/STM32L4xx_HAL_Driver/Src/stm32l4xx_hal.o
                0x0000000008002774                HAL_InitTick
 .text.HAL_IncTick
                0x00000000080027ec       0x28 Drivers/STM32L4xx_HAL_Driver/Src/stm32l4xx_hal.o
                0x00000000080027ec                HAL_IncTick
 .text.HAL_GetTick
                0x0000000008002814       0x18 Drivers/STM32L4xx_HAL_Driver/Src/stm32l4xx_hal.o
                0x0000000008002814                HAL_GetTick
 .text.HAL_Delay
                0x000000000800282c       0x44 Drivers/STM32L4xx_HAL_Driver/Src/stm32l4xx_hal.o
                0x000000000800282c                HAL_Delay
 .text.LL_ADC_SetCommonClock
                0x0000000008002870       0x26 Drivers/STM32L4xx_HAL_Driver/Src/stm32l4xx_hal_adc.o
 .text.LL_ADC_SetCommonPathInternalCh
                0x0000000008002896       0x26 Drivers/STM32L4xx_HAL_Driver/Src/stm32l4xx_hal_adc.o
 .text.LL_ADC_GetCommonPathInternalCh
                0x00000000080028bc       0x1c Drivers/STM32L4xx_HAL_Driver/Src/stm32l4xx_hal_adc.o
 .text.LL_ADC_SetOffset
                0x00000000080028d8       0x48 Drivers/STM32L4xx_HAL_Driver/Src/stm32l4xx_hal_adc.o
 .text.LL_ADC_GetOffsetChannel
                0x0000000008002920       0x2c Drivers/STM32L4xx_HAL_Driver/Src/stm32l4xx_hal_adc.o
 .text.LL_ADC_SetOffsetState
                0x000000000800294c       0x36 Drivers/STM32L4xx_HAL_Driver/Src/stm32l4xx_hal_adc.o
 .text.LL_ADC_REG_IsTriggerSourceSWStart
                0x0000000008002982       0x26 Drivers/STM32L4xx_HAL_Driver/Src/stm32l4xx_hal_adc.o
 .text.LL_ADC_REG_SetSequencerRanks
                0x00000000080029a8       0x58 Drivers/STM32L4xx_HAL_Driver/Src/stm32l4xx_hal_adc.o
 .text.LL_ADC_SetChannelSamplingTime
                0x0000000008002a00       0x56 Drivers/STM32L4xx_HAL_Driver/Src/stm32l4xx_hal_adc.o
 *fill*         0x0000000008002a56        0x2 
 .text.LL_ADC_SetChannelSingleDiff
                0x0000000008002a58       0x48 Drivers/STM32L4xx_HAL_Driver/Src/stm32l4xx_hal_adc.o
 .text.LL_ADC_GetMultimode
                0x0000000008002aa0       0x1c Drivers/STM32L4xx_HAL_Driver/Src/stm32l4xx_hal_adc.o
 .text.LL_ADC_GetMultiDMATransfer
                0x0000000008002abc       0x1c Drivers/STM32L4xx_HAL_Driver/Src/stm32l4xx_hal_adc.o
 .text.LL_ADC_DisableDeepPowerDown
                0x0000000008002ad8       0x24 Drivers/STM32L4xx_HAL_Driver/Src/stm32l4xx_hal_adc.o
 .text.LL_ADC_IsDeepPowerDownEnabled
                0x0000000008002afc       0x28 Drivers/STM32L4xx_HAL_Driver/Src/stm32l4xx_hal_adc.o
 .text.LL_ADC_EnableInternalRegulator
                0x0000000008002b24       0x28 Drivers/STM32L4xx_HAL_Driver/Src/stm32l4xx_hal_adc.o
 .text.LL_ADC_IsInternalRegulatorEnabled
                0x0000000008002b4c       0x28 Drivers/STM32L4xx_HAL_Driver/Src/stm32l4xx_hal_adc.o
 .text.LL_ADC_Enable
                0x0000000008002b74       0x28 Drivers/STM32L4xx_HAL_Driver/Src/stm32l4xx_hal_adc.o
 .text.LL_ADC_Disable
                0x0000000008002b9c       0x28 Drivers/STM32L4xx_HAL_Driver/Src/stm32l4xx_hal_adc.o
 .text.LL_ADC_IsEnabled
                0x0000000008002bc4       0x26 Drivers/STM32L4xx_HAL_Driver/Src/stm32l4xx_hal_adc.o
 .text.LL_ADC_IsDisableOngoing
                0x0000000008002bea       0x26 Drivers/STM32L4xx_HAL_Driver/Src/stm32l4xx_hal_adc.o
 .text.LL_ADC_REG_StartConversion
                0x0000000008002c10       0x28 Drivers/STM32L4xx_HAL_Driver/Src/stm32l4xx_hal_adc.o
 .text.LL_ADC_REG_StopConversion
                0x0000000008002c38       0x28 Drivers/STM32L4xx_HAL_Driver/Src/stm32l4xx_hal_adc.o
 .text.LL_ADC_REG_IsConversionOngoing
                0x0000000008002c60       0x26 Drivers/STM32L4xx_HAL_Driver/Src/stm32l4xx_hal_adc.o
 .text.LL_ADC_INJ_StopConversion
                0x0000000008002c86       0x28 Drivers/STM32L4xx_HAL_Driver/Src/stm32l4xx_hal_adc.o
 .text.LL_ADC_INJ_IsConversionOngoing
                0x0000000008002cae       0x26 Drivers/STM32L4xx_HAL_Driver/Src/stm32l4xx_hal_adc.o
 .text.HAL_ADC_Init
                0x0000000008002cd4      0x2a8 Drivers/STM32L4xx_HAL_Driver/Src/stm32l4xx_hal_adc.o
                0x0000000008002cd4                HAL_ADC_Init
 .text.HAL_ADC_Start
                0x0000000008002f7c      0x174 Drivers/STM32L4xx_HAL_Driver/Src/stm32l4xx_hal_adc.o
                0x0000000008002f7c                HAL_ADC_Start
 .text.HAL_ADC_Stop
                0x00000000080030f0       0x66 Drivers/STM32L4xx_HAL_Driver/Src/stm32l4xx_hal_adc.o
                0x00000000080030f0                HAL_ADC_Stop
 *fill*         0x0000000008003156        0x2 
 .text.HAL_ADC_PollForConversion
                0x0000000008003158      0x1a0 Drivers/STM32L4xx_HAL_Driver/Src/stm32l4xx_hal_adc.o
                0x0000000008003158                HAL_ADC_PollForConversion
 .text.HAL_ADC_GetValue
                0x00000000080032f8       0x1a Drivers/STM32L4xx_HAL_Driver/Src/stm32l4xx_hal_adc.o
                0x00000000080032f8                HAL_ADC_GetValue
 *fill*         0x0000000008003312        0x2 
 .text.HAL_ADC_ConfigChannel
                0x0000000008003314      0x7dc Drivers/STM32L4xx_HAL_Driver/Src/stm32l4xx_hal_adc.o
                0x0000000008003314                HAL_ADC_ConfigChannel
 .text.ADC_ConversionStop
                0x0000000008003af0      0x168 Drivers/STM32L4xx_HAL_Driver/Src/stm32l4xx_hal_adc.o
                0x0000000008003af0                ADC_ConversionStop
 .text.ADC_Enable
                0x0000000008003c58       0xb4 Drivers/STM32L4xx_HAL_Driver/Src/stm32l4xx_hal_adc.o
                0x0000000008003c58                ADC_Enable
 .text.ADC_Disable
                0x0000000008003d0c       0xb0 Drivers/STM32L4xx_HAL_Driver/Src/stm32l4xx_hal_adc.o
                0x0000000008003d0c                ADC_Disable
 .text.LL_ADC_IsEnabled
                0x0000000008003dbc       0x26 Drivers/STM32L4xx_HAL_Driver/Src/stm32l4xx_hal_adc_ex.o
 .text.LL_ADC_REG_IsConversionOngoing
                0x0000000008003de2       0x26 Drivers/STM32L4xx_HAL_Driver/Src/stm32l4xx_hal_adc_ex.o
 .text.HAL_ADCEx_MultiModeConfigChannel
                0x0000000008003e08      0x158 Drivers/STM32L4xx_HAL_Driver/Src/stm32l4xx_hal_adc_ex.o
                0x0000000008003e08                HAL_ADCEx_MultiModeConfigChannel
 .text.__NVIC_SetPriorityGrouping
                0x0000000008003f60       0x48 Drivers/STM32L4xx_HAL_Driver/Src/stm32l4xx_hal_cortex.o
 .text.__NVIC_GetPriorityGrouping
                0x0000000008003fa8       0x1c Drivers/STM32L4xx_HAL_Driver/Src/stm32l4xx_hal_cortex.o
 .text.__NVIC_EnableIRQ
                0x0000000008003fc4       0x3c Drivers/STM32L4xx_HAL_Driver/Src/stm32l4xx_hal_cortex.o
 .text.__NVIC_SetPriority
                0x0000000008004000       0x54 Drivers/STM32L4xx_HAL_Driver/Src/stm32l4xx_hal_cortex.o
 .text.NVIC_EncodePriority
                0x0000000008004054       0x66 Drivers/STM32L4xx_HAL_Driver/Src/stm32l4xx_hal_cortex.o
 *fill*         0x00000000080040ba        0x2 
 .text.SysTick_Config
                0x00000000080040bc       0x44 Drivers/STM32L4xx_HAL_Driver/Src/stm32l4xx_hal_cortex.o
 .text.HAL_NVIC_SetPriorityGrouping
                0x0000000008004100       0x16 Drivers/STM32L4xx_HAL_Driver/Src/stm32l4xx_hal_cortex.o
                0x0000000008004100                HAL_NVIC_SetPriorityGrouping
 .text.HAL_NVIC_SetPriority
                0x0000000008004116       0x38 Drivers/STM32L4xx_HAL_Driver/Src/stm32l4xx_hal_cortex.o
                0x0000000008004116                HAL_NVIC_SetPriority
 .text.HAL_NVIC_EnableIRQ
                0x000000000800414e       0x1c Drivers/STM32L4xx_HAL_Driver/Src/stm32l4xx_hal_cortex.o
                0x000000000800414e                HAL_NVIC_EnableIRQ
 .text.HAL_SYSTICK_Config
                0x000000000800416a       0x18 Drivers/STM32L4xx_HAL_Driver/Src/stm32l4xx_hal_cortex.o
                0x000000000800416a                HAL_SYSTICK_Config
 .text.HAL_DAC_Init
                0x0000000008004182       0x44 Drivers/STM32L4xx_HAL_Driver/Src/stm32l4xx_hal_dac.o
                0x0000000008004182                HAL_DAC_Init
 *fill*         0x00000000080041c6        0x2 
 .text.HAL_DAC_Start_DMA
                0x00000000080041c8      0x17c Drivers/STM32L4xx_HAL_Driver/Src/stm32l4xx_hal_dac.o
                0x00000000080041c8                HAL_DAC_Start_DMA
 .text.HAL_DAC_Stop_DMA
                0x0000000008004344       0x8a Drivers/STM32L4xx_HAL_Driver/Src/stm32l4xx_hal_dac.o
                0x0000000008004344                HAL_DAC_Stop_DMA
 .text.HAL_DAC_ErrorCallbackCh1
                0x00000000080043ce       0x14 Drivers/STM32L4xx_HAL_Driver/Src/stm32l4xx_hal_dac.o
                0x00000000080043ce                HAL_DAC_ErrorCallbackCh1
 .text.HAL_DAC_ConfigChannel
                0x00000000080043e2      0x234 Drivers/STM32L4xx_HAL_Driver/Src/stm32l4xx_hal_dac.o
                0x00000000080043e2                HAL_DAC_ConfigChannel
 .text.DAC_DMAConvCpltCh1
                0x0000000008004616       0x22 Drivers/STM32L4xx_HAL_Driver/Src/stm32l4xx_hal_dac.o
                0x0000000008004616                DAC_DMAConvCpltCh1
 .text.DAC_DMAHalfConvCpltCh1
                0x0000000008004638       0x1c Drivers/STM32L4xx_HAL_Driver/Src/stm32l4xx_hal_dac.o
                0x0000000008004638                DAC_DMAHalfConvCpltCh1
 .text.DAC_DMAErrorCh1
                0x0000000008004654       0x2e Drivers/STM32L4xx_HAL_Driver/Src/stm32l4xx_hal_dac.o
                0x0000000008004654                DAC_DMAErrorCh1
 .text.HAL_DACEx_ConvCpltCallbackCh2
                0x0000000008004682       0x14 Drivers/STM32L4xx_HAL_Driver/Src/stm32l4xx_hal_dac_ex.o
                0x0000000008004682                HAL_DACEx_ConvCpltCallbackCh2
 .text.HAL_DACEx_ConvHalfCpltCallbackCh2
                0x0000000008004696       0x14 Drivers/STM32L4xx_HAL_Driver/Src/stm32l4xx_hal_dac_ex.o
                0x0000000008004696                HAL_DACEx_ConvHalfCpltCallbackCh2
 .text.HAL_DACEx_ErrorCallbackCh2
                0x00000000080046aa       0x14 Drivers/STM32L4xx_HAL_Driver/Src/stm32l4xx_hal_dac_ex.o
                0x00000000080046aa                HAL_DACEx_ErrorCallbackCh2
 .text.DAC_DMAConvCpltCh2
                0x00000000080046be       0x22 Drivers/STM32L4xx_HAL_Driver/Src/stm32l4xx_hal_dac_ex.o
                0x00000000080046be                DAC_DMAConvCpltCh2
 .text.DAC_DMAHalfConvCpltCh2
                0x00000000080046e0       0x1c Drivers/STM32L4xx_HAL_Driver/Src/stm32l4xx_hal_dac_ex.o
                0x00000000080046e0                DAC_DMAHalfConvCpltCh2
 .text.DAC_DMAErrorCh2
                0x00000000080046fc       0x2e Drivers/STM32L4xx_HAL_Driver/Src/stm32l4xx_hal_dac_ex.o
                0x00000000080046fc                DAC_DMAErrorCh2
 *fill*         0x000000000800472a        0x2 
 .text.HAL_DFSDM_ChannelInit
                0x000000000800472c      0x180 Drivers/STM32L4xx_HAL_Driver/Src/stm32l4xx_hal_dfsdm.o
                0x000000000800472c                HAL_DFSDM_ChannelInit
 .text.HAL_DFSDM_FilterInit
                0x00000000080048ac      0x1b4 Drivers/STM32L4xx_HAL_Driver/Src/stm32l4xx_hal_dfsdm.o
                0x00000000080048ac                HAL_DFSDM_FilterInit
 .text.HAL_DFSDM_FilterConfigRegChannel
                0x0000000008004a60       0x8a Drivers/STM32L4xx_HAL_Driver/Src/stm32l4xx_hal_dfsdm.o
                0x0000000008004a60                HAL_DFSDM_FilterConfigRegChannel
 *fill*         0x0000000008004aea        0x2 
 .text.HAL_DFSDM_FilterRegularStart_DMA
                0x0000000008004aec      0x104 Drivers/STM32L4xx_HAL_Driver/Src/stm32l4xx_hal_dfsdm.o
                0x0000000008004aec                HAL_DFSDM_FilterRegularStart_DMA
 .text.HAL_DFSDM_FilterRegularStop_DMA
                0x0000000008004bf0       0x40 Drivers/STM32L4xx_HAL_Driver/Src/stm32l4xx_hal_dfsdm.o
                0x0000000008004bf0                HAL_DFSDM_FilterRegularStop_DMA
 .text.HAL_DFSDM_FilterRegConvHalfCpltCallback
                0x0000000008004c30       0x14 Drivers/STM32L4xx_HAL_Driver/Src/stm32l4xx_hal_dfsdm.o
                0x0000000008004c30                HAL_DFSDM_FilterRegConvHalfCpltCallback
 .text.HAL_DFSDM_FilterErrorCallback
                0x0000000008004c44       0x14 Drivers/STM32L4xx_HAL_Driver/Src/stm32l4xx_hal_dfsdm.o
                0x0000000008004c44                HAL_DFSDM_FilterErrorCallback
 .text.DFSDM_DMARegularHalfConvCplt
                0x0000000008004c58       0x1c Drivers/STM32L4xx_HAL_Driver/Src/stm32l4xx_hal_dfsdm.o
 .text.DFSDM_DMARegularConvCplt
                0x0000000008004c74       0x1c Drivers/STM32L4xx_HAL_Driver/Src/stm32l4xx_hal_dfsdm.o
 .text.DFSDM_DMAError
                0x0000000008004c90       0x22 Drivers/STM32L4xx_HAL_Driver/Src/stm32l4xx_hal_dfsdm.o
 *fill*         0x0000000008004cb2        0x2 
 .text.DFSDM_GetChannelFromInstance
                0x0000000008004cb4       0x98 Drivers/STM32L4xx_HAL_Driver/Src/stm32l4xx_hal_dfsdm.o
 .text.DFSDM_RegConvStart
                0x0000000008004d4c       0xac Drivers/STM32L4xx_HAL_Driver/Src/stm32l4xx_hal_dfsdm.o
 .text.DFSDM_RegConvStop
                0x0000000008004df8       0x9a Drivers/STM32L4xx_HAL_Driver/Src/stm32l4xx_hal_dfsdm.o
 *fill*         0x0000000008004e92        0x2 
 .text.HAL_DMA_Init
                0x0000000008004e94      0x170 Drivers/STM32L4xx_HAL_Driver/Src/stm32l4xx_hal_dma.o
                0x0000000008004e94                HAL_DMA_Init
 .text.HAL_DMA_Start_IT
                0x0000000008005004       0xc0 Drivers/STM32L4xx_HAL_Driver/Src/stm32l4xx_hal_dma.o
                0x0000000008005004                HAL_DMA_Start_IT
 .text.HAL_DMA_Abort
                0x00000000080050c4       0x7c Drivers/STM32L4xx_HAL_Driver/Src/stm32l4xx_hal_dma.o
                0x00000000080050c4                HAL_DMA_Abort
 .text.HAL_DMA_IRQHandler
                0x0000000008005140      0x15e Drivers/STM32L4xx_HAL_Driver/Src/stm32l4xx_hal_dma.o
                0x0000000008005140                HAL_DMA_IRQHandler
 .text.DMA_SetConfig
                0x000000000800529e       0x60 Drivers/STM32L4xx_HAL_Driver/Src/stm32l4xx_hal_dma.o
 *fill*         0x00000000080052fe        0x2 
 .text.HAL_GPIO_Init
                0x0000000008005300      0x350 Drivers/STM32L4xx_HAL_Driver/Src/stm32l4xx_hal_gpio.o
                0x0000000008005300                HAL_GPIO_Init
 .text.HAL_GPIO_DeInit
                0x0000000008005650      0x1e8 Drivers/STM32L4xx_HAL_Driver/Src/stm32l4xx_hal_gpio.o
                0x0000000008005650                HAL_GPIO_DeInit
 .text.HAL_GPIO_WritePin
                0x0000000008005838       0x30 Drivers/STM32L4xx_HAL_Driver/Src/stm32l4xx_hal_gpio.o
                0x0000000008005838                HAL_GPIO_WritePin
 .text.HAL_GPIO_EXTI_IRQHandler
                0x0000000008005868       0x30 Drivers/STM32L4xx_HAL_Driver/Src/stm32l4xx_hal_gpio.o
                0x0000000008005868                HAL_GPIO_EXTI_IRQHandler
 .text.HAL_GPIO_EXTI_Callback
                0x0000000008005898       0x16 Drivers/STM32L4xx_HAL_Driver/Src/stm32l4xx_hal_gpio.o
                0x0000000008005898                HAL_GPIO_EXTI_Callback
 .text.HAL_I2C_Init
                0x00000000080058ae      0x11e Drivers/STM32L4xx_HAL_Driver/Src/stm32l4xx_hal_i2c.o
                0x00000000080058ae                HAL_I2C_Init
 .text.HAL_I2C_DeInit
                0x00000000080059cc       0x5e Drivers/STM32L4xx_HAL_Driver/Src/stm32l4xx_hal_i2c.o
                0x00000000080059cc                HAL_I2C_DeInit
 *fill*         0x0000000008005a2a        0x2 
 .text.HAL_I2C_Mem_Write
                0x0000000008005a2c      0x228 Drivers/STM32L4xx_HAL_Driver/Src/stm32l4xx_hal_i2c.o
                0x0000000008005a2c                HAL_I2C_Mem_Write
 .text.HAL_I2C_Mem_Read
                0x0000000008005c54      0x234 Drivers/STM32L4xx_HAL_Driver/Src/stm32l4xx_hal_i2c.o
                0x0000000008005c54                HAL_I2C_Mem_Read
 .text.I2C_RequestMemoryWrite
                0x0000000008005e88       0xa8 Drivers/STM32L4xx_HAL_Driver/Src/stm32l4xx_hal_i2c.o
 .text.I2C_RequestMemoryRead
                0x0000000008005f30       0xa8 Drivers/STM32L4xx_HAL_Driver/Src/stm32l4xx_hal_i2c.o
 .text.I2C_Flush_TXDR
                0x0000000008005fd8       0x48 Drivers/STM32L4xx_HAL_Driver/Src/stm32l4xx_hal_i2c.o
 .text.I2C_WaitOnFlagUntilTimeout
                0x0000000008006020       0x80 Drivers/STM32L4xx_HAL_Driver/Src/stm32l4xx_hal_i2c.o
 .text.I2C_WaitOnTXISFlagUntilTimeout
                0x00000000080060a0       0x80 Drivers/STM32L4xx_HAL_Driver/Src/stm32l4xx_hal_i2c.o
 .text.I2C_WaitOnSTOPFlagUntilTimeout
                0x0000000008006120       0x78 Drivers/STM32L4xx_HAL_Driver/Src/stm32l4xx_hal_i2c.o
 .text.I2C_IsAcknowledgeFailed
                0x0000000008006198       0xcc Drivers/STM32L4xx_HAL_Driver/Src/stm32l4xx_hal_i2c.o
 .text.I2C_TransferConfig
                0x0000000008006264       0x5c Drivers/STM32L4xx_HAL_Driver/Src/stm32l4xx_hal_i2c.o
 .text.HAL_I2CEx_ConfigAnalogFilter
                0x00000000080062c0       0x96 Drivers/STM32L4xx_HAL_Driver/Src/stm32l4xx_hal_i2c_ex.o
                0x00000000080062c0                HAL_I2CEx_ConfigAnalogFilter
 .text.HAL_I2CEx_ConfigDigitalFilter
                0x0000000008006356       0x98 Drivers/STM32L4xx_HAL_Driver/Src/stm32l4xx_hal_i2c_ex.o
                0x0000000008006356                HAL_I2CEx_ConfigDigitalFilter
 *fill*         0x00000000080063ee        0x2 
 .text.HAL_PWREx_GetVoltageRange
                0x00000000080063f0       0x1c Drivers/STM32L4xx_HAL_Driver/Src/stm32l4xx_hal_pwr_ex.o
                0x00000000080063f0                HAL_PWREx_GetVoltageRange
 .text.HAL_PWREx_ControlVoltageScaling
                0x000000000800640c       0xac Drivers/STM32L4xx_HAL_Driver/Src/stm32l4xx_hal_pwr_ex.o
                0x000000000800640c                HAL_PWREx_ControlVoltageScaling
 .text.HAL_QSPI_Init
                0x00000000080064b8       0xec Drivers/STM32L4xx_HAL_Driver/Src/stm32l4xx_hal_qspi.o
                0x00000000080064b8                HAL_QSPI_Init
 .text.HAL_QSPI_DeInit
                0x00000000080065a4       0x48 Drivers/STM32L4xx_HAL_Driver/Src/stm32l4xx_hal_qspi.o
                0x00000000080065a4                HAL_QSPI_DeInit
 .text.HAL_QSPI_Command
                0x00000000080065ec       0xbc Drivers/STM32L4xx_HAL_Driver/Src/stm32l4xx_hal_qspi.o
                0x00000000080065ec                HAL_QSPI_Command
 .text.HAL_QSPI_Transmit
                0x00000000080066a8      0x12e Drivers/STM32L4xx_HAL_Driver/Src/stm32l4xx_hal_qspi.o
                0x00000000080066a8                HAL_QSPI_Transmit
 .text.HAL_QSPI_Receive
                0x00000000080067d6      0x144 Drivers/STM32L4xx_HAL_Driver/Src/stm32l4xx_hal_qspi.o
                0x00000000080067d6                HAL_QSPI_Receive
 .text.HAL_QSPI_AutoPolling
                0x000000000800691a       0xee Drivers/STM32L4xx_HAL_Driver/Src/stm32l4xx_hal_qspi.o
                0x000000000800691a                HAL_QSPI_AutoPolling
 .text.HAL_QSPI_Abort
                0x0000000008006a08       0xda Drivers/STM32L4xx_HAL_Driver/Src/stm32l4xx_hal_qspi.o
                0x0000000008006a08                HAL_QSPI_Abort
 .text.HAL_QSPI_SetTimeout
                0x0000000008006ae2       0x1c Drivers/STM32L4xx_HAL_Driver/Src/stm32l4xx_hal_qspi.o
                0x0000000008006ae2                HAL_QSPI_SetTimeout
 .text.QSPI_WaitFlagStateUntilTimeout
                0x0000000008006afe       0x6e Drivers/STM32L4xx_HAL_Driver/Src/stm32l4xx_hal_qspi.o
 .text.QSPI_Config
                0x0000000008006b6c      0x30c Drivers/STM32L4xx_HAL_Driver/Src/stm32l4xx_hal_qspi.o
 .text.HAL_RCC_OscConfig
                0x0000000008006e78      0x7cc Drivers/STM32L4xx_HAL_Driver/Src/stm32l4xx_hal_rcc.o
                0x0000000008006e78                HAL_RCC_OscConfig
 .text.HAL_RCC_ClockConfig
                0x0000000008007644      0x1c4 Drivers/STM32L4xx_HAL_Driver/Src/stm32l4xx_hal_rcc.o
                0x0000000008007644                HAL_RCC_ClockConfig
 .text.HAL_RCC_GetSysClockFreq
                0x0000000008007808      0x114 Drivers/STM32L4xx_HAL_Driver/Src/stm32l4xx_hal_rcc.o
                0x0000000008007808                HAL_RCC_GetSysClockFreq
 .text.HAL_RCC_GetHCLKFreq
                0x000000000800791c       0x18 Drivers/STM32L4xx_HAL_Driver/Src/stm32l4xx_hal_rcc.o
                0x000000000800791c                HAL_RCC_GetHCLKFreq
 .text.HAL_RCC_GetPCLK1Freq
                0x0000000008007934       0x2c Drivers/STM32L4xx_HAL_Driver/Src/stm32l4xx_hal_rcc.o
                0x0000000008007934                HAL_RCC_GetPCLK1Freq
 .text.HAL_RCC_GetPCLK2Freq
                0x0000000008007960       0x2c Drivers/STM32L4xx_HAL_Driver/Src/stm32l4xx_hal_rcc.o
                0x0000000008007960                HAL_RCC_GetPCLK2Freq
 .text.RCC_SetFlashLatencyFromMSIRange
                0x000000000800798c       0xc0 Drivers/STM32L4xx_HAL_Driver/Src/stm32l4xx_hal_rcc.o
 .text.HAL_RCCEx_PeriphCLKConfig
                0x0000000008007a4c      0x5cc Drivers/STM32L4xx_HAL_Driver/Src/stm32l4xx_hal_rcc_ex.o
                0x0000000008007a4c                HAL_RCCEx_PeriphCLKConfig
 .text.RCCEx_PLLSAI1_Config
                0x0000000008008018      0x1e0 Drivers/STM32L4xx_HAL_Driver/Src/stm32l4xx_hal_rcc_ex.o
 .text.RCCEx_PLLSAI2_Config
                0x00000000080081f8      0x1b4 Drivers/STM32L4xx_HAL_Driver/Src/stm32l4xx_hal_rcc_ex.o
 .text.HAL_TIM_Base_Init
                0x00000000080083ac       0xae Drivers/STM32L4xx_HAL_Driver/Src/stm32l4xx_hal_tim.o
                0x00000000080083ac                HAL_TIM_Base_Init
 *fill*         0x000000000800845a        0x2 
 .text.HAL_TIM_Base_Start_IT
                0x000000000800845c       0xe0 Drivers/STM32L4xx_HAL_Driver/Src/stm32l4xx_hal_tim.o
                0x000000000800845c                HAL_TIM_Base_Start_IT
 .text.HAL_TIM_IRQHandler
                0x000000000800853c      0x23e Drivers/STM32L4xx_HAL_Driver/Src/stm32l4xx_hal_tim.o
                0x000000000800853c                HAL_TIM_IRQHandler
 .text.HAL_TIM_ConfigClockSource
                0x000000000800877a      0x172 Drivers/STM32L4xx_HAL_Driver/Src/stm32l4xx_hal_tim.o
                0x000000000800877a                HAL_TIM_ConfigClockSource
 .text.HAL_TIM_PeriodElapsedCallback
                0x00000000080088ec       0x14 Drivers/STM32L4xx_HAL_Driver/Src/stm32l4xx_hal_tim.o
                0x00000000080088ec                HAL_TIM_PeriodElapsedCallback
 .text.HAL_TIM_OC_DelayElapsedCallback
                0x0000000008008900       0x14 Drivers/STM32L4xx_HAL_Driver/Src/stm32l4xx_hal_tim.o
                0x0000000008008900                HAL_TIM_OC_DelayElapsedCallback
 .text.HAL_TIM_IC_CaptureCallback
                0x0000000008008914       0x14 Drivers/STM32L4xx_HAL_Driver/Src/stm32l4xx_hal_tim.o
                0x0000000008008914                HAL_TIM_IC_CaptureCallback
 .text.HAL_TIM_PWM_PulseFinishedCallback
                0x0000000008008928       0x14 Drivers/STM32L4xx_HAL_Driver/Src/stm32l4xx_hal_tim.o
                0x0000000008008928                HAL_TIM_PWM_PulseFinishedCallback
 .text.HAL_TIM_TriggerCallback
                0x000000000800893c       0x14 Drivers/STM32L4xx_HAL_Driver/Src/stm32l4xx_hal_tim.o
                0x000000000800893c                HAL_TIM_TriggerCallback
 .text.TIM_Base_SetConfig
                0x0000000008008950      0x134 Drivers/STM32L4xx_HAL_Driver/Src/stm32l4xx_hal_tim.o
                0x0000000008008950                TIM_Base_SetConfig
 .text.TIM_TI1_ConfigInputStage
                0x0000000008008a84       0x5e Drivers/STM32L4xx_HAL_Driver/Src/stm32l4xx_hal_tim.o
 .text.TIM_TI2_ConfigInputStage
                0x0000000008008ae2       0x60 Drivers/STM32L4xx_HAL_Driver/Src/stm32l4xx_hal_tim.o
 .text.TIM_ITRx_SetConfig
                0x0000000008008b42       0x36 Drivers/STM32L4xx_HAL_Driver/Src/stm32l4xx_hal_tim.o
 .text.TIM_ETR_SetConfig
                0x0000000008008b78       0x40 Drivers/STM32L4xx_HAL_Driver/Src/stm32l4xx_hal_tim.o
                0x0000000008008b78                TIM_ETR_SetConfig
 .text.HAL_TIMEx_MasterConfigSynchronization
                0x0000000008008bb8      0x110 Drivers/STM32L4xx_HAL_Driver/Src/stm32l4xx_hal_tim_ex.o
                0x0000000008008bb8                HAL_TIMEx_MasterConfigSynchronization
 .text.HAL_TIMEx_CommutCallback
                0x0000000008008cc8       0x14 Drivers/STM32L4xx_HAL_Driver/Src/stm32l4xx_hal_tim_ex.o
                0x0000000008008cc8                HAL_TIMEx_CommutCallback
 .text.HAL_TIMEx_BreakCallback
                0x0000000008008cdc       0x14 Drivers/STM32L4xx_HAL_Driver/Src/stm32l4xx_hal_tim_ex.o
                0x0000000008008cdc                HAL_TIMEx_BreakCallback
 .text.HAL_TIMEx_Break2Callback
                0x0000000008008cf0       0x14 Drivers/STM32L4xx_HAL_Driver/Src/stm32l4xx_hal_tim_ex.o
                0x0000000008008cf0                HAL_TIMEx_Break2Callback
 .text.HAL_UART_Init
                0x0000000008008d04       0x9c Drivers/STM32L4xx_HAL_Driver/Src/stm32l4xx_hal_uart.o
                0x0000000008008d04                HAL_UART_Init
 .text.UART_SetConfig
                0x0000000008008da0      0x514 Drivers/STM32L4xx_HAL_Driver/Src/stm32l4xx_hal_uart.o
                0x0000000008008da0                UART_SetConfig
 .text.UART_AdvFeatureConfig
                0x00000000080092b4      0x144 Drivers/STM32L4xx_HAL_Driver/Src/stm32l4xx_hal_uart.o
                0x00000000080092b4                UART_AdvFeatureConfig
 .text.UART_CheckIdleState
                0x00000000080093f8       0x8a Drivers/STM32L4xx_HAL_Driver/Src/stm32l4xx_hal_uart.o
                0x00000000080093f8                UART_CheckIdleState
 .text.UART_WaitOnFlagUntilTimeout
                0x0000000008009482       0xf6 Drivers/STM32L4xx_HAL_Driver/Src/stm32l4xx_hal_uart.o
                0x0000000008009482                UART_WaitOnFlagUntilTimeout
 .text.arm_sin_f32
                0x0000000008009578       0x8c C:\Users\holyc\Documents\EE Semester 9\ECSE 444\B-L475E_Flash_Sample_Ctrl\Core\Lib\libarm_cortexM4lf_math.a(arm_sin_f32.o)
                0x0000000008009578                arm_sin_f32
 .text.__libc_init_array
                0x0000000008009604       0x48 c:/st/stm32cubeide_1.4.0/stm32cubeide/plugins/com.st.stm32cube.ide.mcu.externaltools.gnu-tools-for-stm32.7-2018-q2-update.win32_1.4.0.202007081208/tools/bin/../lib/gcc/arm-none-eabi/7.3.1/../../../../arm-none-eabi/lib/thumb/v7e-m/fpv4-sp/hard\libc_nano.a(lib_a-init.o)
                0x0000000008009604                __libc_init_array
 .text.memset   0x000000000800964c       0x10 c:/st/stm32cubeide_1.4.0/stm32cubeide/plugins/com.st.stm32cube.ide.mcu.externaltools.gnu-tools-for-stm32.7-2018-q2-update.win32_1.4.0.202007081208/tools/bin/../lib/gcc/arm-none-eabi/7.3.1/../../../../arm-none-eabi/lib/thumb/v7e-m/fpv4-sp/hard\libc_nano.a(lib_a-memset.o)
                0x000000000800964c                memset
 *(.glue_7)
 .glue_7        0x000000000800965c        0x0 linker stubs
 *(.glue_7t)
 .glue_7t       0x000000000800965c        0x0 linker stubs
 *(.eh_frame)
 .eh_frame      0x000000000800965c        0x0 c:/st/stm32cubeide_1.4.0/stm32cubeide/plugins/com.st.stm32cube.ide.mcu.externaltools.gnu-tools-for-stm32.7-2018-q2-update.win32_1.4.0.202007081208/tools/bin/../lib/gcc/arm-none-eabi/7.3.1/thumb/v7e-m/fpv4-sp/hard/crtbegin.o
 *(.init)
 .init          0x000000000800965c        0x4 c:/st/stm32cubeide_1.4.0/stm32cubeide/plugins/com.st.stm32cube.ide.mcu.externaltools.gnu-tools-for-stm32.7-2018-q2-update.win32_1.4.0.202007081208/tools/bin/../lib/gcc/arm-none-eabi/7.3.1/thumb/v7e-m/fpv4-sp/hard/crti.o
                0x000000000800965c                _init
 .init          0x0000000008009660        0x8 c:/st/stm32cubeide_1.4.0/stm32cubeide/plugins/com.st.stm32cube.ide.mcu.externaltools.gnu-tools-for-stm32.7-2018-q2-update.win32_1.4.0.202007081208/tools/bin/../lib/gcc/arm-none-eabi/7.3.1/thumb/v7e-m/fpv4-sp/hard/crtn.o
 *(.fini)
 .fini          0x0000000008009668        0x4 c:/st/stm32cubeide_1.4.0/stm32cubeide/plugins/com.st.stm32cube.ide.mcu.externaltools.gnu-tools-for-stm32.7-2018-q2-update.win32_1.4.0.202007081208/tools/bin/../lib/gcc/arm-none-eabi/7.3.1/thumb/v7e-m/fpv4-sp/hard/crti.o
                0x0000000008009668                _fini
 .fini          0x000000000800966c        0x8 c:/st/stm32cubeide_1.4.0/stm32cubeide/plugins/com.st.stm32cube.ide.mcu.externaltools.gnu-tools-for-stm32.7-2018-q2-update.win32_1.4.0.202007081208/tools/bin/../lib/gcc/arm-none-eabi/7.3.1/thumb/v7e-m/fpv4-sp/hard/crtn.o
                0x0000000008009674                . = ALIGN (0x4)
                0x0000000008009674                _etext = .

.vfp11_veneer   0x0000000008009674        0x0
 .vfp11_veneer  0x0000000008009674        0x0 linker stubs

.v4_bx          0x0000000008009674        0x0
 .v4_bx         0x0000000008009674        0x0 linker stubs

.iplt           0x0000000008009674        0x0
 .iplt          0x0000000008009674        0x0 c:/st/stm32cubeide_1.4.0/stm32cubeide/plugins/com.st.stm32cube.ide.mcu.externaltools.gnu-tools-for-stm32.7-2018-q2-update.win32_1.4.0.202007081208/tools/bin/../lib/gcc/arm-none-eabi/7.3.1/thumb/v7e-m/fpv4-sp/hard/crtbegin.o

.rodata         0x0000000008009674      0x84c
                0x0000000008009674                . = ALIGN (0x4)
 *(.rodata)
 *(.rodata*)
 .rodata.AHBPrescTable
                0x0000000008009674       0x10 Core/Src/system_stm32l4xx.o
                0x0000000008009674                AHBPrescTable
 .rodata.APBPrescTable
                0x0000000008009684        0x8 Core/Src/system_stm32l4xx.o
                0x0000000008009684                APBPrescTable
 .rodata.MSIRangeTable
                0x000000000800968c       0x30 Core/Src/system_stm32l4xx.o
                0x000000000800968c                MSIRangeTable
 .rodata.sinTable_f32
                0x00000000080096bc      0x804 C:\Users\holyc\Documents\EE Semester 9\ECSE 444\B-L475E_Flash_Sample_Ctrl\Core\Lib\libarm_cortexM4lf_math.a(arm_common_tables.o)
                0x00000000080096bc                sinTable_f32
                0x0000000008009ec0                . = ALIGN (0x4)

.ARM.extab      0x0000000008009ec0        0x0
                0x0000000008009ec0                . = ALIGN (0x4)
 *(.ARM.extab* .gnu.linkonce.armextab.*)
                0x0000000008009ec0                . = ALIGN (0x4)

.ARM            0x0000000008009ec0        0x8
                0x0000000008009ec0                . = ALIGN (0x4)
                0x0000000008009ec0                __exidx_start = .
 *(.ARM.exidx*)
 .ARM.exidx     0x0000000008009ec0        0x8 c:/st/stm32cubeide_1.4.0/stm32cubeide/plugins/com.st.stm32cube.ide.mcu.externaltools.gnu-tools-for-stm32.7-2018-q2-update.win32_1.4.0.202007081208/tools/bin/../lib/gcc/arm-none-eabi/7.3.1/thumb/v7e-m/fpv4-sp/hard\libgcc.a(_udivmoddi4.o)
                0x0000000008009ec8                __exidx_end = .
                0x0000000008009ec8                . = ALIGN (0x4)

.rel.dyn        0x0000000008009ec8        0x0
 .rel.iplt      0x0000000008009ec8        0x0 c:/st/stm32cubeide_1.4.0/stm32cubeide/plugins/com.st.stm32cube.ide.mcu.externaltools.gnu-tools-for-stm32.7-2018-q2-update.win32_1.4.0.202007081208/tools/bin/../lib/gcc/arm-none-eabi/7.3.1/thumb/v7e-m/fpv4-sp/hard/crtbegin.o

.preinit_array  0x0000000008009ec8        0x0
                0x0000000008009ec8                . = ALIGN (0x4)
                0x0000000008009ec8                PROVIDE (__preinit_array_start = .)
 *(.preinit_array*)
                0x0000000008009ec8                PROVIDE (__preinit_array_end = .)
                0x0000000008009ec8                . = ALIGN (0x4)

.init_array     0x0000000008009ec8        0x4
                0x0000000008009ec8                . = ALIGN (0x4)
                0x0000000008009ec8                PROVIDE (__init_array_start = .)
 *(SORT_BY_NAME(.init_array.*))
 *(.init_array*)
 .init_array    0x0000000008009ec8        0x4 c:/st/stm32cubeide_1.4.0/stm32cubeide/plugins/com.st.stm32cube.ide.mcu.externaltools.gnu-tools-for-stm32.7-2018-q2-update.win32_1.4.0.202007081208/tools/bin/../lib/gcc/arm-none-eabi/7.3.1/thumb/v7e-m/fpv4-sp/hard/crtbegin.o
                0x0000000008009ecc                PROVIDE (__init_array_end = .)
                0x0000000008009ecc                . = ALIGN (0x4)

.fini_array     0x0000000008009ecc        0x4
                0x0000000008009ecc                . = ALIGN (0x4)
                [!provide]                        PROVIDE (__fini_array_start = .)
 *(SORT_BY_NAME(.fini_array.*))
 *(.fini_array*)
 .fini_array    0x0000000008009ecc        0x4 c:/st/stm32cubeide_1.4.0/stm32cubeide/plugins/com.st.stm32cube.ide.mcu.externaltools.gnu-tools-for-stm32.7-2018-q2-update.win32_1.4.0.202007081208/tools/bin/../lib/gcc/arm-none-eabi/7.3.1/thumb/v7e-m/fpv4-sp/hard/crtbegin.o
                [!provide]                        PROVIDE (__fini_array_end = .)
                0x0000000008009ed0                . = ALIGN (0x4)
                0x0000000008009ed0                _sidata = LOADADDR (.data)

.data           0x0000000020000000       0x44 load address 0x0000000008009ed0
                0x0000000020000000                . = ALIGN (0x4)
                0x0000000020000000                _sdata = .
 *(.data)
 *(.data*)
 .data.Lsm6dslAccDrv
                0x0000000020000000       0x34 Core/Components/lsm6dsl/lsm6dsl.o
                0x0000000020000000                Lsm6dslAccDrv
 .data.vol_mod  0x0000000020000034        0x4 Core/Src/main.o
                0x0000000020000034                vol_mod
 .data.SystemCoreClock
                0x0000000020000038        0x4 Core/Src/system_stm32l4xx.o
                0x0000000020000038                SystemCoreClock
 .data.uwTickPrio
                0x000000002000003c        0x4 Drivers/STM32L4xx_HAL_Driver/Src/stm32l4xx_hal.o
                0x000000002000003c                uwTickPrio
 .data.uwTickFreq
                0x0000000020000040        0x1 Drivers/STM32L4xx_HAL_Driver/Src/stm32l4xx_hal.o
                0x0000000020000040                uwTickFreq
                0x0000000020000044                . = ALIGN (0x4)
 *fill*         0x0000000020000041        0x3 
                0x0000000020000044                _edata = .

.igot.plt       0x0000000020000044        0x0 load address 0x0000000008009f14
 .igot.plt      0x0000000020000044        0x0 c:/st/stm32cubeide_1.4.0/stm32cubeide/plugins/com.st.stm32cube.ide.mcu.externaltools.gnu-tools-for-stm32.7-2018-q2-update.win32_1.4.0.202007081208/tools/bin/../lib/gcc/arm-none-eabi/7.3.1/thumb/v7e-m/fpv4-sp/hard/crtbegin.o
                0x0000000020000044                . = ALIGN (0x4)

.bss            0x0000000020000044     0xf398 load address 0x0000000008009f14
                0x0000000020000044                _sbss = .
                0x0000000020000044                __bss_start__ = _sbss
 *(.bss)
 .bss           0x0000000020000044       0x1c c:/st/stm32cubeide_1.4.0/stm32cubeide/plugins/com.st.stm32cube.ide.mcu.externaltools.gnu-tools-for-stm32.7-2018-q2-update.win32_1.4.0.202007081208/tools/bin/../lib/gcc/arm-none-eabi/7.3.1/thumb/v7e-m/fpv4-sp/hard/crtbegin.o
 *(.bss*)
 .bss.doneRecording
                0x0000000020000060        0x1 Core/Src/main.o
                0x0000000020000060                doneRecording
 *fill*         0x0000000020000061        0x3 
 .bss.newStart  0x0000000020000064        0x4 Core/Src/main.o
                0x0000000020000064                newStart
 .bss.nextPosition
                0x0000000020000068        0x4 Core/Src/main.o
                0x0000000020000068                nextPosition
 .bss.volume    0x000000002000006c        0x1 Core/Src/main.o
                0x000000002000006c                volume
 *fill*         0x000000002000006d        0x3 
 .bss.raw_acc   0x0000000020000070        0x6 Core/Src/main.o
                0x0000000020000070                raw_acc
 *fill*         0x0000000020000076        0x2 
 .bss.conv_accX
                0x0000000020000078        0x4 Core/Src/main.o
                0x0000000020000078                conv_accX
 .bss.AccelerometerDrv
                0x000000002000007c        0x4 Core/Src/stm32l475e_iot01_accelero.o
 .bss.HAL_RCC_DFSDM1_CLK_ENABLED
                0x0000000020000080        0x4 Core/Src/stm32l4xx_hal_msp.o
 .bss.DFSDM1_Init
                0x0000000020000084        0x4 Core/Src/stm32l4xx_hal_msp.o
 .bss.v_dfsdm1ChannelCounter
                0x0000000020000088        0x4 Drivers/STM32L4xx_HAL_Driver/Src/stm32l4xx_hal_dfsdm.o
 .bss.a_dfsdm1ChannelHandle
                0x000000002000008c       0x20 Drivers/STM32L4xx_HAL_Driver/Src/stm32l4xx_hal_dfsdm.o
 *(COMMON)
 COMMON         0x00000000200000ac     0xf21c Core/Src/main.o
                0x00000000200000ac                recordBuffer
                0x000000002000acf0                hdac1
                0x000000002000ad04                hi2c2
                0x000000002000ad50                hdfsdm1_filter0
                0x000000002000ada4                tempBuffer
                0x000000002000bd44                hdma_dac_ch1
                0x000000002000bd8c                strBuf
                0x000000002000bdf0                hadc1
                0x000000002000be54                recordBufferProc
                0x000000002000e965                currState_flash
                0x000000002000e968                huart1
                0x000000002000e9e8                hdma_dfsdm1_flt0
                0x000000002000ea30                htim2
                0x000000002000ea7c                hdfsdm1_channel2
                0x000000002000eab4                audioBuffer
                0x000000002000f284                hqspi
 COMMON         0x000000002000f2c8       0xcc Core/Src/stm32l475e_iot01.o
                0x000000002000f2c8                hDiscoUart
                0x000000002000f348                hI2cHandler
 COMMON         0x000000002000f394       0x44 Core/Src/stm32l475e_iot01_qspi.o
                0x000000002000f394                QSPIHandle
 COMMON         0x000000002000f3d8        0x4 Drivers/STM32L4xx_HAL_Driver/Src/stm32l4xx_hal.o
                0x000000002000f3d8                uwTick
                0x000000002000f3dc                . = ALIGN (0x4)
                0x000000002000f3dc                _ebss = .
                0x000000002000f3dc                __bss_end__ = _ebss

._user_heap_stack
                0x000000002000f3dc      0x604 load address 0x0000000008009f14
                0x000000002000f3e0                . = ALIGN (0x8)
 *fill*         0x000000002000f3dc        0x4 
                [!provide]                        PROVIDE (end = .)
                0x000000002000f3e0                PROVIDE (_end = .)
                0x000000002000f5e0                . = (. + _Min_Heap_Size)
 *fill*         0x000000002000f3e0      0x200 
                0x000000002000f9e0                . = (. + _Min_Stack_Size)
 *fill*         0x000000002000f5e0      0x400 
                0x000000002000f9e0                . = ALIGN (0x8)

/DISCARD/
 libc.a(*)
 libm.a(*)
 libgcc.a(*)

.ARM.attributes
                0x0000000000000000       0x30
 *(.ARM.attributes)
 .ARM.attributes
                0x0000000000000000       0x22 c:/st/stm32cubeide_1.4.0/stm32cubeide/plugins/com.st.stm32cube.ide.mcu.externaltools.gnu-tools-for-stm32.7-2018-q2-update.win32_1.4.0.202007081208/tools/bin/../lib/gcc/arm-none-eabi/7.3.1/thumb/v7e-m/fpv4-sp/hard/crti.o
 .ARM.attributes
                0x0000000000000022       0x34 c:/st/stm32cubeide_1.4.0/stm32cubeide/plugins/com.st.stm32cube.ide.mcu.externaltools.gnu-tools-for-stm32.7-2018-q2-update.win32_1.4.0.202007081208/tools/bin/../lib/gcc/arm-none-eabi/7.3.1/thumb/v7e-m/fpv4-sp/hard/crtbegin.o
 .ARM.attributes
                0x0000000000000056       0x39 Core/Components/lsm6dsl/lsm6dsl.o
 .ARM.attributes
                0x000000000000008f       0x39 Core/Src/main.o
 .ARM.attributes
                0x00000000000000c8       0x39 Core/Src/stm32l475e_iot01.o
 .ARM.attributes
                0x0000000000000101       0x39 Core/Src/stm32l475e_iot01_accelero.o
 .ARM.attributes
                0x000000000000013a       0x39 Core/Src/stm32l475e_iot01_qspi.o
 .ARM.attributes
                0x0000000000000173       0x39 Core/Src/stm32l4xx_hal_msp.o
 .ARM.attributes
                0x00000000000001ac       0x39 Core/Src/stm32l4xx_it.o
 .ARM.attributes
                0x00000000000001e5       0x39 Core/Src/system_stm32l4xx.o
 .ARM.attributes
                0x000000000000021e       0x21 Core/Startup/startup_stm32l475vgtx.o
 .ARM.attributes
                0x000000000000023f       0x39 Drivers/STM32L4xx_HAL_Driver/Src/stm32l4xx_hal.o
 .ARM.attributes
                0x0000000000000278       0x39 Drivers/STM32L4xx_HAL_Driver/Src/stm32l4xx_hal_adc.o
 .ARM.attributes
                0x00000000000002b1       0x39 Drivers/STM32L4xx_HAL_Driver/Src/stm32l4xx_hal_adc_ex.o
 .ARM.attributes
                0x00000000000002ea       0x39 Drivers/STM32L4xx_HAL_Driver/Src/stm32l4xx_hal_cortex.o
 .ARM.attributes
                0x0000000000000323       0x39 Drivers/STM32L4xx_HAL_Driver/Src/stm32l4xx_hal_dac.o
 .ARM.attributes
                0x000000000000035c       0x39 Drivers/STM32L4xx_HAL_Driver/Src/stm32l4xx_hal_dac_ex.o
 .ARM.attributes
                0x0000000000000395       0x39 Drivers/STM32L4xx_HAL_Driver/Src/stm32l4xx_hal_dfsdm.o
 .ARM.attributes
                0x00000000000003ce       0x39 Drivers/STM32L4xx_HAL_Driver/Src/stm32l4xx_hal_dma.o
 .ARM.attributes
                0x0000000000000407       0x39 Drivers/STM32L4xx_HAL_Driver/Src/stm32l4xx_hal_gpio.o
 .ARM.attributes
                0x0000000000000440       0x39 Drivers/STM32L4xx_HAL_Driver/Src/stm32l4xx_hal_i2c.o
 .ARM.attributes
                0x0000000000000479       0x39 Drivers/STM32L4xx_HAL_Driver/Src/stm32l4xx_hal_i2c_ex.o
 .ARM.attributes
                0x00000000000004b2       0x39 Drivers/STM32L4xx_HAL_Driver/Src/stm32l4xx_hal_pwr_ex.o
 .ARM.attributes
                0x00000000000004eb       0x39 Drivers/STM32L4xx_HAL_Driver/Src/stm32l4xx_hal_qspi.o
 .ARM.attributes
                0x0000000000000524       0x39 Drivers/STM32L4xx_HAL_Driver/Src/stm32l4xx_hal_rcc.o
 .ARM.attributes
                0x000000000000055d       0x39 Drivers/STM32L4xx_HAL_Driver/Src/stm32l4xx_hal_rcc_ex.o
 .ARM.attributes
                0x0000000000000596       0x39 Drivers/STM32L4xx_HAL_Driver/Src/stm32l4xx_hal_tim.o
 .ARM.attributes
                0x00000000000005cf       0x39 Drivers/STM32L4xx_HAL_Driver/Src/stm32l4xx_hal_tim_ex.o
 .ARM.attributes
                0x0000000000000608       0x39 Drivers/STM32L4xx_HAL_Driver/Src/stm32l4xx_hal_uart.o
 .ARM.attributes
                0x0000000000000641       0x34 C:\Users\holyc\Documents\EE Semester 9\ECSE 444\B-L475E_Flash_Sample_Ctrl\Core\Lib\libarm_cortexM4lf_math.a(arm_sin_f32.o)
 .ARM.attributes
                0x0000000000000675       0x39 C:\Users\holyc\Documents\EE Semester 9\ECSE 444\B-L475E_Flash_Sample_Ctrl\Core\Lib\libarm_cortexM4lf_math.a(arm_common_tables.o)
 .ARM.attributes
                0x00000000000006ae       0x34 c:/st/stm32cubeide_1.4.0/stm32cubeide/plugins/com.st.stm32cube.ide.mcu.externaltools.gnu-tools-for-stm32.7-2018-q2-update.win32_1.4.0.202007081208/tools/bin/../lib/gcc/arm-none-eabi/7.3.1/../../../../arm-none-eabi/lib/thumb/v7e-m/fpv4-sp/hard\libc_nano.a(lib_a-init.o)
 .ARM.attributes
                0x00000000000006e2       0x34 c:/st/stm32cubeide_1.4.0/stm32cubeide/plugins/com.st.stm32cube.ide.mcu.externaltools.gnu-tools-for-stm32.7-2018-q2-update.win32_1.4.0.202007081208/tools/bin/../lib/gcc/arm-none-eabi/7.3.1/../../../../arm-none-eabi/lib/thumb/v7e-m/fpv4-sp/hard\libc_nano.a(lib_a-memset.o)
 .ARM.attributes
                0x0000000000000716       0x22 c:/st/stm32cubeide_1.4.0/stm32cubeide/plugins/com.st.stm32cube.ide.mcu.externaltools.gnu-tools-for-stm32.7-2018-q2-update.win32_1.4.0.202007081208/tools/bin/../lib/gcc/arm-none-eabi/7.3.1/thumb/v7e-m/fpv4-sp/hard\libgcc.a(_aeabi_uldivmod.o)
 .ARM.attributes
                0x0000000000000738       0x34 c:/st/stm32cubeide_1.4.0/stm32cubeide/plugins/com.st.stm32cube.ide.mcu.externaltools.gnu-tools-for-stm32.7-2018-q2-update.win32_1.4.0.202007081208/tools/bin/../lib/gcc/arm-none-eabi/7.3.1/thumb/v7e-m/fpv4-sp/hard\libgcc.a(_udivmoddi4.o)
 .ARM.attributes
                0x000000000000076c       0x22 c:/st/stm32cubeide_1.4.0/stm32cubeide/plugins/com.st.stm32cube.ide.mcu.externaltools.gnu-tools-for-stm32.7-2018-q2-update.win32_1.4.0.202007081208/tools/bin/../lib/gcc/arm-none-eabi/7.3.1/thumb/v7e-m/fpv4-sp/hard\libgcc.a(_dvmd_tls.o)
 .ARM.attributes
                0x000000000000078e       0x22 c:/st/stm32cubeide_1.4.0/stm32cubeide/plugins/com.st.stm32cube.ide.mcu.externaltools.gnu-tools-for-stm32.7-2018-q2-update.win32_1.4.0.202007081208/tools/bin/../lib/gcc/arm-none-eabi/7.3.1/thumb/v7e-m/fpv4-sp/hard/crtn.o
OUTPUT(B-L475E_Flash_Sample_Ctrl.elf elf32-littlearm)

.debug_info     0x0000000000000000    0x22e6c
 .debug_info    0x0000000000000000      0x540 Core/Components/lsm6dsl/lsm6dsl.o
 .debug_info    0x0000000000000540     0x364e Core/Src/main.o
 .debug_info    0x0000000000003b8e     0x1a64 Core/Src/stm32l475e_iot01.o
 .debug_info    0x00000000000055f2      0x651 Core/Src/stm32l475e_iot01_accelero.o
 .debug_info    0x0000000000005c43     0x117c Core/Src/stm32l475e_iot01_qspi.o
 .debug_info    0x0000000000006dbf     0x247a Core/Src/stm32l4xx_hal_msp.o
 .debug_info    0x0000000000009239      0x930 Core/Src/stm32l4xx_it.o
 .debug_info    0x0000000000009b69      0x727 Core/Src/system_stm32l4xx.o
 .debug_info    0x000000000000a290       0x22 Core/Startup/startup_stm32l475vgtx.o
 .debug_info    0x000000000000a2b2      0xc1a Drivers/STM32L4xx_HAL_Driver/Src/stm32l4xx_hal.o
 .debug_info    0x000000000000aecc     0x1e9b Drivers/STM32L4xx_HAL_Driver/Src/stm32l4xx_hal_adc.o
 .debug_info    0x000000000000cd67     0x1c15 Drivers/STM32L4xx_HAL_Driver/Src/stm32l4xx_hal_adc_ex.o
 .debug_info    0x000000000000e97c      0xf67 Drivers/STM32L4xx_HAL_Driver/Src/stm32l4xx_hal_cortex.o
 .debug_info    0x000000000000f8e3      0xbd0 Drivers/STM32L4xx_HAL_Driver/Src/stm32l4xx_hal_dac.o
 .debug_info    0x00000000000104b3      0xacc Drivers/STM32L4xx_HAL_Driver/Src/stm32l4xx_hal_dac_ex.o
 .debug_info    0x0000000000010f7f     0x1ba5 Drivers/STM32L4xx_HAL_Driver/Src/stm32l4xx_hal_dfsdm.o
 .debug_info    0x0000000000012b24      0x8f2 Drivers/STM32L4xx_HAL_Driver/Src/stm32l4xx_hal_dma.o
 .debug_info    0x0000000000013416      0x9c2 Drivers/STM32L4xx_HAL_Driver/Src/stm32l4xx_hal_gpio.o
 .debug_info    0x0000000000013dd8     0x210d Drivers/STM32L4xx_HAL_Driver/Src/stm32l4xx_hal_i2c.o
 .debug_info    0x0000000000015ee5      0xb72 Drivers/STM32L4xx_HAL_Driver/Src/stm32l4xx_hal_i2c_ex.o
 .debug_info    0x0000000000016a57      0xb35 Drivers/STM32L4xx_HAL_Driver/Src/stm32l4xx_hal_pwr_ex.o
 .debug_info    0x000000000001758c     0x12cb Drivers/STM32L4xx_HAL_Driver/Src/stm32l4xx_hal_qspi.o
 .debug_info    0x0000000000018857      0xd2f Drivers/STM32L4xx_HAL_Driver/Src/stm32l4xx_hal_rcc.o
 .debug_info    0x0000000000019586      0xf41 Drivers/STM32L4xx_HAL_Driver/Src/stm32l4xx_hal_rcc_ex.o
 .debug_info    0x000000000001a4c7     0x2a61 Drivers/STM32L4xx_HAL_Driver/Src/stm32l4xx_hal_tim.o
 .debug_info    0x000000000001cf28     0x167e Drivers/STM32L4xx_HAL_Driver/Src/stm32l4xx_hal_tim_ex.o
 .debug_info    0x000000000001e5a6     0x1830 Drivers/STM32L4xx_HAL_Driver/Src/stm32l4xx_hal_uart.o
 .debug_info    0x000000000001fdd6     0x1612 C:\Users\holyc\Documents\EE Semester 9\ECSE 444\B-L475E_Flash_Sample_Ctrl\Core\Lib\libarm_cortexM4lf_math.a(arm_sin_f32.o)
 .debug_info    0x00000000000213e8     0x1a84 C:\Users\holyc\Documents\EE Semester 9\ECSE 444\B-L475E_Flash_Sample_Ctrl\Core\Lib\libarm_cortexM4lf_math.a(arm_common_tables.o)

.debug_abbrev   0x0000000000000000     0x3a03
 .debug_abbrev  0x0000000000000000      0x194 Core/Components/lsm6dsl/lsm6dsl.o
 .debug_abbrev  0x0000000000000194      0x2f8 Core/Src/main.o
 .debug_abbrev  0x000000000000048c      0x26f Core/Src/stm32l475e_iot01.o
 .debug_abbrev  0x00000000000006fb      0x15f Core/Src/stm32l475e_iot01_accelero.o
 .debug_abbrev  0x000000000000085a      0x2aa Core/Src/stm32l475e_iot01_qspi.o
 .debug_abbrev  0x0000000000000b04      0x1e9 Core/Src/stm32l4xx_hal_msp.o
 .debug_abbrev  0x0000000000000ced      0x15a Core/Src/stm32l4xx_it.o
 .debug_abbrev  0x0000000000000e47      0x150 Core/Src/system_stm32l4xx.o
 .debug_abbrev  0x0000000000000f97       0x12 Core/Startup/startup_stm32l475vgtx.o
 .debug_abbrev  0x0000000000000fa9      0x1fb Drivers/STM32L4xx_HAL_Driver/Src/stm32l4xx_hal.o
 .debug_abbrev  0x00000000000011a4      0x25d Drivers/STM32L4xx_HAL_Driver/Src/stm32l4xx_hal_adc.o
 .debug_abbrev  0x0000000000001401      0x27d Drivers/STM32L4xx_HAL_Driver/Src/stm32l4xx_hal_adc_ex.o
 .debug_abbrev  0x000000000000167e      0x2fa Drivers/STM32L4xx_HAL_Driver/Src/stm32l4xx_hal_cortex.o
 .debug_abbrev  0x0000000000001978      0x1cc Drivers/STM32L4xx_HAL_Driver/Src/stm32l4xx_hal_dac.o
 .debug_abbrev  0x0000000000001b44      0x22f Drivers/STM32L4xx_HAL_Driver/Src/stm32l4xx_hal_dac_ex.o
 .debug_abbrev  0x0000000000001d73      0x239 Drivers/STM32L4xx_HAL_Driver/Src/stm32l4xx_hal_dfsdm.o
 .debug_abbrev  0x0000000000001fac      0x1d9 Drivers/STM32L4xx_HAL_Driver/Src/stm32l4xx_hal_dma.o
 .debug_abbrev  0x0000000000002185      0x1c0 Drivers/STM32L4xx_HAL_Driver/Src/stm32l4xx_hal_gpio.o
 .debug_abbrev  0x0000000000002345      0x22a Drivers/STM32L4xx_HAL_Driver/Src/stm32l4xx_hal_i2c.o
 .debug_abbrev  0x000000000000256f      0x1b9 Drivers/STM32L4xx_HAL_Driver/Src/stm32l4xx_hal_i2c_ex.o
 .debug_abbrev  0x0000000000002728      0x1cb Drivers/STM32L4xx_HAL_Driver/Src/stm32l4xx_hal_pwr_ex.o
 .debug_abbrev  0x00000000000028f3      0x21f Drivers/STM32L4xx_HAL_Driver/Src/stm32l4xx_hal_qspi.o
 .debug_abbrev  0x0000000000002b12      0x245 Drivers/STM32L4xx_HAL_Driver/Src/stm32l4xx_hal_rcc.o
 .debug_abbrev  0x0000000000002d57      0x238 Drivers/STM32L4xx_HAL_Driver/Src/stm32l4xx_hal_rcc_ex.o
 .debug_abbrev  0x0000000000002f8f      0x230 Drivers/STM32L4xx_HAL_Driver/Src/stm32l4xx_hal_tim.o
 .debug_abbrev  0x00000000000031bf      0x236 Drivers/STM32L4xx_HAL_Driver/Src/stm32l4xx_hal_tim_ex.o
 .debug_abbrev  0x00000000000033f5      0x205 Drivers/STM32L4xx_HAL_Driver/Src/stm32l4xx_hal_uart.o
 .debug_abbrev  0x00000000000035fa      0x22c C:\Users\holyc\Documents\EE Semester 9\ECSE 444\B-L475E_Flash_Sample_Ctrl\Core\Lib\libarm_cortexM4lf_math.a(arm_sin_f32.o)
 .debug_abbrev  0x0000000000003826      0x1dd C:\Users\holyc\Documents\EE Semester 9\ECSE 444\B-L475E_Flash_Sample_Ctrl\Core\Lib\libarm_cortexM4lf_math.a(arm_common_tables.o)

.debug_aranges  0x0000000000000000     0x1da0
 .debug_aranges
                0x0000000000000000       0x68 Core/Components/lsm6dsl/lsm6dsl.o
 .debug_aranges
                0x0000000000000068       0xb0 Core/Src/main.o
 .debug_aranges
                0x0000000000000118      0x130 Core/Src/stm32l475e_iot01.o
 .debug_aranges
                0x0000000000000248       0x38 Core/Src/stm32l475e_iot01_accelero.o
 .debug_aranges
                0x0000000000000280       0xc0 Core/Src/stm32l475e_iot01_qspi.o
 .debug_aranges
                0x0000000000000340       0xa0 Core/Src/stm32l4xx_hal_msp.o
 .debug_aranges
                0x00000000000003e0       0x80 Core/Src/stm32l4xx_it.o
 .debug_aranges
                0x0000000000000460       0x28 Core/Src/system_stm32l4xx.o
 .debug_aranges
                0x0000000000000488       0x28 Core/Startup/startup_stm32l475vgtx.o
 .debug_aranges
                0x00000000000004b0      0x130 Drivers/STM32L4xx_HAL_Driver/Src/stm32l4xx_hal.o
 .debug_aranges
                0x00000000000005e0      0x220 Drivers/STM32L4xx_HAL_Driver/Src/stm32l4xx_hal_adc.o
 .debug_aranges
                0x0000000000000800      0x1a8 Drivers/STM32L4xx_HAL_Driver/Src/stm32l4xx_hal_adc_ex.o
 .debug_aranges
                0x00000000000009a8      0x118 Drivers/STM32L4xx_HAL_Driver/Src/stm32l4xx_hal_cortex.o
 .debug_aranges
                0x0000000000000ac0       0xc0 Drivers/STM32L4xx_HAL_Driver/Src/stm32l4xx_hal_dac.o
 .debug_aranges
                0x0000000000000b80       0x88 Drivers/STM32L4xx_HAL_Driver/Src/stm32l4xx_hal_dac_ex.o
 .debug_aranges
                0x0000000000000c08      0x248 Drivers/STM32L4xx_HAL_Driver/Src/stm32l4xx_hal_dfsdm.o
 .debug_aranges
                0x0000000000000e50       0x80 Drivers/STM32L4xx_HAL_Driver/Src/stm32l4xx_hal_dma.o
 .debug_aranges
                0x0000000000000ed0       0x58 Drivers/STM32L4xx_HAL_Driver/Src/stm32l4xx_hal_gpio.o
 .debug_aranges
                0x0000000000000f28      0x290 Drivers/STM32L4xx_HAL_Driver/Src/stm32l4xx_hal_i2c.o
 .debug_aranges
                0x00000000000011b8       0x48 Drivers/STM32L4xx_HAL_Driver/Src/stm32l4xx_hal_i2c_ex.o
 .debug_aranges
                0x0000000000001200      0x150 Drivers/STM32L4xx_HAL_Driver/Src/stm32l4xx_hal_pwr_ex.o
 .debug_aranges
                0x0000000000001350      0x160 Drivers/STM32L4xx_HAL_Driver/Src/stm32l4xx_hal_qspi.o
 .debug_aranges
                0x00000000000014b0       0x88 Drivers/STM32L4xx_HAL_Driver/Src/stm32l4xx_hal_rcc.o
 .debug_aranges
                0x0000000000001538       0xc0 Drivers/STM32L4xx_HAL_Driver/Src/stm32l4xx_hal_rcc_ex.o
 .debug_aranges
                0x00000000000015f8      0x3e0 Drivers/STM32L4xx_HAL_Driver/Src/stm32l4xx_hal_tim.o
 .debug_aranges
                0x00000000000019d8      0x180 Drivers/STM32L4xx_HAL_Driver/Src/stm32l4xx_hal_tim_ex.o
 .debug_aranges
                0x0000000000001b58      0x210 Drivers/STM32L4xx_HAL_Driver/Src/stm32l4xx_hal_uart.o
 .debug_aranges
                0x0000000000001d68       0x20 C:\Users\holyc\Documents\EE Semester 9\ECSE 444\B-L475E_Flash_Sample_Ctrl\Core\Lib\libarm_cortexM4lf_math.a(arm_sin_f32.o)
 .debug_aranges
                0x0000000000001d88       0x18 C:\Users\holyc\Documents\EE Semester 9\ECSE 444\B-L475E_Flash_Sample_Ctrl\Core\Lib\libarm_cortexM4lf_math.a(arm_common_tables.o)

.debug_ranges   0x0000000000000000     0x1bd0
 .debug_ranges  0x0000000000000000       0x58 Core/Components/lsm6dsl/lsm6dsl.o
 .debug_ranges  0x0000000000000058       0xa0 Core/Src/main.o
 .debug_ranges  0x00000000000000f8      0x120 Core/Src/stm32l475e_iot01.o
 .debug_ranges  0x0000000000000218       0x28 Core/Src/stm32l475e_iot01_accelero.o
 .debug_ranges  0x0000000000000240       0xb0 Core/Src/stm32l475e_iot01_qspi.o
 .debug_ranges  0x00000000000002f0       0x90 Core/Src/stm32l4xx_hal_msp.o
 .debug_ranges  0x0000000000000380       0x70 Core/Src/stm32l4xx_it.o
 .debug_ranges  0x00000000000003f0       0x18 Core/Src/system_stm32l4xx.o
 .debug_ranges  0x0000000000000408       0x20 Core/Startup/startup_stm32l475vgtx.o
 .debug_ranges  0x0000000000000428      0x120 Drivers/STM32L4xx_HAL_Driver/Src/stm32l4xx_hal.o
 .debug_ranges  0x0000000000000548      0x210 Drivers/STM32L4xx_HAL_Driver/Src/stm32l4xx_hal_adc.o
 .debug_ranges  0x0000000000000758      0x198 Drivers/STM32L4xx_HAL_Driver/Src/stm32l4xx_hal_adc_ex.o
 .debug_ranges  0x00000000000008f0      0x108 Drivers/STM32L4xx_HAL_Driver/Src/stm32l4xx_hal_cortex.o
 .debug_ranges  0x00000000000009f8       0xb0 Drivers/STM32L4xx_HAL_Driver/Src/stm32l4xx_hal_dac.o
 .debug_ranges  0x0000000000000aa8       0x78 Drivers/STM32L4xx_HAL_Driver/Src/stm32l4xx_hal_dac_ex.o
 .debug_ranges  0x0000000000000b20      0x238 Drivers/STM32L4xx_HAL_Driver/Src/stm32l4xx_hal_dfsdm.o
 .debug_ranges  0x0000000000000d58       0x70 Drivers/STM32L4xx_HAL_Driver/Src/stm32l4xx_hal_dma.o
 .debug_ranges  0x0000000000000dc8       0x48 Drivers/STM32L4xx_HAL_Driver/Src/stm32l4xx_hal_gpio.o
 .debug_ranges  0x0000000000000e10      0x280 Drivers/STM32L4xx_HAL_Driver/Src/stm32l4xx_hal_i2c.o
 .debug_ranges  0x0000000000001090       0x38 Drivers/STM32L4xx_HAL_Driver/Src/stm32l4xx_hal_i2c_ex.o
 .debug_ranges  0x00000000000010c8      0x140 Drivers/STM32L4xx_HAL_Driver/Src/stm32l4xx_hal_pwr_ex.o
 .debug_ranges  0x0000000000001208      0x150 Drivers/STM32L4xx_HAL_Driver/Src/stm32l4xx_hal_qspi.o
 .debug_ranges  0x0000000000001358       0x78 Drivers/STM32L4xx_HAL_Driver/Src/stm32l4xx_hal_rcc.o
 .debug_ranges  0x00000000000013d0       0xb0 Drivers/STM32L4xx_HAL_Driver/Src/stm32l4xx_hal_rcc_ex.o
 .debug_ranges  0x0000000000001480      0x3d0 Drivers/STM32L4xx_HAL_Driver/Src/stm32l4xx_hal_tim.o
 .debug_ranges  0x0000000000001850      0x170 Drivers/STM32L4xx_HAL_Driver/Src/stm32l4xx_hal_tim_ex.o
 .debug_ranges  0x00000000000019c0      0x200 Drivers/STM32L4xx_HAL_Driver/Src/stm32l4xx_hal_uart.o
 .debug_ranges  0x0000000000001bc0       0x10 C:\Users\holyc\Documents\EE Semester 9\ECSE 444\B-L475E_Flash_Sample_Ctrl\Core\Lib\libarm_cortexM4lf_math.a(arm_sin_f32.o)

.debug_macro    0x0000000000000000    0x2a815
 .debug_macro   0x0000000000000000       0x86 Core/Components/lsm6dsl/lsm6dsl.o
 .debug_macro   0x0000000000000086      0x428 Core/Components/lsm6dsl/lsm6dsl.o
 .debug_macro   0x00000000000004ae      0x48c Core/Src/main.o
 .debug_macro   0x000000000000093a      0x1c5 Core/Src/main.o
 .debug_macro   0x0000000000000aff       0x2e Core/Src/main.o
 .debug_macro   0x0000000000000b2d       0x28 Core/Src/main.o
 .debug_macro   0x0000000000000b55       0x1c Core/Src/main.o
 .debug_macro   0x0000000000000b71       0x22 Core/Src/main.o
 .debug_macro   0x0000000000000b93      0x101 Core/Src/main.o
 .debug_macro   0x0000000000000c94     0x1011 Core/Src/main.o
 .debug_macro   0x0000000000001ca5      0x11f Core/Src/main.o
 .debug_macro   0x0000000000001dc4    0x19db6 Core/Src/main.o
 .debug_macro   0x000000000001bb7a       0x43 Core/Src/main.o
 .debug_macro   0x000000000001bbbd     0x3890 Core/Src/main.o
 .debug_macro   0x000000000001f44d      0x174 Core/Src/main.o
 .debug_macro   0x000000000001f5c1       0x5c Core/Src/main.o
 .debug_macro   0x000000000001f61d     0x1519 Core/Src/main.o
 .debug_macro   0x0000000000020b36      0x59e Core/Src/main.o
 .debug_macro   0x00000000000210d4      0x13d Core/Src/main.o
 .debug_macro   0x0000000000021211      0x17d Core/Src/main.o
 .debug_macro   0x000000000002138e      0x26b Core/Src/main.o
 .debug_macro   0x00000000000215f9      0x29c Core/Src/main.o
 .debug_macro   0x0000000000021895      0x23d Core/Src/main.o
 .debug_macro   0x0000000000021ad2      0xf83 Core/Src/main.o
 .debug_macro   0x0000000000022a55      0x632 Core/Src/main.o
 .debug_macro   0x0000000000023087      0x30c Core/Src/main.o
 .debug_macro   0x0000000000023393      0x153 Core/Src/main.o
 .debug_macro   0x00000000000234e6       0xd8 Core/Src/main.o
 .debug_macro   0x00000000000235be      0x241 Core/Src/main.o
 .debug_macro   0x00000000000237ff      0x37c Core/Src/main.o
 .debug_macro   0x0000000000023b7b       0xd6 Core/Src/main.o
 .debug_macro   0x0000000000023c51      0x22c Core/Src/main.o
 .debug_macro   0x0000000000023e7d       0x61 Core/Src/main.o
 .debug_macro   0x0000000000023ede       0xa5 Core/Src/main.o
 .debug_macro   0x0000000000023f83      0x122 Core/Src/main.o
 .debug_macro   0x00000000000240a5      0x3e9 Core/Src/main.o
 .debug_macro   0x000000000002448e      0x2a3 Core/Src/main.o
 .debug_macro   0x0000000000024731      0xa75 Core/Src/main.o
 .debug_macro   0x00000000000251a6      0x1e7 Core/Src/main.o
 .debug_macro   0x000000000002538d      0x59e Core/Src/main.o
 .debug_macro   0x000000000002592b       0x44 Core/Src/main.o
 .debug_macro   0x000000000002596f      0x331 Core/Src/main.o
 .debug_macro   0x0000000000025ca0       0x2e Core/Src/main.o
 .debug_macro   0x0000000000025cce       0x46 Core/Src/main.o
 .debug_macro   0x0000000000025d14       0x18 Core/Src/main.o
 .debug_macro   0x0000000000025d2c       0x3c Core/Src/main.o
 .debug_macro   0x0000000000025d68       0x34 Core/Src/main.o
 .debug_macro   0x0000000000025d9c       0x16 Core/Src/main.o
 .debug_macro   0x0000000000025db2       0x35 Core/Src/main.o
 .debug_macro   0x0000000000025de7      0x32a Core/Src/main.o
 .debug_macro   0x0000000000026111       0x10 Core/Src/main.o
 .debug_macro   0x0000000000026121       0x52 Core/Src/main.o
 .debug_macro   0x0000000000026173       0x1f Core/Src/main.o
 .debug_macro   0x0000000000026192       0x43 Core/Src/main.o
 .debug_macro   0x00000000000261d5       0x20 Core/Src/main.o
 .debug_macro   0x00000000000261f5      0x1a3 Core/Src/main.o
 .debug_macro   0x0000000000026398       0x10 Core/Src/main.o
 .debug_macro   0x00000000000263a8       0x1c Core/Src/main.o
 .debug_macro   0x00000000000263c4       0x52 Core/Src/main.o
 .debug_macro   0x0000000000026416       0x40 Core/Src/main.o
 .debug_macro   0x0000000000026456       0x10 Core/Src/main.o
 .debug_macro   0x0000000000026466       0x40 Core/Src/main.o
 .debug_macro   0x00000000000264a6       0xd7 Core/Src/main.o
 .debug_macro   0x000000000002657d       0x1c Core/Src/main.o
 .debug_macro   0x0000000000026599       0x3d Core/Src/main.o
 .debug_macro   0x00000000000265d6       0x16 Core/Src/main.o
 .debug_macro   0x00000000000265ec      0x145 Core/Src/main.o
 .debug_macro   0x0000000000026731       0x16 Core/Src/main.o
 .debug_macro   0x0000000000026747       0x20 Core/Src/main.o
 .debug_macro   0x0000000000026767      0x1c0 Core/Src/main.o
 .debug_macro   0x0000000000026927      0x1a3 Core/Src/main.o
 .debug_macro   0x0000000000026aca       0x22 Core/Src/main.o
 .debug_macro   0x0000000000026aec      0x1e1 Core/Src/main.o
 .debug_macro   0x0000000000026ccd      0x201 Core/Src/main.o
 .debug_macro   0x0000000000026ece       0xc8 Core/Src/main.o
 .debug_macro   0x0000000000026f96      0x251 Core/Src/stm32l475e_iot01.o
 .debug_macro   0x00000000000271e7      0x1ba Core/Src/stm32l475e_iot01.o
 .debug_macro   0x00000000000273a1      0x264 Core/Src/stm32l475e_iot01_accelero.o
 .debug_macro   0x0000000000027605      0x254 Core/Src/stm32l475e_iot01_qspi.o
 .debug_macro   0x0000000000027859      0x233 Core/Src/stm32l4xx_hal_msp.o
 .debug_macro   0x0000000000027a8c      0x23d Core/Src/stm32l4xx_it.o
 .debug_macro   0x0000000000027cc9      0x22a Core/Src/system_stm32l4xx.o
 .debug_macro   0x0000000000027ef3      0x272 Drivers/STM32L4xx_HAL_Driver/Src/stm32l4xx_hal.o
 .debug_macro   0x0000000000028165      0x241 Drivers/STM32L4xx_HAL_Driver/Src/stm32l4xx_hal_adc.o
 .debug_macro   0x00000000000283a6      0x230 Drivers/STM32L4xx_HAL_Driver/Src/stm32l4xx_hal_adc_ex.o
 .debug_macro   0x00000000000285d6      0x224 Drivers/STM32L4xx_HAL_Driver/Src/stm32l4xx_hal_cortex.o
 .debug_macro   0x00000000000287fa      0x233 Drivers/STM32L4xx_HAL_Driver/Src/stm32l4xx_hal_dac.o
 .debug_macro   0x0000000000028a2d      0x224 Drivers/STM32L4xx_HAL_Driver/Src/stm32l4xx_hal_dac_ex.o
 .debug_macro   0x0000000000028c51      0x248 Drivers/STM32L4xx_HAL_Driver/Src/stm32l4xx_hal_dfsdm.o
 .debug_macro   0x0000000000028e99      0x224 Drivers/STM32L4xx_HAL_Driver/Src/stm32l4xx_hal_dma.o
 .debug_macro   0x00000000000290bd      0x263 Drivers/STM32L4xx_HAL_Driver/Src/stm32l4xx_hal_gpio.o
 .debug_macro   0x0000000000029320      0x2e9 Drivers/STM32L4xx_HAL_Driver/Src/stm32l4xx_hal_i2c.o
 .debug_macro   0x0000000000029609      0x224 Drivers/STM32L4xx_HAL_Driver/Src/stm32l4xx_hal_i2c_ex.o
 .debug_macro   0x000000000002982d      0x248 Drivers/STM32L4xx_HAL_Driver/Src/stm32l4xx_hal_pwr_ex.o
 .debug_macro   0x0000000000029a75      0x248 Drivers/STM32L4xx_HAL_Driver/Src/stm32l4xx_hal_qspi.o
 .debug_macro   0x0000000000029cbd      0x266 Drivers/STM32L4xx_HAL_Driver/Src/stm32l4xx_hal_rcc.o
 .debug_macro   0x0000000000029f23      0x25a Drivers/STM32L4xx_HAL_Driver/Src/stm32l4xx_hal_rcc_ex.o
 .debug_macro   0x000000000002a17d      0x225 Drivers/STM32L4xx_HAL_Driver/Src/stm32l4xx_hal_tim.o
 .debug_macro   0x000000000002a3a2      0x224 Drivers/STM32L4xx_HAL_Driver/Src/stm32l4xx_hal_tim_ex.o
 .debug_macro   0x000000000002a5c6      0x24f Drivers/STM32L4xx_HAL_Driver/Src/stm32l4xx_hal_uart.o

.debug_line     0x0000000000000000    0x16d4a
 .debug_line    0x0000000000000000      0x503 Core/Components/lsm6dsl/lsm6dsl.o
 .debug_line    0x0000000000000503      0xdb8 Core/Src/main.o
 .debug_line    0x00000000000012bb      0xab4 Core/Src/stm32l475e_iot01.o
 .debug_line    0x0000000000001d6f      0x8a3 Core/Src/stm32l475e_iot01_accelero.o
 .debug_line    0x0000000000002612      0xb43 Core/Src/stm32l475e_iot01_qspi.o
 .debug_line    0x0000000000003155      0x934 Core/Src/stm32l4xx_hal_msp.o
 .debug_line    0x0000000000003a89      0x888 Core/Src/stm32l4xx_it.o
 .debug_line    0x0000000000004311      0x7c7 Core/Src/system_stm32l4xx.o
 .debug_line    0x0000000000004ad8       0x87 Core/Startup/startup_stm32l475vgtx.o
 .debug_line    0x0000000000004b5f      0xa3d Drivers/STM32L4xx_HAL_Driver/Src/stm32l4xx_hal.o
 .debug_line    0x000000000000559c     0x1575 Drivers/STM32L4xx_HAL_Driver/Src/stm32l4xx_hal_adc.o
 .debug_line    0x0000000000006b11     0x126e Drivers/STM32L4xx_HAL_Driver/Src/stm32l4xx_hal_adc_ex.o
 .debug_line    0x0000000000007d7f      0xac5 Drivers/STM32L4xx_HAL_Driver/Src/stm32l4xx_hal_cortex.o
 .debug_line    0x0000000000008844      0x9fc Drivers/STM32L4xx_HAL_Driver/Src/stm32l4xx_hal_dac.o
 .debug_line    0x0000000000009240      0x964 Drivers/STM32L4xx_HAL_Driver/Src/stm32l4xx_hal_dac_ex.o
 .debug_line    0x0000000000009ba4     0x120e Drivers/STM32L4xx_HAL_Driver/Src/stm32l4xx_hal_dfsdm.o
 .debug_line    0x000000000000adb2      0x9c0 Drivers/STM32L4xx_HAL_Driver/Src/stm32l4xx_hal_dma.o
 .debug_line    0x000000000000b772      0x958 Drivers/STM32L4xx_HAL_Driver/Src/stm32l4xx_hal_gpio.o
 .debug_line    0x000000000000c0ca     0x1b7f Drivers/STM32L4xx_HAL_Driver/Src/stm32l4xx_hal_i2c.o
 .debug_line    0x000000000000dc49      0x8e0 Drivers/STM32L4xx_HAL_Driver/Src/stm32l4xx_hal_i2c_ex.o
 .debug_line    0x000000000000e529      0xb51 Drivers/STM32L4xx_HAL_Driver/Src/stm32l4xx_hal_pwr_ex.o
 .debug_line    0x000000000000f07a      0xde9 Drivers/STM32L4xx_HAL_Driver/Src/stm32l4xx_hal_qspi.o
 .debug_line    0x000000000000fe63      0xab4 Drivers/STM32L4xx_HAL_Driver/Src/stm32l4xx_hal_rcc.o
 .debug_line    0x0000000000010917      0xd4a Drivers/STM32L4xx_HAL_Driver/Src/stm32l4xx_hal_rcc_ex.o
 .debug_line    0x0000000000011661     0x285d Drivers/STM32L4xx_HAL_Driver/Src/stm32l4xx_hal_tim.o
 .debug_line    0x0000000000013ebe     0x162d Drivers/STM32L4xx_HAL_Driver/Src/stm32l4xx_hal_tim_ex.o
 .debug_line    0x00000000000154eb     0x134c Drivers/STM32L4xx_HAL_Driver/Src/stm32l4xx_hal_uart.o
 .debug_line    0x0000000000016837      0x2d0 C:\Users\holyc\Documents\EE Semester 9\ECSE 444\B-L475E_Flash_Sample_Ctrl\Core\Lib\libarm_cortexM4lf_math.a(arm_sin_f32.o)
 .debug_line    0x0000000000016b07      0x243 C:\Users\holyc\Documents\EE Semester 9\ECSE 444\B-L475E_Flash_Sample_Ctrl\Core\Lib\libarm_cortexM4lf_math.a(arm_common_tables.o)

.debug_str      0x0000000000000000   0x112a50
 .debug_str     0x0000000000000000     0x52f3 Core/Components/lsm6dsl/lsm6dsl.o
                                       0x54a7 (size before relaxing)
 .debug_str     0x00000000000052f3   0x1059c1 Core/Src/main.o
                                     0x10b5db (size before relaxing)
 .debug_str     0x000000000010acb4      0x576 Core/Src/stm32l475e_iot01.o
                                     0x102e4e (size before relaxing)
 .debug_str     0x000000000010b22a      0x14e Core/Src/stm32l475e_iot01_accelero.o
                                     0x1034a0 (size before relaxing)
 .debug_str     0x000000000010b378      0x426 Core/Src/stm32l475e_iot01_qspi.o
                                     0x1020c2 (size before relaxing)
 .debug_str     0x000000000010b79e      0x1aa Core/Src/stm32l4xx_hal_msp.o
                                     0x102b5f (size before relaxing)
 .debug_str     0x000000000010b948      0x114 Core/Src/stm32l4xx_it.o
                                     0x101584 (size before relaxing)
 .debug_str     0x000000000010ba5c       0xcd Core/Src/system_stm32l4xx.o
                                     0x1010d2 (size before relaxing)
 .debug_str     0x000000000010bb29       0x36 Core/Startup/startup_stm32l475vgtx.o
                                         0x86 (size before relaxing)
 .debug_str     0x000000000010bb5f      0x58a Drivers/STM32L4xx_HAL_Driver/Src/stm32l4xx_hal.o
                                     0x101bad (size before relaxing)
 .debug_str     0x000000000010c0e9      0x9cb Drivers/STM32L4xx_HAL_Driver/Src/stm32l4xx_hal_adc.o
                                     0x101e25 (size before relaxing)
 .debug_str     0x000000000010cab4      0x705 Drivers/STM32L4xx_HAL_Driver/Src/stm32l4xx_hal_adc_ex.o
                                     0x101e08 (size before relaxing)
 .debug_str     0x000000000010d1b9      0x37f Drivers/STM32L4xx_HAL_Driver/Src/stm32l4xx_hal_cortex.o
                                     0x10191d (size before relaxing)
 .debug_str     0x000000000010d538      0x1c3 Drivers/STM32L4xx_HAL_Driver/Src/stm32l4xx_hal_dac.o
                                     0x101508 (size before relaxing)
 .debug_str     0x000000000010d6fb      0x1e8 Drivers/STM32L4xx_HAL_Driver/Src/stm32l4xx_hal_dac_ex.o
                                     0x1014bd (size before relaxing)
 .debug_str     0x000000000010d8e3      0x8be Drivers/STM32L4xx_HAL_Driver/Src/stm32l4xx_hal_dfsdm.o
                                     0x101f9b (size before relaxing)
 .debug_str     0x000000000010e1a1      0x253 Drivers/STM32L4xx_HAL_Driver/Src/stm32l4xx_hal_dma.o
                                     0x10132a (size before relaxing)
 .debug_str     0x000000000010e3f4      0x228 Drivers/STM32L4xx_HAL_Driver/Src/stm32l4xx_hal_gpio.o
                                     0x101351 (size before relaxing)
 .debug_str     0x000000000010e61c      0xd28 Drivers/STM32L4xx_HAL_Driver/Src/stm32l4xx_hal_i2c.o
                                     0x1021e3 (size before relaxing)
 .debug_str     0x000000000010f344       0xb8 Drivers/STM32L4xx_HAL_Driver/Src/stm32l4xx_hal_i2c_ex.o
                                     0x1015db (size before relaxing)
 .debug_str     0x000000000010f3fc      0x49f Drivers/STM32L4xx_HAL_Driver/Src/stm32l4xx_hal_pwr_ex.o
                                     0x1015ed (size before relaxing)
 .debug_str     0x000000000010f89b      0x582 Drivers/STM32L4xx_HAL_Driver/Src/stm32l4xx_hal_qspi.o
                                     0x1019b1 (size before relaxing)