main.c:130:5:main	32	static
main.c:323:6:SystemClock_Config	232	static
main.c:389:13:MX_ADC1_Init	48	static
main.c:453:13:MX_DAC1_Init	48	static
main.c:494:13:MX_I2C2_Init	8	static
main.c:540:13:MX_QUADSPI_Init	8	static
main.c:573:13:MX_TIM2_Init	40	static
main.c:618:13:MX_USART1_UART_Init	8	static
main.c:651:13:MX_DMA_Init	16	static
main.c:669:13:MX_GPIO_Init	48	static
main.c:713:6:GenerateTone	48	static
main.c:725:7:MapFreqVal	24	static
main.c:743:7:MapModifVal	24	static
main.c:765:6:ModifyRecFreq	56	static
main.c:797:6:HAL_DAC_ConvHalfCpltCallbackCh1	16	static
main.c:803:6:HAL_DAC_ConvCpltCallbackCh1	16	static
main.c:815:6:Error_Handler	8	static,ignoring_inline_asm
