main.c:141:5:main	40	static
main.c:369:6:SystemClock_Config	232	static
main.c:436:13:MX_ADC1_Init	48	static
main.c:500:13:MX_DAC1_Init	48	static
main.c:541:13:MX_DFSDM1_Init	8	static
main.c:594:13:MX_I2C2_Init	8	static
main.c:640:13:MX_QUADSPI_Init	8	static
main.c:673:13:MX_TIM2_Init	40	static
main.c:718:13:MX_USART1_UART_Init	8	static
main.c:751:13:MX_DMA_Init	16	static
main.c:772:13:MX_GPIO_Init	48	static
main.c:816:6:GenerateTone	48	static
main.c:828:7:MapFreqVal	24	static
main.c:846:7:MapModifVal	24	static
main.c:868:6:ModifyRecFreq	56	static
main.c:900:6:HAL_DAC_ConvHalfCpltCallbackCh1	16	static
main.c:906:6:HAL_DAC_ConvCpltCallbackCh1	16	static
main.c:912:6:HAL_DFSDM_FilterRegConvCpltCallback	16	static
main.c:924:6:Error_Handler	8	static,ignoring_inline_asm
